mysqli Query Error
	Error Message: Failed executing database query
Date/Time: 2019-09-04 14:37:27
Query: select job_id from sob_jobs
mysqli Error: Table 'sobhanso_qd.sob_jobs' doesn't exist
---------
mysqli Query Error
	Error Message: Failed executing database query
Date/Time: 2019-09-04 14:37:27
Query: select job_id from sob_jobs
mysqli Error: Table 'sobhanso_qd.sob_jobs' doesn't exist
---------
mysqli Query Error
	Error Message: Failed executing database query
Date/Time: 2019-09-04 14:37:26
Query: select job_id from sob_jobs
mysqli Error: Table 'sobhanso_qd.sob_jobs' doesn't exist
---------
mysqli Query Error
	Error Message: Failed executing database query
Date/Time: 2019-09-04 14:37:26
Query: select job_id from sob_jobs
mysqli Error: Table 'sobhanso_qd.sob_jobs' doesn't exist
---------
mysqli Query Error
	Error Message: Failed executing database query
Date/Time: 2019-09-04 12:17:09
Query: select job_id from sob_jobs
mysqli Error: Table 'sobhanso_qd.sob_jobs' doesn't exist
---------
mysqli Query Error
	Error Message: Failed executing database query
Date/Time: 2019-09-04 12:17:09
Query: select job_id from sob_jobs
mysqli Error: Table 'sobhanso_qd.sob_jobs' doesn't exist
---------
mysqli Query Error
	Error Message: Failed executing database query
Date/Time: 2019-09-04 12:17:02
Query: select job_id from sob_jobs
mysqli Error: Table 'sobhanso_qd.sob_jobs' doesn't exist
---------
mysqli Query Error
	Error Message: Failed executing database query
Date/Time: 2019-09-04 12:17:02
Query: select job_id from sob_jobs
mysqli Error: Table 'sobhanso_qd.sob_jobs' doesn't exist
---------
mysqli Query Error
	Error Message: Failed executing database query
Date/Time: 2019-09-04 12:16:59
Query: select job_id from sob_jobs
mysqli Error: Table 'sobhanso_qd.sob_jobs' doesn't exist
---------
mysqli Query Error
	Error Message: Failed executing database query
Date/Time: 2019-09-04 12:16:59
Query: select job_id from sob_jobs
mysqli Error: Table 'sobhanso_qd.sob_jobs' doesn't exist
---------
mysqli Query Error
	Error Message: Failed executing database query
Date/Time: 2019-09-04 12:16:51
Query: select job_id from sob_jobs
mysqli Error: Table 'sobhanso_qd.sob_jobs' doesn't exist
---------
mysqli Query Error
	Error Message: Failed executing database query
Date/Time: 2019-09-04 12:16:51
Query: select job_id from sob_jobs
mysqli Error: Table 'sobhanso_qd.sob_jobs' doesn't exist
---------
mysqli Query Error
	Error Message: Failed executing database query
Date/Time: 2019-09-04 12:16:30
Query: select job_id from sob_jobs
mysqli Error: Table 'sobhanso_qd.sob_jobs' doesn't exist
---------
mysqli Query Error
	Error Message: Failed executing database query
Date/Time: 2019-09-04 12:16:30
Query: select job_id from sob_jobs
mysqli Error: Table 'sobhanso_qd.sob_jobs' doesn't exist
---------
mysqli Query Error
	Error Message: Failed executing database query
Date/Time: 2019-09-04 12:16:19
Query: select job_id from sob_jobs
mysqli Error: Table 'sobhanso_qd.sob_jobs' doesn't exist
---------
mysqli Query Error
	Error Message: Failed executing database query
Date/Time: 2019-09-04 12:16:19
Query: select job_id from sob_jobs
mysqli Error: Table 'sobhanso_qd.sob_jobs' doesn't exist
---------
mysqli Query Error
	Error Message: Failed executing database query
Date/Time: 2019-09-04 12:16:14
Query: select job_id from sob_jobs
mysqli Error: Table 'sobhanso_qd.sob_jobs' doesn't exist
---------
mysqli Query Error
	Error Message: Failed executing database query
Date/Time: 2019-09-04 12:16:14
Query: select job_id from sob_jobs
mysqli Error: Table 'sobhanso_qd.sob_jobs' doesn't exist
---------
mysqli Query Error
	Error Message: Failed executing database query
Date/Time: 2019-09-04 12:13:37
Query: select job_id from sob_jobs
mysqli Error: Table 'sobhanso_qd.sob_jobs' doesn't exist
---------
mysqli Query Error
	Error Message: Failed executing database query
Date/Time: 2019-09-04 12:13:37
Query: select job_id from sob_jobs
mysqli Error: Table 'sobhanso_qd.sob_jobs' doesn't exist
---------
mysqli Query Error
	Error Message: Failed executing database query
Date/Time: 2019-09-04 12:13:19
Query: select job_id from sob_jobs
mysqli Error: Table 'sobhanso_qd.sob_jobs' doesn't exist
---------
mysqli Query Error
	Error Message: Failed executing database query
Date/Time: 2019-09-04 12:13:19
Query: select job_id from sob_jobs
mysqli Error: Table 'sobhanso_qd.sob_jobs' doesn't exist
---------
mysqli Query Error
	Error Message: Failed executing database query
Date/Time: 2019-09-01 15:17:47
Query: select job_id from sob_jobs
mysqli Error: Table 'sobhanso_qd.sob_jobs' doesn't exist
---------
mysqli Query Error
	Error Message: Failed executing database query
Date/Time: 2019-09-01 15:17:47
Query: select job_id from sob_jobs
mysqli Error: Table 'sobhanso_qd.sob_jobs' doesn't exist
---------
mysqli Query Error
	Error Message: Failed executing database query
Date/Time: 2019-09-01 15:17:46
Query: select job_id from sob_jobs
mysqli Error: Table 'sobhanso_qd.sob_jobs' doesn't exist
---------
mysqli Query Error
	Error Message: Failed executing database query
Date/Time: 2019-09-01 15:17:46
Query: select job_id from sob_jobs
mysqli Error: Table 'sobhanso_qd.sob_jobs' doesn't exist
---------
mysqli Query Error
	Error Message: Failed executing database query
Date/Time: 2019-09-01 15:17:46
Query: select job_id from sob_jobs
mysqli Error: Table 'sobhanso_qd.sob_jobs' doesn't exist
---------
mysqli Query Error
	Error Message: Failed executing database query
Date/Time: 2019-09-01 15:17:46
Query: select job_id from sob_jobs
mysqli Error: Table 'sobhanso_qd.sob_jobs' doesn't exist
---------
mysqli Query Error
	Error Message: Failed executing database query
Date/Time: 2019-09-01 15:17:45
Query: select job_id from sob_jobs
mysqli Error: Table 'sobhanso_qd.sob_jobs' doesn't exist
---------
mysqli Query Error
	Error Message: Failed executing database query
Date/Time: 2019-09-01 15:17:45
Query: select job_id from sob_jobs
mysqli Error: Table 'sobhanso_qd.sob_jobs' doesn't exist
---------
mysqli Query Error
	Error Message: Failed executing database query
Date/Time: 2019-09-01 15:17:43
Query: select job_id from sob_jobs
mysqli Error: Table 'sobhanso_qd.sob_jobs' doesn't exist
---------
mysqli Query Error
	Error Message: Failed executing database query
Date/Time: 2019-09-01 15:17:43
Query: select job_id from sob_jobs
mysqli Error: Table 'sobhanso_qd.sob_jobs' doesn't exist
---------
mysqli Query Error
	Error Message: Failed executing database query
Date/Time: 2019-09-01 13:54:36
Query: select job_id from sob_jobs
mysqli Error: Table 'sobhanso_qd.sob_jobs' doesn't exist
---------
mysqli Query Error
	Error Message: Failed executing database query
Date/Time: 2019-09-01 13:54:36
Query: select job_id from sob_jobs
mysqli Error: Table 'sobhanso_qd.sob_jobs' doesn't exist
---------
mysqli Query Error
	Error Message: Failed executing database query
Date/Time: 2019-09-01 13:54:33
Query: select job_id from sob_jobs
mysqli Error: Table 'sobhanso_qd.sob_jobs' doesn't exist
---------
mysqli Query Error
	Error Message: Failed executing database query
Date/Time: 2019-09-01 13:54:33
Query: select job_id from sob_jobs
mysqli Error: Table 'sobhanso_qd.sob_jobs' doesn't exist
---------
mysqli Query Error
	Error Message: Failed executing database query
Date/Time: 2019-09-01 13:54:21
Query: select job_id from sob_jobs
mysqli Error: Table 'sobhanso_qd.sob_jobs' doesn't exist
---------
mysqli Query Error
	Error Message: Failed executing database query
Date/Time: 2019-09-01 13:54:21
Query: select job_id from sob_jobs
mysqli Error: Table 'sobhanso_qd.sob_jobs' doesn't exist
---------
mysqli Query Error
	Error Message: Failed executing database query
Date/Time: 2019-09-01 13:54:16
Query: select job_id from sob_jobs
mysqli Error: Table 'sobhanso_qd.sob_jobs' doesn't exist
---------
mysqli Query Error
	Error Message: Failed executing database query
Date/Time: 2019-09-01 13:54:16
Query: select job_id from sob_jobs
mysqli Error: Table 'sobhanso_qd.sob_jobs' doesn't exist
---------
mysqli Query Error
	Error Message: Failed executing database query
Date/Time: 2019-09-01 13:54:08
Query: select job_id from sob_jobs
mysqli Error: Table 'sobhanso_qd.sob_jobs' doesn't exist
---------
mysqli Query Error
	Error Message: Failed executing database query
Date/Time: 2019-09-01 13:54:08
Query: select job_id from sob_jobs
mysqli Error: Table 'sobhanso_qd.sob_jobs' doesn't exist
---------
mysqli Query Error
	Error Message: Failed executing database query
Date/Time: 2019-09-01 13:52:58
Query: select job_id from sob_jobs
mysqli Error: Table 'sobhanso_qd.sob_jobs' doesn't exist
---------
mysqli Query Error
	Error Message: Failed executing database query
Date/Time: 2019-09-01 13:52:58
Query: select job_id from sob_jobs
mysqli Error: Table 'sobhanso_qd.sob_jobs' doesn't exist
---------
mysqli Query Error
	Error Message: Failed executing database query
Date/Time: 2019-09-01 13:52:56
Query: select job_id from sob_jobs
mysqli Error: Table 'sobhanso_qd.sob_jobs' doesn't exist
---------
mysqli Query Error
	Error Message: Failed executing database query
Date/Time: 2019-09-01 13:52:56
Query: select job_id from sob_jobs
mysqli Error: Table 'sobhanso_qd.sob_jobs' doesn't exist
---------
mysqli Query Error
	Error Message: Failed executing database query
Date/Time: 2019-09-01 13:52:47
Query: select job_id from sob_jobs
mysqli Error: Table 'sobhanso_qd.sob_jobs' doesn't exist
---------
mysqli Query Error
	Error Message: Failed executing database query
Date/Time: 2019-09-01 13:52:47
Query: select job_id from sob_jobs
mysqli Error: Table 'sobhanso_qd.sob_jobs' doesn't exist
---------
mysqli Query Error
	Error Message: Failed executing database query
Date/Time: 2019-09-01 13:52:40
Query: select job_id from sob_jobs
mysqli Error: Table 'sobhanso_qd.sob_jobs' doesn't exist
---------
mysqli Query Error
	Error Message: Failed executing database query
Date/Time: 2019-09-01 13:52:40
Query: select job_id from sob_jobs
mysqli Error: Table 'sobhanso_qd.sob_jobs' doesn't exist
---------
mysqli Query Error
	Error Message: Failed executing database query
Date/Time: 2019-09-01 13:51:40
Query: select job_id from sob_jobs
mysqli Error: Table 'sobhanso_qd.sob_jobs' doesn't exist
---------
mysqli Query Error
	Error Message: Failed executing database query
Date/Time: 2019-09-01 13:51:40
Query: select job_id from sob_jobs
mysqli Error: Table 'sobhanso_qd.sob_jobs' doesn't exist
---------
mysqli Query Error
	Error Message: Failed executing database query
Date/Time: 2019-09-01 13:51:32
Query: select job_id from sob_jobs
mysqli Error: Table 'sobhanso_qd.sob_jobs' doesn't exist
---------
mysqli Query Error
	Error Message: Failed executing database query
Date/Time: 2019-09-01 13:51:32
Query: select job_id from sob_jobs
mysqli Error: Table 'sobhanso_qd.sob_jobs' doesn't exist
---------
mysqli Query Error
	Error Message: Failed executing database query
Date/Time: 2019-08-31 01:23:07
Query: select job_id from sob_jobs
mysqli Error: Table 'sobhanso_qd.sob_jobs' doesn't exist
---------
mysqli Query Error
	Error Message: Failed executing database query
Date/Time: 2019-08-31 01:23:07
Query: select job_id from sob_jobs
mysqli Error: Table 'sobhanso_qd.sob_jobs' doesn't exist
---------
mysqli Query Error
	Error Message: Failed executing database query
Date/Time: 2019-08-28 23:17:22
Query: select job_id from sob_jobs
mysqli Error: Table 'sobhanso_qd.sob_jobs' doesn't exist
---------
mysqli Query Error
	Error Message: Failed executing database query
Date/Time: 2019-08-28 23:17:22
Query: select job_id from sob_jobs
mysqli Error: Table 'sobhanso_qd.sob_jobs' doesn't exist
---------
mysqli Query Error
	Error Message: Failed executing database query
Date/Time: 2019-08-28 14:31:14
Query: select job_id from sob_jobs
mysqli Error: Table 'sobhanso_qd.sob_jobs' doesn't exist
---------
mysqli Query Error
	Error Message: Failed executing database query
Date/Time: 2019-08-28 14:31:14
Query: select job_id from sob_jobs
mysqli Error: Table 'sobhanso_qd.sob_jobs' doesn't exist
---------
mysqli Query Error
	Error Message: Failed executing database query
Date/Time: 2019-08-27 15:13:40
Query: select job_id from sob_jobs
mysqli Error: Table 'sobhanso_qd.sob_jobs' doesn't exist
---------
mysqli Query Error
	Error Message: Failed executing database query
Date/Time: 2019-08-27 15:13:40
Query: select job_id from sob_jobs
mysqli Error: Table 'sobhanso_qd.sob_jobs' doesn't exist
---------
mysqli Query Error
	Error Message: Failed executing database query
Date/Time: 2019-08-26 10:43:37
Query: select job_id from sob_jobs
mysqli Error: Table 'sobhanso_qd.sob_jobs' doesn't exist
---------
mysqli Query Error
	Error Message: Failed executing database query
Date/Time: 2019-08-26 10:43:37
Query: select job_id from sob_jobs
mysqli Error: Table 'sobhanso_qd.sob_jobs' doesn't exist
---------
mysqli Query Error
	Error Message: Failed executing database query
Date/Time: 2019-08-26 03:14:18
Query: select job_id from sob_jobs
mysqli Error: Table 'sobhanso_qd.sob_jobs' doesn't exist
---------
mysqli Query Error
	Error Message: Failed executing database query
Date/Time: 2019-08-26 03:14:18
Query: select job_id from sob_jobs
mysqli Error: Table 'sobhanso_qd.sob_jobs' doesn't exist
---------
mysqli Query Error
	Error Message: Failed executing database query
Date/Time: 2019-08-26 01:12:15
Query: select job_id from sob_jobs
mysqli Error: Table 'sobhanso_qd.sob_jobs' doesn't exist
---------
mysqli Query Error
	Error Message: Failed executing database query
Date/Time: 2019-08-26 01:12:15
Query: select job_id from sob_jobs
mysqli Error: Table 'sobhanso_qd.sob_jobs' doesn't exist
---------
mysqli Query Error
	Error Message: Failed executing database query
Date/Time: 2019-08-25 04:31:47
Query: select job_id from sob_jobs
mysqli Error: Table 'sobhanso_qd.sob_jobs' doesn't exist
---------
mysqli Query Error
	Error Message: Failed executing database query
Date/Time: 2019-08-25 04:31:47
Query: select job_id from sob_jobs
mysqli Error: Table 'sobhanso_qd.sob_jobs' doesn't exist
---------
mysqli Query Error
	Error Message: Failed executing database query
Date/Time: 2019-08-24 02:27:30
Query: select job_id from sob_jobs
mysqli Error: Table 'sobhanso_qd.sob_jobs' doesn't exist
---------
mysqli Query Error
	Error Message: Failed executing database query
Date/Time: 2019-08-24 02:27:30
Query: select job_id from sob_jobs
mysqli Error: Table 'sobhanso_qd.sob_jobs' doesn't exist
---------
mysqli Query Error
	Error Message: Failed executing database query
Date/Time: 2019-08-24 02:27:01
Query: select job_id from sob_jobs
mysqli Error: Table 'sobhanso_qd.sob_jobs' doesn't exist
---------
mysqli Query Error
	Error Message: Failed executing database query
Date/Time: 2019-08-24 02:27:01
Query: select job_id from sob_jobs
mysqli Error: Table 'sobhanso_qd.sob_jobs' doesn't exist
---------
mysqli Query Error
	Error Message: Failed executing database query
Date/Time: 2019-08-24 02:27:01
Query: select job_id from sob_jobs
mysqli Error: Table 'sobhanso_qd.sob_jobs' doesn't exist
---------
mysqli Query Error
	Error Message: Failed executing database query
Date/Time: 2019-08-24 02:27:01
Query: select job_id from sob_jobs
mysqli Error: Table 'sobhanso_qd.sob_jobs' doesn't exist
---------
mysqli Query Error
	Error Message: Failed executing database query
Date/Time: 2019-08-24 02:27:00
Query: select job_id from sob_jobs
mysqli Error: Table 'sobhanso_qd.sob_jobs' doesn't exist
---------
mysqli Query Error
	Error Message: Failed executing database query
Date/Time: 2019-08-24 02:27:00
Query: select job_id from sob_jobs
mysqli Error: Table 'sobhanso_qd.sob_jobs' doesn't exist
---------
mysqli Query Error
	Error Message: Failed executing database query
Date/Time: 2019-08-24 02:26:58
Query: select job_id from sob_jobs
mysqli Error: Table 'sobhanso_qd.sob_jobs' doesn't exist
---------
mysqli Query Error
	Error Message: Failed executing database query
Date/Time: 2019-08-24 02:26:58
Query: select job_id from sob_jobs
mysqli Error: Table 'sobhanso_qd.sob_jobs' doesn't exist
---------
mysqli Query Error
	Error Message: Failed executing database query
Date/Time: 2019-08-23 17:21:27
Query: select job_id from sob_jobs
mysqli Error: Table 'sobhanso_qd.sob_jobs' doesn't exist
---------
mysqli Query Error
	Error Message: Failed executing database query
Date/Time: 2019-08-23 17:21:27
Query: select job_id from sob_jobs
mysqli Error: Table 'sobhanso_qd.sob_jobs' doesn't exist
---------
mysqli Query Error
	Error Message: Failed executing database query
Date/Time: 2019-08-23 05:13:44
Query: select job_id from sob_jobs
mysqli Error: Table 'sobhanso_qd.sob_jobs' doesn't exist
---------
mysqli Query Error
	Error Message: Failed executing database query
Date/Time: 2019-08-23 05:13:44
Query: select job_id from sob_jobs
mysqli Error: Table 'sobhanso_qd.sob_jobs' doesn't exist
---------
mysqli Query Error
	Error Message: Failed executing database query
Date/Time: 2019-08-22 17:41:23
Query: select job_id from sob_jobs
mysqli Error: Table 'sobhanso_qd.sob_jobs' doesn't exist
---------
mysqli Query Error
	Error Message: Failed executing database query
Date/Time: 2019-08-22 17:41:23
Query: select job_id from sob_jobs
mysqli Error: Table 'sobhanso_qd.sob_jobs' doesn't exist
---------
mysqli Query Error
	Error Message: Failed executing database query
Date/Time: 2019-08-21 20:18:35
Query: select job_id from sob_jobs
mysqli Error: Table 'sobhanso_qd.sob_jobs' doesn't exist
---------
mysqli Query Error
	Error Message: Failed executing database query
Date/Time: 2019-08-21 20:18:35
Query: select job_id from sob_jobs
mysqli Error: Table 'sobhanso_qd.sob_jobs' doesn't exist
---------
mysqli Query Error
	Error Message: Failed executing database query
Date/Time: 2019-08-17 16:16:53
Query: select job_id from sob_jobs
mysqli Error: Table 'sobhanso_qd.sob_jobs' doesn't exist
---------
mysqli Query Error
	Error Message: Failed executing database query
Date/Time: 2019-08-17 16:16:53
Query: select job_id from sob_jobs
mysqli Error: Table 'sobhanso_qd.sob_jobs' doesn't exist
---------
mysqli Query Error
	Error Message: Failed executing database query
Date/Time: 2019-08-16 04:31:10
Query: select job_id from sob_jobs
mysqli Error: Table 'sobhanso_qd.sob_jobs' doesn't exist
---------
mysqli Query Error
	Error Message: Failed executing database query
Date/Time: 2019-08-16 04:31:10
Query: select job_id from sob_jobs
mysqli Error: Table 'sobhanso_qd.sob_jobs' doesn't exist
---------
mysqli Query Error
	Error Message: Failed executing database query
Date/Time: 2019-08-15 10:56:29
Query: select job_id from sob_jobs
mysqli Error: Table 'sobhanso_qd.sob_jobs' doesn't exist
---------
mysqli Query Error
	Error Message: Failed executing database query
Date/Time: 2019-08-15 10:56:29
Query: select job_id from sob_jobs
mysqli Error: Table 'sobhanso_qd.sob_jobs' doesn't exist
---------
mysqli Query Error
	Error Message: Failed executing database query
Date/Time: 2019-08-15 10:56:27
Query: select job_id from sob_jobs
mysqli Error: Table 'sobhanso_qd.sob_jobs' doesn't exist
---------
mysqli Query Error
	Error Message: Failed executing database query
Date/Time: 2019-08-15 10:56:27
Query: select job_id from sob_jobs
mysqli Error: Table 'sobhanso_qd.sob_jobs' doesn't exist
---------
mysqli Query Error
	Error Message: Failed executing database query
Date/Time: 2019-08-15 10:56:25
Query: select job_id from sob_jobs
mysqli Error: Table 'sobhanso_qd.sob_jobs' doesn't exist
---------
mysqli Query Error
	Error Message: Failed executing database query
Date/Time: 2019-08-15 10:56:25
Query: select job_id from sob_jobs
mysqli Error: Table 'sobhanso_qd.sob_jobs' doesn't exist
---------
mysqli Query Error
	Error Message: Failed executing database query
Date/Time: 2019-08-15 10:56:24
Query: select job_id from sob_jobs
mysqli Error: Table 'sobhanso_qd.sob_jobs' doesn't exist
---------
mysqli Query Error
	Error Message: Failed executing database query
Date/Time: 2019-08-15 10:56:24
Query: select job_id from sob_jobs
mysqli Error: Table 'sobhanso_qd.sob_jobs' doesn't exist
---------
mysqli Query Error
	Error Message: Failed executing database query
Date/Time: 2019-08-15 10:55:12
Query: select job_id from sob_jobs
mysqli Error: Table 'sobhanso_qd.sob_jobs' doesn't exist
---------
mysqli Query Error
	Error Message: Failed executing database query
Date/Time: 2019-08-15 10:55:12
Query: select job_id from sob_jobs
mysqli Error: Table 'sobhanso_qd.sob_jobs' doesn't exist
---------
mysqli Query Error
	Error Message: Failed executing database query
Date/Time: 2019-08-15 10:55:10
Query: select job_id from sob_jobs
mysqli Error: Table 'sobhanso_qd.sob_jobs' doesn't exist
---------
mysqli Query Error
	Error Message: Failed executing database query
Date/Time: 2019-08-15 10:55:10
Query: select job_id from sob_jobs
mysqli Error: Table 'sobhanso_qd.sob_jobs' doesn't exist
---------
mysqli Query Error
	Error Message: Failed executing database query
Date/Time: 2019-08-15 10:55:02
Query: select job_id from sob_jobs
mysqli Error: Table 'sobhanso_qd.sob_jobs' doesn't exist
---------
mysqli Query Error
	Error Message: Failed executing database query
Date/Time: 2019-08-15 10:55:02
Query: select job_id from sob_jobs
mysqli Error: Table 'sobhanso_qd.sob_jobs' doesn't exist
---------
mysqli Query Error
	Error Message: Failed executing database query
Date/Time: 2019-08-15 10:54:58
Query: select job_id from sob_jobs
mysqli Error: Table 'sobhanso_qd.sob_jobs' doesn't exist
---------
mysqli Query Error
	Error Message: Failed executing database query
Date/Time: 2019-08-15 10:54:58
Query: select job_id from sob_jobs
mysqli Error: Table 'sobhanso_qd.sob_jobs' doesn't exist
---------
mysqli Query Error
	Error Message: Failed executing database query
Date/Time: 2019-08-15 10:54:56
Query: select job_id from sob_jobs
mysqli Error: Table 'sobhanso_qd.sob_jobs' doesn't exist
---------
mysqli Query Error
	Error Message: Failed executing database query
Date/Time: 2019-08-15 10:54:56
Query: select job_id from sob_jobs
mysqli Error: Table 'sobhanso_qd.sob_jobs' doesn't exist
---------
mysqli Query Error
	Error Message: Failed executing database query
Date/Time: 2019-08-15 10:54:55
Query: select job_id from sob_jobs
mysqli Error: Table 'sobhanso_qd.sob_jobs' doesn't exist
---------
mysqli Query Error
	Error Message: Failed executing database query
Date/Time: 2019-08-15 10:54:55
Query: select job_id from sob_jobs
mysqli Error: Table 'sobhanso_qd.sob_jobs' doesn't exist
---------
mysqli Query Error
	Error Message: Failed executing database query
Date/Time: 2019-08-15 10:54:52
Query: select job_id from sob_jobs
mysqli Error: Table 'sobhanso_qd.sob_jobs' doesn't exist
---------
mysqli Query Error
	Error Message: Failed executing database query
Date/Time: 2019-08-15 10:54:52
Query: select job_id from sob_jobs
mysqli Error: Table 'sobhanso_qd.sob_jobs' doesn't exist
---------
mysqli Query Error
	Error Message: Failed executing database query
Date/Time: 2019-08-15 10:54:49
Query: select job_id from sob_jobs
mysqli Error: Table 'sobhanso_qd.sob_jobs' doesn't exist
---------
mysqli Query Error
	Error Message: Failed executing database query
Date/Time: 2019-08-15 10:54:49
Query: select job_id from sob_jobs
mysqli Error: Table 'sobhanso_qd.sob_jobs' doesn't exist
---------
mysqli Query Error
	Error Message: Failed executing database query
Date/Time: 2019-08-15 10:54:47
Query: select job_id from sob_jobs
mysqli Error: Table 'sobhanso_qd.sob_jobs' doesn't exist
---------
mysqli Query Error
	Error Message: Failed executing database query
Date/Time: 2019-08-15 10:54:47
Query: select job_id from sob_jobs
mysqli Error: Table 'sobhanso_qd.sob_jobs' doesn't exist
---------
mysqli Query Error
	Error Message: Failed executing database query
Date/Time: 2019-08-09 03:18:46
Query: select job_id from sob_jobs
mysqli Error: Table 'sobhanso_qd.sob_jobs' doesn't exist
---------
mysqli Query Error
	Error Message: Failed executing database query
Date/Time: 2019-08-09 03:18:46
Query: select job_id from sob_jobs
mysqli Error: Table 'sobhanso_qd.sob_jobs' doesn't exist
---------
mysqli Query Error
	Error Message: Failed executing database query
Date/Time: 2019-08-09 03:18:44
Query: select job_id from sob_jobs
mysqli Error: Table 'sobhanso_qd.sob_jobs' doesn't exist
---------
mysqli Query Error
	Error Message: Failed executing database query
Date/Time: 2019-08-09 03:18:44
Query: select job_id from sob_jobs
mysqli Error: Table 'sobhanso_qd.sob_jobs' doesn't exist
---------
mysqli Query Error
	Error Message: Failed executing database query
Date/Time: 2019-08-09 03:18:40
Query: select job_id from sob_jobs
mysqli Error: Table 'sobhanso_qd.sob_jobs' doesn't exist
---------
mysqli Query Error
	Error Message: Failed executing database query
Date/Time: 2019-08-09 03:18:40
Query: select job_id from sob_jobs
mysqli Error: Table 'sobhanso_qd.sob_jobs' doesn't exist
---------
mysqli Query Error
	Error Message: Failed executing database query
Date/Time: 2019-08-09 03:18:37
Query: select job_id from sob_jobs
mysqli Error: Table 'sobhanso_qd.sob_jobs' doesn't exist
---------
mysqli Query Error
	Error Message: Failed executing database query
Date/Time: 2019-08-09 03:18:37
Query: select job_id from sob_jobs
mysqli Error: Table 'sobhanso_qd.sob_jobs' doesn't exist
---------
mysqli Query Error
	Error Message: Failed executing database query
Date/Time: 2019-08-09 03:18:33
Query: select job_id from sob_jobs
mysqli Error: Table 'sobhanso_qd.sob_jobs' doesn't exist
---------
mysqli Query Error
	Error Message: Failed executing database query
Date/Time: 2019-08-09 03:18:33
Query: select job_id from sob_jobs
mysqli Error: Table 'sobhanso_qd.sob_jobs' doesn't exist
---------
mysqli Query Error
	Error Message: Failed executing database query
Date/Time: 2019-08-09 03:18:28
Query: select job_id from sob_jobs
mysqli Error: Table 'sobhanso_qd.sob_jobs' doesn't exist
---------
mysqli Query Error
	Error Message: Failed executing database query
Date/Time: 2019-08-09 03:18:28
Query: select job_id from sob_jobs
mysqli Error: Table 'sobhanso_qd.sob_jobs' doesn't exist
---------
mysqli Query Error
	Error Message: Failed executing database query
Date/Time: 2019-08-09 03:18:26
Query: select job_id from sob_jobs
mysqli Error: Table 'sobhanso_qd.sob_jobs' doesn't exist
---------
mysqli Query Error
	Error Message: Failed executing database query
Date/Time: 2019-08-09 03:18:26
Query: select job_id from sob_jobs
mysqli Error: Table 'sobhanso_qd.sob_jobs' doesn't exist
---------
mysqli Query Error
	Error Message: Failed executing database query
Date/Time: 2019-08-09 03:18:22
Query: select job_id from sob_jobs
mysqli Error: Table 'sobhanso_qd.sob_jobs' doesn't exist
---------
mysqli Query Error
	Error Message: Failed executing database query
Date/Time: 2019-08-09 03:18:22
Query: select job_id from sob_jobs
mysqli Error: Table 'sobhanso_qd.sob_jobs' doesn't exist
---------
mysqli Query Error
	Error Message: Failed executing database query
Date/Time: 2019-08-09 03:18:21
Query: select job_id from sob_jobs
mysqli Error: Table 'sobhanso_qd.sob_jobs' doesn't exist
---------
mysqli Query Error
	Error Message: Failed executing database query
Date/Time: 2019-08-09 03:18:21
Query: select job_id from sob_jobs
mysqli Error: Table 'sobhanso_qd.sob_jobs' doesn't exist
---------
mysqli Query Error
	Error Message: Failed executing database query
Date/Time: 2019-08-09 01:05:40
Query: select job_id from sob_jobs
mysqli Error: Table 'sobhanso_qd.sob_jobs' doesn't exist
---------
mysqli Query Error
	Error Message: Failed executing database query
Date/Time: 2019-08-09 01:05:40
Query: select job_id from sob_jobs
mysqli Error: Table 'sobhanso_qd.sob_jobs' doesn't exist
---------
mysqli Query Error
	Error Message: Failed executing database query
Date/Time: 2019-08-09 01:05:37
Query: select job_id from sob_jobs
mysqli Error: Table 'sobhanso_qd.sob_jobs' doesn't exist
---------
mysqli Query Error
	Error Message: Failed executing database query
Date/Time: 2019-08-09 01:05:37
Query: select job_id from sob_jobs
mysqli Error: Table 'sobhanso_qd.sob_jobs' doesn't exist
---------
mysqli Query Error
	Error Message: Failed executing database query
Date/Time: 2019-08-09 01:05:34
Query: select job_id from sob_jobs
mysqli Error: Table 'sobhanso_qd.sob_jobs' doesn't exist
---------
mysqli Query Error
	Error Message: Failed executing database query
Date/Time: 2019-08-09 01:05:34
Query: select job_id from sob_jobs
mysqli Error: Table 'sobhanso_qd.sob_jobs' doesn't exist
---------
mysqli Query Error
	Error Message: Failed executing database query
Date/Time: 2019-08-09 01:05:30
Query: select job_id from sob_jobs
mysqli Error: Table 'sobhanso_qd.sob_jobs' doesn't exist
---------
mysqli Query Error
	Error Message: Failed executing database query
Date/Time: 2019-08-09 01:05:30
Query: select job_id from sob_jobs
mysqli Error: Table 'sobhanso_qd.sob_jobs' doesn't exist
---------
mysqli Query Error
	Error Message: Failed executing database query
Date/Time: 2019-08-09 01:05:28
Query: select job_id from sob_jobs
mysqli Error: Table 'sobhanso_qd.sob_jobs' doesn't exist
---------
mysqli Query Error
	Error Message: Failed executing database query
Date/Time: 2019-08-09 01:05:28
Query: select job_id from sob_jobs
mysqli Error: Table 'sobhanso_qd.sob_jobs' doesn't exist
---------
mysqli Query Error
	Error Message: Failed executing database query
Date/Time: 2019-08-09 01:05:24
Query: select job_id from sob_jobs
mysqli Error: Table 'sobhanso_qd.sob_jobs' doesn't exist
---------
mysqli Query Error
	Error Message: Failed executing database query
Date/Time: 2019-08-09 01:05:24
Query: select job_id from sob_jobs
mysqli Error: Table 'sobhanso_qd.sob_jobs' doesn't exist
---------
mysqli Query Error
	Error Message: Failed executing database query
Date/Time: 2019-08-09 01:05:22
Query: select job_id from sob_jobs
mysqli Error: Table 'sobhanso_qd.sob_jobs' doesn't exist
---------
mysqli Query Error
	Error Message: Failed executing database query
Date/Time: 2019-08-09 01:05:22
Query: select job_id from sob_jobs
mysqli Error: Table 'sobhanso_qd.sob_jobs' doesn't exist
---------
mysqli Query Error
	Error Message: Failed executing database query
Date/Time: 2019-08-09 01:05:19
Query: select job_id from sob_jobs
mysqli Error: Table 'sobhanso_qd.sob_jobs' doesn't exist
---------
mysqli Query Error
	Error Message: Failed executing database query
Date/Time: 2019-08-09 01:05:19
Query: select job_id from sob_jobs
mysqli Error: Table 'sobhanso_qd.sob_jobs' doesn't exist
---------
mysqli Query Error
	Error Message: Failed executing database query
Date/Time: 2019-08-09 01:05:17
Query: select job_id from sob_jobs
mysqli Error: Table 'sobhanso_qd.sob_jobs' doesn't exist
---------
mysqli Query Error
	Error Message: Failed executing database query
Date/Time: 2019-08-09 01:05:17
Query: select job_id from sob_jobs
mysqli Error: Table 'sobhanso_qd.sob_jobs' doesn't exist
---------
mysqli Query Error
	Error Message: Failed executing database query
Date/Time: 2019-08-08 17:26:55
Query: select job_id from sob_jobs
mysqli Error: Table 'sobhanso_qd.sob_jobs' doesn't exist
---------
mysqli Query Error
	Error Message: Failed executing database query
Date/Time: 2019-08-08 17:26:55
Query: select job_id from sob_jobs
mysqli Error: Table 'sobhanso_qd.sob_jobs' doesn't exist
---------
mysqli Query Error
	Error Message: Failed executing database query
Date/Time: 2019-08-08 15:09:57
Query: select job_id from sob_jobs
mysqli Error: Table 'sobhanso_qd.sob_jobs' doesn't exist
---------
mysqli Query Error
	Error Message: Failed executing database query
Date/Time: 2019-08-08 15:09:57
Query: select job_id from sob_jobs
mysqli Error: Table 'sobhanso_qd.sob_jobs' doesn't exist
---------
mysqli Query Error
	Error Message: Failed executing database query
Date/Time: 2019-08-08 15:09:54
Query: select job_id from sob_jobs
mysqli Error: Table 'sobhanso_qd.sob_jobs' doesn't exist
---------
mysqli Query Error
	Error Message: Failed executing database query
Date/Time: 2019-08-08 15:09:54
Query: select job_id from sob_jobs
mysqli Error: Table 'sobhanso_qd.sob_jobs' doesn't exist
---------
mysqli Query Error
	Error Message: Failed executing database query
Date/Time: 2019-08-08 09:15:21
Query: select job_id from sob_jobs
mysqli Error: Table 'sobhanso_qd.sob_jobs' doesn't exist
---------
mysqli Query Error
	Error Message: Failed executing database query
Date/Time: 2019-08-08 09:15:21
Query: select job_id from sob_jobs
mysqli Error: Table 'sobhanso_qd.sob_jobs' doesn't exist
---------
mysqli Query Error
	Error Message: Failed executing database query
Date/Time: 2019-08-08 09:15:20
Query: select job_id from sob_jobs
mysqli Error: Table 'sobhanso_qd.sob_jobs' doesn't exist
---------
mysqli Query Error
	Error Message: Failed executing database query
Date/Time: 2019-08-08 09:15:20
Query: select job_id from sob_jobs
mysqli Error: Table 'sobhanso_qd.sob_jobs' doesn't exist
---------
mysqli Query Error
	Error Message: Failed executing database query
Date/Time: 2019-08-08 09:15:20
Query: select job_id from sob_jobs
mysqli Error: Table 'sobhanso_qd.sob_jobs' doesn't exist
---------
mysqli Query Error
	Error Message: Failed executing database query
Date/Time: 2019-08-08 09:15:20
Query: select job_id from sob_jobs
mysqli Error: Table 'sobhanso_qd.sob_jobs' doesn't exist
---------
mysqli Query Error
	Error Message: Failed executing database query
Date/Time: 2019-08-08 09:15:18
Query: select job_id from sob_jobs
mysqli Error: Table 'sobhanso_qd.sob_jobs' doesn't exist
---------
mysqli Query Error
	Error Message: Failed executing database query
Date/Time: 2019-08-08 09:15:18
Query: select job_id from sob_jobs
mysqli Error: Table 'sobhanso_qd.sob_jobs' doesn't exist
---------
mysqli Query Error
	Error Message: Failed executing database query
Date/Time: 2019-08-08 09:15:15
Query: select job_id from sob_jobs
mysqli Error: Table 'sobhanso_qd.sob_jobs' doesn't exist
---------
mysqli Query Error
	Error Message: Failed executing database query
Date/Time: 2019-08-08 09:15:15
Query: select job_id from sob_jobs
mysqli Error: Table 'sobhanso_qd.sob_jobs' doesn't exist
---------
mysqli Query Error
	Error Message: Failed executing database query
Date/Time: 2019-08-07 11:14:09
Query: select job_id from sob_jobs
mysqli Error: Table 'sobhanso_qd.sob_jobs' doesn't exist
---------
mysqli Query Error
	Error Message: Failed executing database query
Date/Time: 2019-08-07 11:14:09
Query: select job_id from sob_jobs
mysqli Error: Table 'sobhanso_qd.sob_jobs' doesn't exist
---------
mysqli Query Error
	Error Message: Failed executing database query
Date/Time: 2019-08-06 09:38:38
Query: select job_id from sob_jobs
mysqli Error: Table 'sobhanso_qd.sob_jobs' doesn't exist
---------
mysqli Query Error
	Error Message: Failed executing database query
Date/Time: 2019-08-06 09:38:38
Query: select job_id from sob_jobs
mysqli Error: Table 'sobhanso_qd.sob_jobs' doesn't exist
---------
mysqli Query Error
	Error Message: Failed executing database query
Date/Time: 2019-08-06 09:38:36
Query: select job_id from sob_jobs
mysqli Error: Table 'sobhanso_qd.sob_jobs' doesn't exist
---------
mysqli Query Error
	Error Message: Failed executing database query
Date/Time: 2019-08-06 09:38:36
Query: select job_id from sob_jobs
mysqli Error: Table 'sobhanso_qd.sob_jobs' doesn't exist
---------
mysqli Query Error
	Error Message: Failed executing database query
Date/Time: 2019-08-06 09:38:34
Query: select job_id from sob_jobs
mysqli Error: Table 'sobhanso_qd.sob_jobs' doesn't exist
---------
mysqli Query Error
	Error Message: Failed executing database query
Date/Time: 2019-08-06 09:38:34
Query: select job_id from sob_jobs
mysqli Error: Table 'sobhanso_qd.sob_jobs' doesn't exist
---------
mysqli Query Error
	Error Message: Failed executing database query
Date/Time: 2019-08-06 09:38:33
Query: select job_id from sob_jobs
mysqli Error: Table 'sobhanso_qd.sob_jobs' doesn't exist
---------
mysqli Query Error
	Error Message: Failed executing database query
Date/Time: 2019-08-06 09:38:33
Query: select job_id from sob_jobs
mysqli Error: Table 'sobhanso_qd.sob_jobs' doesn't exist
---------
mysqli Query Error
	Error Message: Failed executing database query
Date/Time: 2019-08-06 09:38:31
Query: select job_id from sob_jobs
mysqli Error: Table 'sobhanso_qd.sob_jobs' doesn't exist
---------
mysqli Query Error
	Error Message: Failed executing database query
Date/Time: 2019-08-06 09:38:31
Query: select job_id from sob_jobs
mysqli Error: Table 'sobhanso_qd.sob_jobs' doesn't exist
---------
mysqli Query Error
	Error Message: Failed executing database query
Date/Time: 2019-08-06 09:38:26
Query: select job_id from sob_jobs
mysqli Error: Table 'sobhanso_qd.sob_jobs' doesn't exist
---------
mysqli Query Error
	Error Message: Failed executing database query
Date/Time: 2019-08-06 09:38:26
Query: select job_id from sob_jobs
mysqli Error: Table 'sobhanso_qd.sob_jobs' doesn't exist
---------
mysqli Query Error
	Error Message: Failed executing database query
Date/Time: 2019-08-06 09:36:10
Query: select job_id from sob_jobs
mysqli Error: Table 'sobhanso_qd.sob_jobs' doesn't exist
---------
mysqli Query Error
	Error Message: Failed executing database query
Date/Time: 2019-08-06 09:36:10
Query: select job_id from sob_jobs
mysqli Error: Table 'sobhanso_qd.sob_jobs' doesn't exist
---------
mysqli Query Error
	Error Message: Failed executing database query
Date/Time: 2019-08-06 09:36:09
Query: select job_id from sob_jobs
mysqli Error: Table 'sobhanso_qd.sob_jobs' doesn't exist
---------
mysqli Query Error
	Error Message: Failed executing database query
Date/Time: 2019-08-06 09:36:09
Query: select job_id from sob_jobs
mysqli Error: Table 'sobhanso_qd.sob_jobs' doesn't exist
---------
mysqli Query Error
	Error Message: Failed executing database query
Date/Time: 2019-08-06 09:36:07
Query: select job_id from sob_jobs
mysqli Error: Table 'sobhanso_qd.sob_jobs' doesn't exist
---------
mysqli Query Error
	Error Message: Failed executing database query
Date/Time: 2019-08-06 09:36:07
Query: select job_id from sob_jobs
mysqli Error: Table 'sobhanso_qd.sob_jobs' doesn't exist
---------
mysqli Query Error
	Error Message: Failed executing database query
Date/Time: 2019-08-06 09:36:06
Query: select job_id from sob_jobs
mysqli Error: Table 'sobhanso_qd.sob_jobs' doesn't exist
---------
mysqli Query Error
	Error Message: Failed executing database query
Date/Time: 2019-08-06 09:36:06
Query: select job_id from sob_jobs
mysqli Error: Table 'sobhanso_qd.sob_jobs' doesn't exist
---------
mysqli Query Error
	Error Message: Failed executing database query
Date/Time: 2019-08-06 09:36:04
Query: select job_id from sob_jobs
mysqli Error: Table 'sobhanso_qd.sob_jobs' doesn't exist
---------
mysqli Query Error
	Error Message: Failed executing database query
Date/Time: 2019-08-06 09:36:04
Query: select job_id from sob_jobs
mysqli Error: Table 'sobhanso_qd.sob_jobs' doesn't exist
---------
mysqli Query Error
	Error Message: Failed executing database query
Date/Time: 2019-08-06 09:36:00
Query: select job_id from sob_jobs
mysqli Error: Table 'sobhanso_qd.sob_jobs' doesn't exist
---------
mysqli Query Error
	Error Message: Failed executing database query
Date/Time: 2019-08-06 09:36:00
Query: select job_id from sob_jobs
mysqli Error: Table 'sobhanso_qd.sob_jobs' doesn't exist
---------
mysqli Query Error
	Error Message: Failed executing database query
Date/Time: 2019-08-06 02:14:24
Query: select job_id from sob_jobs
mysqli Error: Table 'sobhanso_qd.sob_jobs' doesn't exist
---------
mysqli Query Error
	Error Message: Failed executing database query
Date/Time: 2019-08-06 02:14:24
Query: select job_id from sob_jobs
mysqli Error: Table 'sobhanso_qd.sob_jobs' doesn't exist
---------
mysqli Query Error
	Error Message: Failed executing database query
Date/Time: 2019-08-05 15:14:13
Query: select job_id from sob_jobs
mysqli Error: Table 'sobhanso_qd.sob_jobs' doesn't exist
---------
mysqli Query Error
	Error Message: Failed executing database query
Date/Time: 2019-08-05 15:14:13
Query: select job_id from sob_jobs
mysqli Error: Table 'sobhanso_qd.sob_jobs' doesn't exist
---------
mysqli Query Error
	Error Message: Failed executing database query
Date/Time: 2019-08-05 15:14:09
Query: select job_id from sob_jobs
mysqli Error: Table 'sobhanso_qd.sob_jobs' doesn't exist
---------
mysqli Query Error
	Error Message: Failed executing database query
Date/Time: 2019-08-05 15:14:09
Query: select job_id from sob_jobs
mysqli Error: Table 'sobhanso_qd.sob_jobs' doesn't exist
---------
mysqli Query Error
	Error Message: Failed executing database query
Date/Time: 2019-08-05 15:14:06
Query: select job_id from sob_jobs
mysqli Error: Table 'sobhanso_qd.sob_jobs' doesn't exist
---------
mysqli Query Error
	Error Message: Failed executing database query
Date/Time: 2019-08-05 15:14:06
Query: select job_id from sob_jobs
mysqli Error: Table 'sobhanso_qd.sob_jobs' doesn't exist
---------
mysqli Query Error
	Error Message: Failed executing database query
Date/Time: 2019-08-05 15:14:03
Query: select job_id from sob_jobs
mysqli Error: Table 'sobhanso_qd.sob_jobs' doesn't exist
---------
mysqli Query Error
	Error Message: Failed executing database query
Date/Time: 2019-08-05 15:14:03
Query: select job_id from sob_jobs
mysqli Error: Table 'sobhanso_qd.sob_jobs' doesn't exist
---------
mysqli Query Error
	Error Message: Failed executing database query
Date/Time: 2019-08-05 15:14:01
Query: select job_id from sob_jobs
mysqli Error: Table 'sobhanso_qd.sob_jobs' doesn't exist
---------
mysqli Query Error
	Error Message: Failed executing database query
Date/Time: 2019-08-05 15:14:01
Query: select job_id from sob_jobs
mysqli Error: Table 'sobhanso_qd.sob_jobs' doesn't exist
---------
mysqli Query Error
	Error Message: Failed executing database query
Date/Time: 2019-08-05 15:13:58
Query: select job_id from sob_jobs
mysqli Error: Table 'sobhanso_qd.sob_jobs' doesn't exist
---------
mysqli Query Error
	Error Message: Failed executing database query
Date/Time: 2019-08-05 15:13:58
Query: select job_id from sob_jobs
mysqli Error: Table 'sobhanso_qd.sob_jobs' doesn't exist
---------
mysqli Query Error
	Error Message: Failed executing database query
Date/Time: 2019-08-05 15:13:55
Query: select job_id from sob_jobs
mysqli Error: Table 'sobhanso_qd.sob_jobs' doesn't exist
---------
mysqli Query Error
	Error Message: Failed executing database query
Date/Time: 2019-08-05 15:13:55
Query: select job_id from sob_jobs
mysqli Error: Table 'sobhanso_qd.sob_jobs' doesn't exist
---------
mysqli Query Error
	Error Message: Failed executing database query
Date/Time: 2019-08-05 15:13:52
Query: select job_id from sob_jobs
mysqli Error: Table 'sobhanso_qd.sob_jobs' doesn't exist
---------
mysqli Query Error
	Error Message: Failed executing database query
Date/Time: 2019-08-05 15:13:52
Query: select job_id from sob_jobs
mysqli Error: Table 'sobhanso_qd.sob_jobs' doesn't exist
---------
mysqli Query Error
	Error Message: Failed executing database query
Date/Time: 2019-08-05 15:13:49
Query: select job_id from sob_jobs
mysqli Error: Table 'sobhanso_qd.sob_jobs' doesn't exist
---------
mysqli Query Error
	Error Message: Failed executing database query
Date/Time: 2019-08-05 15:13:49
Query: select job_id from sob_jobs
mysqli Error: Table 'sobhanso_qd.sob_jobs' doesn't exist
---------
mysqli Query Error
	Error Message: Failed executing database query
Date/Time: 2019-08-05 10:34:43
Query: select job_id from sob_jobs
mysqli Error: Table 'sobhanso_qd.sob_jobs' doesn't exist
---------
mysqli Query Error
	Error Message: Failed executing database query
Date/Time: 2019-08-05 10:34:43
Query: select job_id from sob_jobs
mysqli Error: Table 'sobhanso_qd.sob_jobs' doesn't exist
---------
mysqli Query Error
	Error Message: Failed executing database query
Date/Time: 2019-08-05 10:34:41
Query: select job_id from sob_jobs
mysqli Error: Table 'sobhanso_qd.sob_jobs' doesn't exist
---------
mysqli Query Error
	Error Message: Failed executing database query
Date/Time: 2019-08-05 10:34:41
Query: select job_id from sob_jobs
mysqli Error: Table 'sobhanso_qd.sob_jobs' doesn't exist
---------
mysqli Query Error
	Error Message: Failed executing database query
Date/Time: 2019-08-05 10:34:38
Query: select job_id from sob_jobs
mysqli Error: Table 'sobhanso_qd.sob_jobs' doesn't exist
---------
mysqli Query Error
	Error Message: Failed executing database query
Date/Time: 2019-08-05 10:34:38
Query: select job_id from sob_jobs
mysqli Error: Table 'sobhanso_qd.sob_jobs' doesn't exist
---------
mysqli Query Error
	Error Message: Failed executing database query
Date/Time: 2019-08-05 10:34:35
Query: select job_id from sob_jobs
mysqli Error: Table 'sobhanso_qd.sob_jobs' doesn't exist
---------
mysqli Query Error
	Error Message: Failed executing database query
Date/Time: 2019-08-05 10:34:35
Query: select job_id from sob_jobs
mysqli Error: Table 'sobhanso_qd.sob_jobs' doesn't exist
---------
mysqli Query Error
	Error Message: Failed executing database query
Date/Time: 2019-08-05 10:34:33
Query: select job_id from sob_jobs
mysqli Error: Table 'sobhanso_qd.sob_jobs' doesn't exist
---------
mysqli Query Error
	Error Message: Failed executing database query
Date/Time: 2019-08-05 10:34:33
Query: select job_id from sob_jobs
mysqli Error: Table 'sobhanso_qd.sob_jobs' doesn't exist
---------
mysqli Query Error
	Error Message: Failed executing database query
Date/Time: 2019-08-05 10:34:30
Query: select job_id from sob_jobs
mysqli Error: Table 'sobhanso_qd.sob_jobs' doesn't exist
---------
mysqli Query Error
	Error Message: Failed executing database query
Date/Time: 2019-08-05 10:34:30
Query: select job_id from sob_jobs
mysqli Error: Table 'sobhanso_qd.sob_jobs' doesn't exist
---------
mysqli Query Error
	Error Message: Failed executing database query
Date/Time: 2019-08-05 10:34:28
Query: select job_id from sob_jobs
mysqli Error: Table 'sobhanso_qd.sob_jobs' doesn't exist
---------
mysqli Query Error
	Error Message: Failed executing database query
Date/Time: 2019-08-05 10:34:28
Query: select job_id from sob_jobs
mysqli Error: Table 'sobhanso_qd.sob_jobs' doesn't exist
---------
mysqli Query Error
	Error Message: Failed executing database query
Date/Time: 2019-08-05 10:34:25
Query: select job_id from sob_jobs
mysqli Error: Table 'sobhanso_qd.sob_jobs' doesn't exist
---------
mysqli Query Error
	Error Message: Failed executing database query
Date/Time: 2019-08-05 10:34:25
Query: select job_id from sob_jobs
mysqli Error: Table 'sobhanso_qd.sob_jobs' doesn't exist
---------
mysqli Query Error
	Error Message: Failed executing database query
Date/Time: 2019-08-05 10:34:23
Query: select job_id from sob_jobs
mysqli Error: Table 'sobhanso_qd.sob_jobs' doesn't exist
---------
mysqli Query Error
	Error Message: Failed executing database query
Date/Time: 2019-08-05 10:34:23
Query: select job_id from sob_jobs
mysqli Error: Table 'sobhanso_qd.sob_jobs' doesn't exist
---------
mysqli Query Error
	Error Message: Failed executing database query
Date/Time: 2019-08-02 18:46:59
Query: select job_id from sob_jobs
mysqli Error: Table 'sobhanso_qd.sob_jobs' doesn't exist
---------
mysqli Query Error
	Error Message: Failed executing database query
Date/Time: 2019-08-02 18:46:59
Query: select job_id from sob_jobs
mysqli Error: Table 'sobhanso_qd.sob_jobs' doesn't exist
---------
mysqli Query Error
	Error Message: Failed executing database query
Date/Time: 2019-08-02 04:08:06
Query: select job_id from sob_jobs
mysqli Error: Table 'sobhanso_qd.sob_jobs' doesn't exist
---------
mysqli Query Error
	Error Message: Failed executing database query
Date/Time: 2019-08-02 04:08:06
Query: select job_id from sob_jobs
mysqli Error: Table 'sobhanso_qd.sob_jobs' doesn't exist
---------
mysqli Query Error
	Error Message: Failed executing database query
Date/Time: 2019-08-02 04:07:52
Query: select job_id from sob_jobs
mysqli Error: Table 'sobhanso_qd.sob_jobs' doesn't exist
---------
mysqli Query Error
	Error Message: Failed executing database query
Date/Time: 2019-08-02 04:07:52
Query: select job_id from sob_jobs
mysqli Error: Table 'sobhanso_qd.sob_jobs' doesn't exist
---------
mysqli Query Error
	Error Message: Failed executing database query
Date/Time: 2019-08-02 04:07:44
Query: select job_id from sob_jobs
mysqli Error: Table 'sobhanso_qd.sob_jobs' doesn't exist
---------
mysqli Query Error
	Error Message: Failed executing database query
Date/Time: 2019-08-02 04:07:44
Query: select job_id from sob_jobs
mysqli Error: Table 'sobhanso_qd.sob_jobs' doesn't exist
---------
mysqli Query Error
	Error Message: Failed executing database query
Date/Time: 2019-08-02 04:06:26
Query: select job_id from sob_jobs
mysqli Error: Table 'sobhanso_qd.sob_jobs' doesn't exist
---------
mysqli Query Error
	Error Message: Failed executing database query
Date/Time: 2019-08-02 04:06:26
Query: select job_id from sob_jobs
mysqli Error: Table 'sobhanso_qd.sob_jobs' doesn't exist
---------
mysqli Query Error
	Error Message: Failed executing database query
Date/Time: 2019-08-02 04:06:10
Query: select job_id from sob_jobs
mysqli Error: Table 'sobhanso_qd.sob_jobs' doesn't exist
---------
mysqli Query Error
	Error Message: Failed executing database query
Date/Time: 2019-08-02 04:06:10
Query: select job_id from sob_jobs
mysqli Error: Table 'sobhanso_qd.sob_jobs' doesn't exist
---------
mysqli Query Error
	Error Message: Failed executing database query
Date/Time: 2019-08-02 04:06:02
Query: select job_id from sob_jobs
mysqli Error: Table 'sobhanso_qd.sob_jobs' doesn't exist
---------
mysqli Query Error
	Error Message: Failed executing database query
Date/Time: 2019-08-02 04:06:02
Query: select job_id from sob_jobs
mysqli Error: Table 'sobhanso_qd.sob_jobs' doesn't exist
---------
mysqli Query Error
	Error Message: Failed executing database query
Date/Time: 2019-08-01 12:40:02
Query: select job_id from sob_jobs
mysqli Error: Table 'sobhanso_qd.sob_jobs' doesn't exist
---------
mysqli Query Error
	Error Message: Failed executing database query
Date/Time: 2019-08-01 12:40:02
Query: select job_id from sob_jobs
mysqli Error: Table 'sobhanso_qd.sob_jobs' doesn't exist
---------
mysqli Query Error
	Error Message: Failed executing database query
Date/Time: 2019-07-31 16:14:46
Query: select job_id from sob_jobs
mysqli Error: Table 'sobhanso_qd.sob_jobs' doesn't exist
---------
mysqli Query Error
	Error Message: Failed executing database query
Date/Time: 2019-07-31 16:14:46
Query: select job_id from sob_jobs
mysqli Error: Table 'sobhanso_qd.sob_jobs' doesn't exist
---------
mysqli Query Error
	Error Message: Failed executing database query
Date/Time: 2019-07-31 16:14:45
Query: select job_id from sob_jobs
mysqli Error: Table 'sobhanso_qd.sob_jobs' doesn't exist
---------
mysqli Query Error
	Error Message: Failed executing database query
Date/Time: 2019-07-31 16:14:45
Query: select job_id from sob_jobs
mysqli Error: Table 'sobhanso_qd.sob_jobs' doesn't exist
---------
mysqli Query Error
	Error Message: Failed executing database query
Date/Time: 2019-07-31 16:14:44
Query: select job_id from sob_jobs
mysqli Error: Table 'sobhanso_qd.sob_jobs' doesn't exist
---------
mysqli Query Error
	Error Message: Failed executing database query
Date/Time: 2019-07-31 16:14:44
Query: select job_id from sob_jobs
mysqli Error: Table 'sobhanso_qd.sob_jobs' doesn't exist
---------
mysqli Query Error
	Error Message: Failed executing database query
Date/Time: 2019-07-31 16:14:44
Query: select job_id from sob_jobs
mysqli Error: Table 'sobhanso_qd.sob_jobs' doesn't exist
---------
mysqli Query Error
	Error Message: Failed executing database query
Date/Time: 2019-07-31 16:14:44
Query: select job_id from sob_jobs
mysqli Error: Table 'sobhanso_qd.sob_jobs' doesn't exist
---------
mysqli Query Error
	Error Message: Failed executing database query
Date/Time: 2019-07-31 16:14:43
Query: select job_id from sob_jobs
mysqli Error: Table 'sobhanso_qd.sob_jobs' doesn't exist
---------
mysqli Query Error
	Error Message: Failed executing database query
Date/Time: 2019-07-31 16:14:43
Query: select job_id from sob_jobs
mysqli Error: Table 'sobhanso_qd.sob_jobs' doesn't exist
---------
mysqli Query Error
	Error Message: Failed executing database query
Date/Time: 2019-07-31 16:14:43
Query: select job_id from sob_jobs
mysqli Error: Table 'sobhanso_qd.sob_jobs' doesn't exist
---------
mysqli Query Error
	Error Message: Failed executing database query
Date/Time: 2019-07-31 16:14:43
Query: select job_id from sob_jobs
mysqli Error: Table 'sobhanso_qd.sob_jobs' doesn't exist
---------
mysqli Query Error
	Error Message: Failed executing database query
Date/Time: 2019-07-31 16:14:41
Query: select job_id from sob_jobs
mysqli Error: Table 'sobhanso_qd.sob_jobs' doesn't exist
---------
mysqli Query Error
	Error Message: Failed executing database query
Date/Time: 2019-07-31 16:14:41
Query: select job_id from sob_jobs
mysqli Error: Table 'sobhanso_qd.sob_jobs' doesn't exist
---------
mysqli Query Error
	Error Message: Failed executing database query
Date/Time: 2019-07-30 20:09:54
Query: select job_id from sob_jobs
mysqli Error: Table 'sobhanso_qd.sob_jobs' doesn't exist
---------
mysqli Query Error
	Error Message: Failed executing database query
Date/Time: 2019-07-30 20:09:54
Query: select job_id from sob_jobs
mysqli Error: Table 'sobhanso_qd.sob_jobs' doesn't exist
---------
mysqli Query Error
	Error Message: Failed executing database query
Date/Time: 2019-07-30 20:09:54
Query: select job_id from sob_jobs
mysqli Error: Table 'sobhanso_qd.sob_jobs' doesn't exist
---------
mysqli Query Error
	Error Message: Failed executing database query
Date/Time: 2019-07-30 20:09:54
Query: select job_id from sob_jobs
mysqli Error: Table 'sobhanso_qd.sob_jobs' doesn't exist
---------
mysqli Query Error
	Error Message: Failed executing database query
Date/Time: 2019-07-30 20:09:53
Query: select job_id from sob_jobs
mysqli Error: Table 'sobhanso_qd.sob_jobs' doesn't exist
---------
mysqli Query Error
	Error Message: Failed executing database query
Date/Time: 2019-07-30 20:09:53
Query: select job_id from sob_jobs
mysqli Error: Table 'sobhanso_qd.sob_jobs' doesn't exist
---------
mysqli Query Error
	Error Message: Failed executing database query
Date/Time: 2019-07-30 20:09:52
Query: select job_id from sob_jobs
mysqli Error: Table 'sobhanso_qd.sob_jobs' doesn't exist
---------
mysqli Query Error
	Error Message: Failed executing database query
Date/Time: 2019-07-30 20:09:52
Query: select job_id from sob_jobs
mysqli Error: Table 'sobhanso_qd.sob_jobs' doesn't exist
---------
mysqli Query Error
	Error Message: Failed executing database query
Date/Time: 2019-07-30 20:09:51
Query: select job_id from sob_jobs
mysqli Error: Table 'sobhanso_qd.sob_jobs' doesn't exist
---------
mysqli Query Error
	Error Message: Failed executing database query
Date/Time: 2019-07-30 20:09:51
Query: select job_id from sob_jobs
mysqli Error: Table 'sobhanso_qd.sob_jobs' doesn't exist
---------
mysqli Query Error
	Error Message: Failed executing database query
Date/Time: 2019-07-28 00:02:29
Query: select job_id from sob_jobs
mysqli Error: Table 'sobhanso_qd.sob_jobs' doesn't exist
---------
mysqli Query Error
	Error Message: Failed executing database query
Date/Time: 2019-07-28 00:02:29
Query: select job_id from sob_jobs
mysqli Error: Table 'sobhanso_qd.sob_jobs' doesn't exist
---------
mysqli Query Error
	Error Message: Failed executing database query
Date/Time: 2019-07-26 06:31:29
Query: select job_id from sob_jobs
mysqli Error: Table 'sobhanso_qd.sob_jobs' doesn't exist
---------
mysqli Query Error
	Error Message: Failed executing database query
Date/Time: 2019-07-26 06:31:29
Query: select job_id from sob_jobs
mysqli Error: Table 'sobhanso_qd.sob_jobs' doesn't exist
---------
mysqli Query Error
	Error Message: Failed executing database query
Date/Time: 2019-07-25 23:50:12
Query: select job_id from sob_jobs
mysqli Error: Table 'sobhanso_qd.sob_jobs' doesn't exist
---------
mysqli Query Error
	Error Message: Failed executing database query
Date/Time: 2019-07-25 23:50:12
Query: select job_id from sob_jobs
mysqli Error: Table 'sobhanso_qd.sob_jobs' doesn't exist
---------
mysqli Query Error
	Error Message: Failed executing database query
Date/Time: 2019-07-25 23:50:08
Query: select job_id from sob_jobs
mysqli Error: Table 'sobhanso_qd.sob_jobs' doesn't exist
---------
mysqli Query Error
	Error Message: Failed executing database query
Date/Time: 2019-07-25 23:50:08
Query: select job_id from sob_jobs
mysqli Error: Table 'sobhanso_qd.sob_jobs' doesn't exist
---------
mysqli Query Error
	Error Message: Failed executing database query
Date/Time: 2019-07-25 23:50:06
Query: select job_id from sob_jobs
mysqli Error: Table 'sobhanso_qd.sob_jobs' doesn't exist
---------
mysqli Query Error
	Error Message: Failed executing database query
Date/Time: 2019-07-25 23:50:06
Query: select job_id from sob_jobs
mysqli Error: Table 'sobhanso_qd.sob_jobs' doesn't exist
---------
mysqli Query Error
	Error Message: Failed executing database query
Date/Time: 2019-07-25 23:50:05
Query: select job_id from sob_jobs
mysqli Error: Table 'sobhanso_qd.sob_jobs' doesn't exist
---------
mysqli Query Error
	Error Message: Failed executing database query
Date/Time: 2019-07-25 23:50:05
Query: select job_id from sob_jobs
mysqli Error: Table 'sobhanso_qd.sob_jobs' doesn't exist
---------
mysqli Query Error
	Error Message: Failed executing database query
Date/Time: 2019-07-25 23:50:02
Query: select job_id from sob_jobs
mysqli Error: Table 'sobhanso_qd.sob_jobs' doesn't exist
---------
mysqli Query Error
	Error Message: Failed executing database query
Date/Time: 2019-07-25 23:50:02
Query: select job_id from sob_jobs
mysqli Error: Table 'sobhanso_qd.sob_jobs' doesn't exist
---------
mysqli Query Error
	Error Message: Failed executing database query
Date/Time: 2019-07-23 09:19:59
Query: select job_id from sob_jobs
mysqli Error: Table 'sobhanso_qd.sob_jobs' doesn't exist
---------
mysqli Query Error
	Error Message: Failed executing database query
Date/Time: 2019-07-23 09:19:59
Query: select job_id from sob_jobs
mysqli Error: Table 'sobhanso_qd.sob_jobs' doesn't exist
---------
mysqli Query Error
	Error Message: Failed executing database query
Date/Time: 2019-07-23 09:19:58
Query: select job_id from sob_jobs
mysqli Error: Table 'sobhanso_qd.sob_jobs' doesn't exist
---------
mysqli Query Error
	Error Message: Failed executing database query
Date/Time: 2019-07-23 09:19:58
Query: select job_id from sob_jobs
mysqli Error: Table 'sobhanso_qd.sob_jobs' doesn't exist
---------
mysqli Query Error
	Error Message: Failed executing database query
Date/Time: 2019-07-23 09:19:56
Query: select job_id from sob_jobs
mysqli Error: Table 'sobhanso_qd.sob_jobs' doesn't exist
---------
mysqli Query Error
	Error Message: Failed executing database query
Date/Time: 2019-07-23 09:19:56
Query: select job_id from sob_jobs
mysqli Error: Table 'sobhanso_qd.sob_jobs' doesn't exist
---------
mysqli Query Error
	Error Message: Failed executing database query
Date/Time: 2019-07-23 09:19:55
Query: select job_id from sob_jobs
mysqli Error: Table 'sobhanso_qd.sob_jobs' doesn't exist
---------
mysqli Query Error
	Error Message: Failed executing database query
Date/Time: 2019-07-23 09:19:55
Query: select job_id from sob_jobs
mysqli Error: Table 'sobhanso_qd.sob_jobs' doesn't exist
---------
mysqli Query Error
	Error Message: Failed executing database query
Date/Time: 2019-07-23 09:19:53
Query: select job_id from sob_jobs
mysqli Error: Table 'sobhanso_qd.sob_jobs' doesn't exist
---------
mysqli Query Error
	Error Message: Failed executing database query
Date/Time: 2019-07-23 09:19:53
Query: select job_id from sob_jobs
mysqli Error: Table 'sobhanso_qd.sob_jobs' doesn't exist
---------
mysqli Query Error
	Error Message: Failed executing database query
Date/Time: 2019-07-22 19:19:25
Query: select job_id from sob_jobs
mysqli Error: Table 'sobhanso_qd.sob_jobs' doesn't exist
---------
mysqli Query Error
	Error Message: Failed executing database query
Date/Time: 2019-07-22 19:19:25
Query: select job_id from sob_jobs
mysqli Error: Table 'sobhanso_qd.sob_jobs' doesn't exist
---------
mysqli Query Error
	Error Message: Failed executing database query
Date/Time: 2019-07-21 11:28:29
Query: select job_id from sob_jobs
mysqli Error: Table 'sobhanso_qd.sob_jobs' doesn't exist
---------
mysqli Query Error
	Error Message: Failed executing database query
Date/Time: 2019-07-21 11:28:29
Query: select job_id from sob_jobs
mysqli Error: Table 'sobhanso_qd.sob_jobs' doesn't exist
---------
mysqli Query Error
	Error Message: Failed executing database query
Date/Time: 2019-07-21 11:28:15
Query: select job_id from sob_jobs
mysqli Error: Table 'sobhanso_qd.sob_jobs' doesn't exist
---------
mysqli Query Error
	Error Message: Failed executing database query
Date/Time: 2019-07-21 11:28:15
Query: select job_id from sob_jobs
mysqli Error: Table 'sobhanso_qd.sob_jobs' doesn't exist
---------
mysqli Query Error
	Error Message: Failed executing database query
Date/Time: 2019-07-21 11:28:00
Query: select job_id from sob_jobs
mysqli Error: Table 'sobhanso_qd.sob_jobs' doesn't exist
---------
mysqli Query Error
	Error Message: Failed executing database query
Date/Time: 2019-07-21 11:28:00
Query: select job_id from sob_jobs
mysqli Error: Table 'sobhanso_qd.sob_jobs' doesn't exist
---------
mysqli Query Error
	Error Message: Failed executing database query
Date/Time: 2019-07-21 11:27:47
Query: select job_id from sob_jobs
mysqli Error: Table 'sobhanso_qd.sob_jobs' doesn't exist
---------
mysqli Query Error
	Error Message: Failed executing database query
Date/Time: 2019-07-21 11:27:47
Query: select job_id from sob_jobs
mysqli Error: Table 'sobhanso_qd.sob_jobs' doesn't exist
---------
mysqli Query Error
	Error Message: Failed executing database query
Date/Time: 2019-07-21 11:27:33
Query: select job_id from sob_jobs
mysqli Error: Table 'sobhanso_qd.sob_jobs' doesn't exist
---------
mysqli Query Error
	Error Message: Failed executing database query
Date/Time: 2019-07-21 11:27:33
Query: select job_id from sob_jobs
mysqli Error: Table 'sobhanso_qd.sob_jobs' doesn't exist
---------
mysqli Query Error
	Error Message: Failed executing database query
Date/Time: 2019-07-21 11:27:19
Query: select job_id from sob_jobs
mysqli Error: Table 'sobhanso_qd.sob_jobs' doesn't exist
---------
mysqli Query Error
	Error Message: Failed executing database query
Date/Time: 2019-07-21 11:27:19
Query: select job_id from sob_jobs
mysqli Error: Table 'sobhanso_qd.sob_jobs' doesn't exist
---------
mysqli Query Error
	Error Message: Failed executing database query
Date/Time: 2019-07-21 11:27:08
Query: select job_id from sob_jobs
mysqli Error: Table 'sobhanso_qd.sob_jobs' doesn't exist
---------
mysqli Query Error
	Error Message: Failed executing database query
Date/Time: 2019-07-21 11:27:08
Query: select job_id from sob_jobs
mysqli Error: Table 'sobhanso_qd.sob_jobs' doesn't exist
---------
mysqli Query Error
	Error Message: Failed executing database query
Date/Time: 2019-07-21 11:26:50
Query: select job_id from sob_jobs
mysqli Error: Table 'sobhanso_qd.sob_jobs' doesn't exist
---------
mysqli Query Error
	Error Message: Failed executing database query
Date/Time: 2019-07-21 11:26:50
Query: select job_id from sob_jobs
mysqli Error: Table 'sobhanso_qd.sob_jobs' doesn't exist
---------
mysqli Query Error
	Error Message: Failed executing database query
Date/Time: 2019-07-21 11:26:36
Query: select job_id from sob_jobs
mysqli Error: Table 'sobhanso_qd.sob_jobs' doesn't exist
---------
mysqli Query Error
	Error Message: Failed executing database query
Date/Time: 2019-07-21 11:26:36
Query: select job_id from sob_jobs
mysqli Error: Table 'sobhanso_qd.sob_jobs' doesn't exist
---------
mysqli Query Error
	Error Message: Failed executing database query
Date/Time: 2019-07-20 05:08:16
Query: select job_id from sob_jobs
mysqli Error: Table 'sobhanso_qd.sob_jobs' doesn't exist
---------
mysqli Query Error
	Error Message: Failed executing database query
Date/Time: 2019-07-20 05:08:16
Query: select job_id from sob_jobs
mysqli Error: Table 'sobhanso_qd.sob_jobs' doesn't exist
---------
mysqli Query Error
	Error Message: Failed executing database query
Date/Time: 2019-07-20 05:08:05
Query: select job_id from sob_jobs
mysqli Error: Table 'sobhanso_qd.sob_jobs' doesn't exist
---------
mysqli Query Error
	Error Message: Failed executing database query
Date/Time: 2019-07-20 05:08:05
Query: select job_id from sob_jobs
mysqli Error: Table 'sobhanso_qd.sob_jobs' doesn't exist
---------
mysqli Query Error
	Error Message: Failed executing database query
Date/Time: 2019-07-20 05:07:59
Query: select job_id from sob_jobs
mysqli Error: Table 'sobhanso_qd.sob_jobs' doesn't exist
---------
mysqli Query Error
	Error Message: Failed executing database query
Date/Time: 2019-07-20 05:07:59
Query: select job_id from sob_jobs
mysqli Error: Table 'sobhanso_qd.sob_jobs' doesn't exist
---------
mysqli Query Error
	Error Message: Failed executing database query
Date/Time: 2019-07-20 05:07:49
Query: select job_id from sob_jobs
mysqli Error: Table 'sobhanso_qd.sob_jobs' doesn't exist
---------
mysqli Query Error
	Error Message: Failed executing database query
Date/Time: 2019-07-20 05:07:49
Query: select job_id from sob_jobs
mysqli Error: Table 'sobhanso_qd.sob_jobs' doesn't exist
---------
mysqli Query Error
	Error Message: Failed executing database query
Date/Time: 2019-07-20 05:07:39
Query: select job_id from sob_jobs
mysqli Error: Table 'sobhanso_qd.sob_jobs' doesn't exist
---------
mysqli Query Error
	Error Message: Failed executing database query
Date/Time: 2019-07-20 05:07:39
Query: select job_id from sob_jobs
mysqli Error: Table 'sobhanso_qd.sob_jobs' doesn't exist
---------
mysqli Query Error
	Error Message: Failed executing database query
Date/Time: 2019-07-20 05:07:27
Query: select job_id from sob_jobs
mysqli Error: Table 'sobhanso_qd.sob_jobs' doesn't exist
---------
mysqli Query Error
	Error Message: Failed executing database query
Date/Time: 2019-07-20 05:07:27
Query: select job_id from sob_jobs
mysqli Error: Table 'sobhanso_qd.sob_jobs' doesn't exist
---------
mysqli Query Error
	Error Message: Failed executing database query
Date/Time: 2019-07-20 05:07:17
Query: select job_id from sob_jobs
mysqli Error: Table 'sobhanso_qd.sob_jobs' doesn't exist
---------
mysqli Query Error
	Error Message: Failed executing database query
Date/Time: 2019-07-20 05:07:17
Query: select job_id from sob_jobs
mysqli Error: Table 'sobhanso_qd.sob_jobs' doesn't exist
---------
mysqli Query Error
	Error Message: Failed executing database query
Date/Time: 2019-07-20 05:07:06
Query: select job_id from sob_jobs
mysqli Error: Table 'sobhanso_qd.sob_jobs' doesn't exist
---------
mysqli Query Error
	Error Message: Failed executing database query
Date/Time: 2019-07-20 05:07:06
Query: select job_id from sob_jobs
mysqli Error: Table 'sobhanso_qd.sob_jobs' doesn't exist
---------
mysqli Query Error
	Error Message: Failed executing database query
Date/Time: 2019-07-20 05:06:58
Query: select job_id from sob_jobs
mysqli Error: Table 'sobhanso_qd.sob_jobs' doesn't exist
---------
mysqli Query Error
	Error Message: Failed executing database query
Date/Time: 2019-07-20 05:06:58
Query: select job_id from sob_jobs
mysqli Error: Table 'sobhanso_qd.sob_jobs' doesn't exist
---------
mysqli Query Error
	Error Message: Failed executing database query
Date/Time: 2019-07-20 04:17:50
Query: select job_id from sob_jobs
mysqli Error: Table 'sobhanso_qd.sob_jobs' doesn't exist
---------
mysqli Query Error
	Error Message: Failed executing database query
Date/Time: 2019-07-20 04:17:50
Query: select job_id from sob_jobs
mysqli Error: Table 'sobhanso_qd.sob_jobs' doesn't exist
---------
mysqli Query Error
	Error Message: Failed executing database query
Date/Time: 2019-07-20 04:17:49
Query: select job_id from sob_jobs
mysqli Error: Table 'sobhanso_qd.sob_jobs' doesn't exist
---------
mysqli Query Error
	Error Message: Failed executing database query
Date/Time: 2019-07-20 04:17:49
Query: select job_id from sob_jobs
mysqli Error: Table 'sobhanso_qd.sob_jobs' doesn't exist
---------
mysqli Query Error
	Error Message: Failed executing database query
Date/Time: 2019-07-20 04:17:49
Query: select job_id from sob_jobs
mysqli Error: Table 'sobhanso_qd.sob_jobs' doesn't exist
---------
mysqli Query Error
	Error Message: Failed executing database query
Date/Time: 2019-07-20 04:17:49
Query: select job_id from sob_jobs
mysqli Error: Table 'sobhanso_qd.sob_jobs' doesn't exist
---------
mysqli Query Error
	Error Message: Failed executing database query
Date/Time: 2019-07-20 04:17:49
Query: select job_id from sob_jobs
mysqli Error: Table 'sobhanso_qd.sob_jobs' doesn't exist
---------
mysqli Query Error
	Error Message: Failed executing database query
Date/Time: 2019-07-20 04:17:49
Query: select job_id from sob_jobs
mysqli Error: Table 'sobhanso_qd.sob_jobs' doesn't exist
---------
mysqli Query Error
	Error Message: Failed executing database query
Date/Time: 2019-07-20 04:17:48
Query: select job_id from sob_jobs
mysqli Error: Table 'sobhanso_qd.sob_jobs' doesn't exist
---------
mysqli Query Error
	Error Message: Failed executing database query
Date/Time: 2019-07-20 04:17:48
Query: select job_id from sob_jobs
mysqli Error: Table 'sobhanso_qd.sob_jobs' doesn't exist
---------
mysqli Query Error
	Error Message: Failed executing database query
Date/Time: 2019-07-20 04:17:47
Query: select job_id from sob_jobs
mysqli Error: Table 'sobhanso_qd.sob_jobs' doesn't exist
---------
mysqli Query Error
	Error Message: Failed executing database query
Date/Time: 2019-07-20 04:17:47
Query: select job_id from sob_jobs
mysqli Error: Table 'sobhanso_qd.sob_jobs' doesn't exist
---------
mysqli Query Error
	Error Message: Failed executing database query
Date/Time: 2019-07-19 04:10:22
Query: select job_id from sob_jobs
mysqli Error: Table 'sobhanso_qd.sob_jobs' doesn't exist
---------
mysqli Query Error
	Error Message: Failed executing database query
Date/Time: 2019-07-19 04:10:22
Query: select job_id from sob_jobs
mysqli Error: Table 'sobhanso_qd.sob_jobs' doesn't exist
---------
mysqli Query Error
	Error Message: Failed executing database query
Date/Time: 2019-07-16 19:57:56
Query: select job_id from sob_jobs
mysqli Error: Table 'sobhanso_qd.sob_jobs' doesn't exist
---------
mysqli Query Error
	Error Message: Failed executing database query
Date/Time: 2019-07-16 19:57:56
Query: select job_id from sob_jobs
mysqli Error: Table 'sobhanso_qd.sob_jobs' doesn't exist
---------
mysqli Query Error
	Error Message: Failed executing database query
Date/Time: 2019-07-16 17:08:38
Query: select job_id from sob_jobs
mysqli Error: Table 'sobhanso_qd.sob_jobs' doesn't exist
---------
mysqli Query Error
	Error Message: Failed executing database query
Date/Time: 2019-07-16 17:08:38
Query: select job_id from sob_jobs
mysqli Error: Table 'sobhanso_qd.sob_jobs' doesn't exist
---------
mysqli Query Error
	Error Message: Failed executing database query
Date/Time: 2019-07-16 17:08:33
Query: select job_id from sob_jobs
mysqli Error: Table 'sobhanso_qd.sob_jobs' doesn't exist
---------
mysqli Query Error
	Error Message: Failed executing database query
Date/Time: 2019-07-16 17:08:33
Query: select job_id from sob_jobs
mysqli Error: Table 'sobhanso_qd.sob_jobs' doesn't exist
---------
mysqli Query Error
	Error Message: Failed executing database query
Date/Time: 2019-07-16 17:08:29
Query: select job_id from sob_jobs
mysqli Error: Table 'sobhanso_qd.sob_jobs' doesn't exist
---------
mysqli Query Error
	Error Message: Failed executing database query
Date/Time: 2019-07-16 17:08:29
Query: select job_id from sob_jobs
mysqli Error: Table 'sobhanso_qd.sob_jobs' doesn't exist
---------
mysqli Query Error
	Error Message: Failed executing database query
Date/Time: 2019-07-16 17:08:23
Query: select job_id from sob_jobs
mysqli Error: Table 'sobhanso_qd.sob_jobs' doesn't exist
---------
mysqli Query Error
	Error Message: Failed executing database query
Date/Time: 2019-07-16 17:08:23
Query: select job_id from sob_jobs
mysqli Error: Table 'sobhanso_qd.sob_jobs' doesn't exist
---------
mysqli Query Error
	Error Message: Failed executing database query
Date/Time: 2019-07-16 17:08:20
Query: select job_id from sob_jobs
mysqli Error: Table 'sobhanso_qd.sob_jobs' doesn't exist
---------
mysqli Query Error
	Error Message: Failed executing database query
Date/Time: 2019-07-16 17:08:20
Query: select job_id from sob_jobs
mysqli Error: Table 'sobhanso_qd.sob_jobs' doesn't exist
---------
mysqli Query Error
	Error Message: Failed executing database query
Date/Time: 2019-07-16 17:08:15
Query: select job_id from sob_jobs
mysqli Error: Table 'sobhanso_qd.sob_jobs' doesn't exist
---------
mysqli Query Error
	Error Message: Failed executing database query
Date/Time: 2019-07-16 17:08:15
Query: select job_id from sob_jobs
mysqli Error: Table 'sobhanso_qd.sob_jobs' doesn't exist
---------
mysqli Query Error
	Error Message: Failed executing database query
Date/Time: 2019-07-16 17:08:10
Query: select job_id from sob_jobs
mysqli Error: Table 'sobhanso_qd.sob_jobs' doesn't exist
---------
mysqli Query Error
	Error Message: Failed executing database query
Date/Time: 2019-07-16 17:08:10
Query: select job_id from sob_jobs
mysqli Error: Table 'sobhanso_qd.sob_jobs' doesn't exist
---------
mysqli Query Error
	Error Message: Failed executing database query
Date/Time: 2019-07-16 17:08:05
Query: select job_id from sob_jobs
mysqli Error: Table 'sobhanso_qd.sob_jobs' doesn't exist
---------
mysqli Query Error
	Error Message: Failed executing database query
Date/Time: 2019-07-16 17:08:05
Query: select job_id from sob_jobs
mysqli Error: Table 'sobhanso_qd.sob_jobs' doesn't exist
---------
mysqli Query Error
	Error Message: Failed executing database query
Date/Time: 2019-07-16 17:08:00
Query: select job_id from sob_jobs
mysqli Error: Table 'sobhanso_qd.sob_jobs' doesn't exist
---------
mysqli Query Error
	Error Message: Failed executing database query
Date/Time: 2019-07-16 17:08:00
Query: select job_id from sob_jobs
mysqli Error: Table 'sobhanso_qd.sob_jobs' doesn't exist
---------
mysqli Query Error
	Error Message: Failed executing database query
Date/Time: 2019-07-16 10:18:15
Query: select job_id from sob_jobs
mysqli Error: Table 'sobhanso_qd.sob_jobs' doesn't exist
---------
mysqli Query Error
	Error Message: Failed executing database query
Date/Time: 2019-07-16 10:18:15
Query: select job_id from sob_jobs
mysqli Error: Table 'sobhanso_qd.sob_jobs' doesn't exist
---------
mysqli Query Error
	Error Message: Failed executing database query
Date/Time: 2019-07-16 01:51:37
Query: select job_id from sob_jobs
mysqli Error: Table 'sobhanso_qd.sob_jobs' doesn't exist
---------
mysqli Query Error
	Error Message: Failed executing database query
Date/Time: 2019-07-16 01:51:37
Query: select job_id from sob_jobs
mysqli Error: Table 'sobhanso_qd.sob_jobs' doesn't exist
---------
mysqli Query Error
	Error Message: Failed executing database query
Date/Time: 2019-07-15 20:49:52
Query: select job_id from sob_jobs
mysqli Error: Table 'sobhanso_qd.sob_jobs' doesn't exist
---------
mysqli Query Error
	Error Message: Failed executing database query
Date/Time: 2019-07-15 20:49:52
Query: select job_id from sob_jobs
mysqli Error: Table 'sobhanso_qd.sob_jobs' doesn't exist
---------
mysqli Query Error
	Error Message: Failed executing database query
Date/Time: 2019-07-15 19:13:26
Query: select job_id from sob_jobs
mysqli Error: Table 'sobhanso_qd.sob_jobs' doesn't exist
---------
mysqli Query Error
	Error Message: Failed executing database query
Date/Time: 2019-07-15 19:13:26
Query: select job_id from sob_jobs
mysqli Error: Table 'sobhanso_qd.sob_jobs' doesn't exist
---------
mysqli Query Error
	Error Message: Failed executing database query
Date/Time: 2019-07-15 15:15:51
Query: select job_id from sob_jobs
mysqli Error: Table 'sobhanso_qd.sob_jobs' doesn't exist
---------
mysqli Query Error
	Error Message: Failed executing database query
Date/Time: 2019-07-15 15:15:51
Query: select job_id from sob_jobs
mysqli Error: Table 'sobhanso_qd.sob_jobs' doesn't exist
---------
mysqli Query Error
	Error Message: Failed executing database query
Date/Time: 2019-07-15 15:15:36
Query: select job_id from sob_jobs
mysqli Error: Table 'sobhanso_qd.sob_jobs' doesn't exist
---------
mysqli Query Error
	Error Message: Failed executing database query
Date/Time: 2019-07-15 15:15:36
Query: select job_id from sob_jobs
mysqli Error: Table 'sobhanso_qd.sob_jobs' doesn't exist
---------
mysqli Query Error
	Error Message: Failed executing database query
Date/Time: 2019-07-15 15:15:27
Query: select job_id from sob_jobs
mysqli Error: Table 'sobhanso_qd.sob_jobs' doesn't exist
---------
mysqli Query Error
	Error Message: Failed executing database query
Date/Time: 2019-07-15 15:15:27
Query: select job_id from sob_jobs
mysqli Error: Table 'sobhanso_qd.sob_jobs' doesn't exist
---------
mysqli Query Error
	Error Message: Failed executing database query
Date/Time: 2019-07-15 15:15:16
Query: select job_id from sob_jobs
mysqli Error: Table 'sobhanso_qd.sob_jobs' doesn't exist
---------
mysqli Query Error
	Error Message: Failed executing database query
Date/Time: 2019-07-15 15:15:16
Query: select job_id from sob_jobs
mysqli Error: Table 'sobhanso_qd.sob_jobs' doesn't exist
---------
mysqli Query Error
	Error Message: Failed executing database query
Date/Time: 2019-07-15 15:15:03
Query: select job_id from sob_jobs
mysqli Error: Table 'sobhanso_qd.sob_jobs' doesn't exist
---------
mysqli Query Error
	Error Message: Failed executing database query
Date/Time: 2019-07-15 15:15:03
Query: select job_id from sob_jobs
mysqli Error: Table 'sobhanso_qd.sob_jobs' doesn't exist
---------
mysqli Query Error
	Error Message: Failed executing database query
Date/Time: 2019-07-15 15:14:52
Query: select job_id from sob_jobs
mysqli Error: Table 'sobhanso_qd.sob_jobs' doesn't exist
---------
mysqli Query Error
	Error Message: Failed executing database query
Date/Time: 2019-07-15 15:14:52
Query: select job_id from sob_jobs
mysqli Error: Table 'sobhanso_qd.sob_jobs' doesn't exist
---------
mysqli Query Error
	Error Message: Failed executing database query
Date/Time: 2019-07-15 15:14:43
Query: select job_id from sob_jobs
mysqli Error: Table 'sobhanso_qd.sob_jobs' doesn't exist
---------
mysqli Query Error
	Error Message: Failed executing database query
Date/Time: 2019-07-15 15:14:42
Query: select job_id from sob_jobs
mysqli Error: Table 'sobhanso_qd.sob_jobs' doesn't exist
---------
mysqli Query Error
	Error Message: Failed executing database query
Date/Time: 2019-07-15 15:14:33
Query: select job_id from sob_jobs
mysqli Error: Table 'sobhanso_qd.sob_jobs' doesn't exist
---------
mysqli Query Error
	Error Message: Failed executing database query
Date/Time: 2019-07-15 15:14:33
Query: select job_id from sob_jobs
mysqli Error: Table 'sobhanso_qd.sob_jobs' doesn't exist
---------
mysqli Query Error
	Error Message: Failed executing database query
Date/Time: 2019-07-15 15:14:22
Query: select job_id from sob_jobs
mysqli Error: Table 'sobhanso_qd.sob_jobs' doesn't exist
---------
mysqli Query Error
	Error Message: Failed executing database query
Date/Time: 2019-07-15 15:14:22
Query: select job_id from sob_jobs
mysqli Error: Table 'sobhanso_qd.sob_jobs' doesn't exist
---------
mysqli Query Error
	Error Message: Failed executing database query
Date/Time: 2019-07-14 22:20:29
Query: select job_id from sob_jobs
mysqli Error: Table 'sobhanso_qd.sob_jobs' doesn't exist
---------
mysqli Query Error
	Error Message: Failed executing database query
Date/Time: 2019-07-14 22:20:29
Query: select job_id from sob_jobs
mysqli Error: Table 'sobhanso_qd.sob_jobs' doesn't exist
---------
mysqli Query Error
	Error Message: Failed executing database query
Date/Time: 2019-07-14 22:20:27
Query: select job_id from sob_jobs
mysqli Error: Table 'sobhanso_qd.sob_jobs' doesn't exist
---------
mysqli Query Error
	Error Message: Failed executing database query
Date/Time: 2019-07-14 22:20:27
Query: select job_id from sob_jobs
mysqli Error: Table 'sobhanso_qd.sob_jobs' doesn't exist
---------
mysqli Query Error
	Error Message: Failed executing database query
Date/Time: 2019-07-14 22:20:19
Query: select job_id from sob_jobs
mysqli Error: Table 'sobhanso_qd.sob_jobs' doesn't exist
---------
mysqli Query Error
	Error Message: Failed executing database query
Date/Time: 2019-07-14 22:20:19
Query: select job_id from sob_jobs
mysqli Error: Table 'sobhanso_qd.sob_jobs' doesn't exist
---------
mysqli Query Error
	Error Message: Failed executing database query
Date/Time: 2019-07-14 22:20:16
Query: select job_id from sob_jobs
mysqli Error: Table 'sobhanso_qd.sob_jobs' doesn't exist
---------
mysqli Query Error
	Error Message: Failed executing database query
Date/Time: 2019-07-14 22:20:16
Query: select job_id from sob_jobs
mysqli Error: Table 'sobhanso_qd.sob_jobs' doesn't exist
---------
mysqli Query Error
	Error Message: Failed executing database query
Date/Time: 2019-07-14 22:20:13
Query: select job_id from sob_jobs
mysqli Error: Table 'sobhanso_qd.sob_jobs' doesn't exist
---------
mysqli Query Error
	Error Message: Failed executing database query
Date/Time: 2019-07-14 22:20:13
Query: select job_id from sob_jobs
mysqli Error: Table 'sobhanso_qd.sob_jobs' doesn't exist
---------
mysqli Query Error
	Error Message: Failed executing database query
Date/Time: 2019-07-13 12:43:21
Query: select job_id from sob_jobs
mysqli Error: Table 'sobhanso_qd.sob_jobs' doesn't exist
---------
mysqli Query Error
	Error Message: Failed executing database query
Date/Time: 2019-07-13 12:43:21
Query: select job_id from sob_jobs
mysqli Error: Table 'sobhanso_qd.sob_jobs' doesn't exist
---------
mysqli Query Error
	Error Message: Failed executing database query
Date/Time: 2019-07-13 12:43:20
Query: select job_id from sob_jobs
mysqli Error: Table 'sobhanso_qd.sob_jobs' doesn't exist
---------
mysqli Query Error
	Error Message: Failed executing database query
Date/Time: 2019-07-13 12:43:20
Query: select job_id from sob_jobs
mysqli Error: Table 'sobhanso_qd.sob_jobs' doesn't exist
---------
mysqli Query Error
	Error Message: Failed executing database query
Date/Time: 2019-07-13 12:43:20
Query: select job_id from sob_jobs
mysqli Error: Table 'sobhanso_qd.sob_jobs' doesn't exist
---------
mysqli Query Error
	Error Message: Failed executing database query
Date/Time: 2019-07-13 12:43:20
Query: select job_id from sob_jobs
mysqli Error: Table 'sobhanso_qd.sob_jobs' doesn't exist
---------
mysqli Query Error
	Error Message: Failed executing database query
Date/Time: 2019-07-13 12:43:19
Query: select job_id from sob_jobs
mysqli Error: Table 'sobhanso_qd.sob_jobs' doesn't exist
---------
mysqli Query Error
	Error Message: Failed executing database query
Date/Time: 2019-07-13 12:43:19
Query: select job_id from sob_jobs
mysqli Error: Table 'sobhanso_qd.sob_jobs' doesn't exist
---------
mysqli Query Error
	Error Message: Failed executing database query
Date/Time: 2019-07-13 12:43:17
Query: select job_id from sob_jobs
mysqli Error: Table 'sobhanso_qd.sob_jobs' doesn't exist
---------
mysqli Query Error
	Error Message: Failed executing database query
Date/Time: 2019-07-13 12:43:17
Query: select job_id from sob_jobs
mysqli Error: Table 'sobhanso_qd.sob_jobs' doesn't exist
---------
mysqli Query Error
	Error Message: Failed executing database query
Date/Time: 2019-07-13 12:43:16
Query: select job_id from sob_jobs
mysqli Error: Table 'sobhanso_qd.sob_jobs' doesn't exist
---------
mysqli Query Error
	Error Message: Failed executing database query
Date/Time: 2019-07-13 12:43:16
Query: select job_id from sob_jobs
mysqli Error: Table 'sobhanso_qd.sob_jobs' doesn't exist
---------
mysqli Query Error
	Error Message: Failed executing database query
Date/Time: 2019-07-13 05:50:38
Query: select job_id from sob_jobs
mysqli Error: Table 'sobhanso_qd.sob_jobs' doesn't exist
---------
mysqli Query Error
	Error Message: Failed executing database query
Date/Time: 2019-07-13 05:50:38
Query: select job_id from sob_jobs
mysqli Error: Table 'sobhanso_qd.sob_jobs' doesn't exist
---------
mysqli Query Error
	Error Message: Failed executing database query
Date/Time: 2019-07-13 05:50:35
Query: select job_id from sob_jobs
mysqli Error: Table 'sobhanso_qd.sob_jobs' doesn't exist
---------
mysqli Query Error
	Error Message: Failed executing database query
Date/Time: 2019-07-13 05:50:35
Query: select job_id from sob_jobs
mysqli Error: Table 'sobhanso_qd.sob_jobs' doesn't exist
---------
mysqli Query Error
	Error Message: Failed executing database query
Date/Time: 2019-07-13 05:50:32
Query: select job_id from sob_jobs
mysqli Error: Table 'sobhanso_qd.sob_jobs' doesn't exist
---------
mysqli Query Error
	Error Message: Failed executing database query
Date/Time: 2019-07-13 05:50:32
Query: select job_id from sob_jobs
mysqli Error: Table 'sobhanso_qd.sob_jobs' doesn't exist
---------
mysqli Query Error
	Error Message: Failed executing database query
Date/Time: 2019-07-13 05:50:30
Query: select job_id from sob_jobs
mysqli Error: Table 'sobhanso_qd.sob_jobs' doesn't exist
---------
mysqli Query Error
	Error Message: Failed executing database query
Date/Time: 2019-07-13 05:50:30
Query: select job_id from sob_jobs
mysqli Error: Table 'sobhanso_qd.sob_jobs' doesn't exist
---------
mysqli Query Error
	Error Message: Failed executing database query
Date/Time: 2019-07-13 05:50:27
Query: select job_id from sob_jobs
mysqli Error: Table 'sobhanso_qd.sob_jobs' doesn't exist
---------
mysqli Query Error
	Error Message: Failed executing database query
Date/Time: 2019-07-13 05:50:27
Query: select job_id from sob_jobs
mysqli Error: Table 'sobhanso_qd.sob_jobs' doesn't exist
---------
mysqli Query Error
	Error Message: Failed executing database query
Date/Time: 2019-07-11 08:10:46
Query: select job_id from sob_jobs
mysqli Error: Table 'sobhanso_qd.sob_jobs' doesn't exist
---------
mysqli Query Error
	Error Message: Failed executing database query
Date/Time: 2019-07-11 08:10:46
Query: select job_id from sob_jobs
mysqli Error: Table 'sobhanso_qd.sob_jobs' doesn't exist
---------
mysqli Query Error
	Error Message: Failed executing database query
Date/Time: 2019-07-11 06:15:41
Query: select job_id from sob_jobs
mysqli Error: Table 'sobhanso_qd.sob_jobs' doesn't exist
---------
mysqli Query Error
	Error Message: Failed executing database query
Date/Time: 2019-07-11 06:15:41
Query: select job_id from sob_jobs
mysqli Error: Table 'sobhanso_qd.sob_jobs' doesn't exist
---------
mysqli Query Error
	Error Message: Failed executing database query
Date/Time: 2019-07-11 06:15:36
Query: select job_id from sob_jobs
mysqli Error: Table 'sobhanso_qd.sob_jobs' doesn't exist
---------
mysqli Query Error
	Error Message: Failed executing database query
Date/Time: 2019-07-11 06:15:36
Query: select job_id from sob_jobs
mysqli Error: Table 'sobhanso_qd.sob_jobs' doesn't exist
---------
mysqli Query Error
	Error Message: Failed executing database query
Date/Time: 2019-07-11 06:15:36
Query: select job_id from sob_jobs
mysqli Error: Table 'sobhanso_qd.sob_jobs' doesn't exist
---------
mysqli Query Error
	Error Message: Failed executing database query
Date/Time: 2019-07-11 06:15:36
Query: select job_id from sob_jobs
mysqli Error: Table 'sobhanso_qd.sob_jobs' doesn't exist
---------
mysqli Query Error
	Error Message: Failed executing database query
Date/Time: 2019-07-11 06:15:35
Query: select job_id from sob_jobs
mysqli Error: Table 'sobhanso_qd.sob_jobs' doesn't exist
---------
mysqli Query Error
	Error Message: Failed executing database query
Date/Time: 2019-07-11 06:15:35
Query: select job_id from sob_jobs
mysqli Error: Table 'sobhanso_qd.sob_jobs' doesn't exist
---------
mysqli Query Error
	Error Message: Failed executing database query
Date/Time: 2019-07-11 06:15:35
Query: select job_id from sob_jobs
mysqli Error: Table 'sobhanso_qd.sob_jobs' doesn't exist
---------
mysqli Query Error
	Error Message: Failed executing database query
Date/Time: 2019-07-11 06:15:35
Query: select job_id from sob_jobs
mysqli Error: Table 'sobhanso_qd.sob_jobs' doesn't exist
---------
mysqli Query Error
	Error Message: Failed executing database query
Date/Time: 2019-07-11 06:15:34
Query: select job_id from sob_jobs
mysqli Error: Table 'sobhanso_qd.sob_jobs' doesn't exist
---------
mysqli Query Error
	Error Message: Failed executing database query
Date/Time: 2019-07-11 06:15:34
Query: select job_id from sob_jobs
mysqli Error: Table 'sobhanso_qd.sob_jobs' doesn't exist
---------
mysqli Query Error
	Error Message: Failed executing database query
Date/Time: 2019-07-11 06:15:34
Query: select job_id from sob_jobs
mysqli Error: Table 'sobhanso_qd.sob_jobs' doesn't exist
---------
mysqli Query Error
	Error Message: Failed executing database query
Date/Time: 2019-07-11 06:15:34
Query: select job_id from sob_jobs
mysqli Error: Table 'sobhanso_qd.sob_jobs' doesn't exist
---------
mysqli Query Error
	Error Message: Failed executing database query
Date/Time: 2019-07-11 06:15:26
Query: select job_id from sob_jobs
mysqli Error: Table 'sobhanso_qd.sob_jobs' doesn't exist
---------
mysqli Query Error
	Error Message: Failed executing database query
Date/Time: 2019-07-11 06:15:26
Query: select job_id from sob_jobs
mysqli Error: Table 'sobhanso_qd.sob_jobs' doesn't exist
---------
mysqli Query Error
	Error Message: Failed executing database query
Date/Time: 2019-07-11 06:15:26
Query: select job_id from sob_jobs
mysqli Error: Table 'sobhanso_qd.sob_jobs' doesn't exist
---------
mysqli Query Error
	Error Message: Failed executing database query
Date/Time: 2019-07-11 06:15:26
Query: select job_id from sob_jobs
mysqli Error: Table 'sobhanso_qd.sob_jobs' doesn't exist
---------
mysqli Query Error
	Error Message: Failed executing database query
Date/Time: 2019-07-11 06:15:23
Query: select job_id from sob_jobs
mysqli Error: Table 'sobhanso_qd.sob_jobs' doesn't exist
---------
mysqli Query Error
	Error Message: Failed executing database query
Date/Time: 2019-07-11 06:15:23
Query: select job_id from sob_jobs
mysqli Error: Table 'sobhanso_qd.sob_jobs' doesn't exist
---------
mysqli Query Error
	Error Message: Failed executing database query
Date/Time: 2019-07-11 06:15:23
Query: select job_id from sob_jobs
mysqli Error: Table 'sobhanso_qd.sob_jobs' doesn't exist
---------
mysqli Query Error
	Error Message: Failed executing database query
Date/Time: 2019-07-11 06:15:23
Query: select job_id from sob_jobs
mysqli Error: Table 'sobhanso_qd.sob_jobs' doesn't exist
---------
mysqli Query Error
	Error Message: Failed executing database query
Date/Time: 2019-07-11 06:15:23
Query: select job_id from sob_jobs
mysqli Error: Table 'sobhanso_qd.sob_jobs' doesn't exist
---------
mysqli Query Error
	Error Message: Failed executing database query
Date/Time: 2019-07-11 06:15:23
Query: select job_id from sob_jobs
mysqli Error: Table 'sobhanso_qd.sob_jobs' doesn't exist
---------
mysqli Query Error
	Error Message: Failed executing database query
Date/Time: 2019-07-11 06:15:22
Query: select job_id from sob_jobs
mysqli Error: Table 'sobhanso_qd.sob_jobs' doesn't exist
---------
mysqli Query Error
	Error Message: Failed executing database query
Date/Time: 2019-07-11 06:15:22
Query: select job_id from sob_jobs
mysqli Error: Table 'sobhanso_qd.sob_jobs' doesn't exist
---------
mysqli Query Error
	Error Message: Failed executing database query
Date/Time: 2019-07-07 20:00:51
Query: select job_id from sob_jobs
mysqli Error: Table 'sobhanso_qd.sob_jobs' doesn't exist
---------
mysqli Query Error
	Error Message: Failed executing database query
Date/Time: 2019-07-07 20:00:51
Query: select job_id from sob_jobs
mysqli Error: Table 'sobhanso_qd.sob_jobs' doesn't exist
---------
mysqli Query Error
	Error Message: Failed executing database query
Date/Time: 2019-07-07 20:00:51
Query: select job_id from sob_jobs
mysqli Error: Table 'sobhanso_qd.sob_jobs' doesn't exist
---------
mysqli Query Error
	Error Message: Failed executing database query
Date/Time: 2019-07-07 20:00:51
Query: select job_id from sob_jobs
mysqli Error: Table 'sobhanso_qd.sob_jobs' doesn't exist
---------
mysqli Query Error
	Error Message: Failed executing database query
Date/Time: 2019-07-07 20:00:50
Query: select job_id from sob_jobs
mysqli Error: Table 'sobhanso_qd.sob_jobs' doesn't exist
---------
mysqli Query Error
	Error Message: Failed executing database query
Date/Time: 2019-07-07 20:00:50
Query: select job_id from sob_jobs
mysqli Error: Table 'sobhanso_qd.sob_jobs' doesn't exist
---------
mysqli Query Error
	Error Message: Failed executing database query
Date/Time: 2019-07-07 20:00:50
Query: select job_id from sob_jobs
mysqli Error: Table 'sobhanso_qd.sob_jobs' doesn't exist
---------
mysqli Query Error
	Error Message: Failed executing database query
Date/Time: 2019-07-07 20:00:50
Query: select job_id from sob_jobs
mysqli Error: Table 'sobhanso_qd.sob_jobs' doesn't exist
---------
mysqli Query Error
	Error Message: Failed executing database query
Date/Time: 2019-07-07 20:00:49
Query: select job_id from sob_jobs
mysqli Error: Table 'sobhanso_qd.sob_jobs' doesn't exist
---------
mysqli Query Error
	Error Message: Failed executing database query
Date/Time: 2019-07-07 20:00:49
Query: select job_id from sob_jobs
mysqli Error: Table 'sobhanso_qd.sob_jobs' doesn't exist
---------
mysqli Query Error
	Error Message: Failed executing database query
Date/Time: 2019-07-07 11:56:31
Query: select job_id from sob_jobs
mysqli Error: Table 'sobhanso_qd.sob_jobs' doesn't exist
---------
mysqli Query Error
	Error Message: Failed executing database query
Date/Time: 2019-07-07 11:56:31
Query: select job_id from sob_jobs
mysqli Error: Table 'sobhanso_qd.sob_jobs' doesn't exist
---------
mysqli Query Error
	Error Message: Failed executing database query
Date/Time: 2019-07-05 12:10:28
Query: select job_id from sob_jobs
mysqli Error: Table 'sobhanso_qd.sob_jobs' doesn't exist
---------
mysqli Query Error
	Error Message: Failed executing database query
Date/Time: 2019-07-05 12:10:28
Query: select job_id from sob_jobs
mysqli Error: Table 'sobhanso_qd.sob_jobs' doesn't exist
---------
mysqli Query Error
	Error Message: Failed executing database query
Date/Time: 2019-07-05 12:10:28
Query: select job_id from sob_jobs
mysqli Error: Table 'sobhanso_qd.sob_jobs' doesn't exist
---------
mysqli Query Error
	Error Message: Failed executing database query
Date/Time: 2019-07-05 12:10:28
Query: select job_id from sob_jobs
mysqli Error: Table 'sobhanso_qd.sob_jobs' doesn't exist
---------
mysqli Query Error
	Error Message: Failed executing database query
Date/Time: 2019-07-05 12:10:27
Query: select job_id from sob_jobs
mysqli Error: Table 'sobhanso_qd.sob_jobs' doesn't exist
---------
mysqli Query Error
	Error Message: Failed executing database query
Date/Time: 2019-07-05 12:10:27
Query: select job_id from sob_jobs
mysqli Error: Table 'sobhanso_qd.sob_jobs' doesn't exist
---------
mysqli Query Error
	Error Message: Failed executing database query
Date/Time: 2019-07-05 12:10:27
Query: select job_id from sob_jobs
mysqli Error: Table 'sobhanso_qd.sob_jobs' doesn't exist
---------
mysqli Query Error
	Error Message: Failed executing database query
Date/Time: 2019-07-05 12:10:27
Query: select job_id from sob_jobs
mysqli Error: Table 'sobhanso_qd.sob_jobs' doesn't exist
---------
mysqli Query Error
	Error Message: Failed executing database query
Date/Time: 2019-07-05 12:10:26
Query: select job_id from sob_jobs
mysqli Error: Table 'sobhanso_qd.sob_jobs' doesn't exist
---------
mysqli Query Error
	Error Message: Failed executing database query
Date/Time: 2019-07-05 12:10:26
Query: select job_id from sob_jobs
mysqli Error: Table 'sobhanso_qd.sob_jobs' doesn't exist
---------
mysqli Query Error
	Error Message: Failed executing database query
Date/Time: 2019-07-05 12:10:26
Query: select job_id from sob_jobs
mysqli Error: Table 'sobhanso_qd.sob_jobs' doesn't exist
---------
mysqli Query Error
	Error Message: Failed executing database query
Date/Time: 2019-07-05 12:10:26
Query: select job_id from sob_jobs
mysqli Error: Table 'sobhanso_qd.sob_jobs' doesn't exist
---------
mysqli Query Error
	Error Message: Failed executing database query
Date/Time: 2019-07-05 12:10:25
Query: select job_id from sob_jobs
mysqli Error: Table 'sobhanso_qd.sob_jobs' doesn't exist
---------
mysqli Query Error
	Error Message: Failed executing database query
Date/Time: 2019-07-05 12:10:25
Query: select job_id from sob_jobs
mysqli Error: Table 'sobhanso_qd.sob_jobs' doesn't exist
---------
mysqli Query Error
	Error Message: Failed executing database query
Date/Time: 2019-07-05 12:10:25
Query: select job_id from sob_jobs
mysqli Error: Table 'sobhanso_qd.sob_jobs' doesn't exist
---------
mysqli Query Error
	Error Message: Failed executing database query
Date/Time: 2019-07-05 12:10:25
Query: select job_id from sob_jobs
mysqli Error: Table 'sobhanso_qd.sob_jobs' doesn't exist
---------
mysqli Query Error
	Error Message: Failed executing database query
Date/Time: 2019-07-04 23:10:46
Query: select job_id from sob_jobs
mysqli Error: Table 'sobhanso_qd.sob_jobs' doesn't exist
---------
mysqli Query Error
	Error Message: Failed executing database query
Date/Time: 2019-07-04 23:10:46
Query: select job_id from sob_jobs
mysqli Error: Table 'sobhanso_qd.sob_jobs' doesn't exist
---------
mysqli Query Error
	Error Message: Failed executing database query
Date/Time: 2019-07-04 23:10:45
Query: select job_id from sob_jobs
mysqli Error: Table 'sobhanso_qd.sob_jobs' doesn't exist
---------
mysqli Query Error
	Error Message: Failed executing database query
Date/Time: 2019-07-04 23:10:45
Query: select job_id from sob_jobs
mysqli Error: Table 'sobhanso_qd.sob_jobs' doesn't exist
---------
mysqli Query Error
	Error Message: Failed executing database query
Date/Time: 2019-07-04 23:10:44
Query: select job_id from sob_jobs
mysqli Error: Table 'sobhanso_qd.sob_jobs' doesn't exist
---------
mysqli Query Error
	Error Message: Failed executing database query
Date/Time: 2019-07-04 23:10:44
Query: select job_id from sob_jobs
mysqli Error: Table 'sobhanso_qd.sob_jobs' doesn't exist
---------
mysqli Query Error
	Error Message: Failed executing database query
Date/Time: 2019-07-04 23:10:44
Query: select job_id from sob_jobs
mysqli Error: Table 'sobhanso_qd.sob_jobs' doesn't exist
---------
mysqli Query Error
	Error Message: Failed executing database query
Date/Time: 2019-07-04 23:10:44
Query: select job_id from sob_jobs
mysqli Error: Table 'sobhanso_qd.sob_jobs' doesn't exist
---------
mysqli Query Error
	Error Message: Failed executing database query
Date/Time: 2019-07-04 23:10:43
Query: select job_id from sob_jobs
mysqli Error: Table 'sobhanso_qd.sob_jobs' doesn't exist
---------
mysqli Query Error
	Error Message: Failed executing database query
Date/Time: 2019-07-04 23:10:43
Query: select job_id from sob_jobs
mysqli Error: Table 'sobhanso_qd.sob_jobs' doesn't exist
---------
mysqli Query Error
	Error Message: Failed executing database query
Date/Time: 2019-07-04 23:10:43
Query: select job_id from sob_jobs
mysqli Error: Table 'sobhanso_qd.sob_jobs' doesn't exist
---------
mysqli Query Error
	Error Message: Failed executing database query
Date/Time: 2019-07-04 23:10:43
Query: select job_id from sob_jobs
mysqli Error: Table 'sobhanso_qd.sob_jobs' doesn't exist
---------
mysqli Query Error
	Error Message: Failed executing database query
Date/Time: 2019-07-04 23:10:42
Query: select job_id from sob_jobs
mysqli Error: Table 'sobhanso_qd.sob_jobs' doesn't exist
---------
mysqli Query Error
	Error Message: Failed executing database query
Date/Time: 2019-07-04 23:10:42
Query: select job_id from sob_jobs
mysqli Error: Table 'sobhanso_qd.sob_jobs' doesn't exist
---------
mysqli Query Error
	Error Message: Failed executing database query
Date/Time: 2019-07-04 23:10:42
Query: select job_id from sob_jobs
mysqli Error: Table 'sobhanso_qd.sob_jobs' doesn't exist
---------
mysqli Query Error
	Error Message: Failed executing database query
Date/Time: 2019-07-04 23:10:42
Query: select job_id from sob_jobs
mysqli Error: Table 'sobhanso_qd.sob_jobs' doesn't exist
---------
mysqli Query Error
	Error Message: Failed executing database query
Date/Time: 2019-07-04 13:20:08
Query: select job_id from sob_jobs
mysqli Error: Table 'sobhanso_qd.sob_jobs' doesn't exist
---------
mysqli Query Error
	Error Message: Failed executing database query
Date/Time: 2019-07-04 13:20:08
Query: select job_id from sob_jobs
mysqli Error: Table 'sobhanso_qd.sob_jobs' doesn't exist
---------
mysqli Query Error
	Error Message: Failed executing database query
Date/Time: 2019-07-04 13:20:05
Query: select job_id from sob_jobs
mysqli Error: Table 'sobhanso_qd.sob_jobs' doesn't exist
---------
mysqli Query Error
	Error Message: Failed executing database query
Date/Time: 2019-07-04 13:20:05
Query: select job_id from sob_jobs
mysqli Error: Table 'sobhanso_qd.sob_jobs' doesn't exist
---------
mysqli Query Error
	Error Message: Failed executing database query
Date/Time: 2019-07-04 09:00:08
Query: select job_id from sob_jobs
mysqli Error: Table 'sobhanso_qd.sob_jobs' doesn't exist
---------
mysqli Query Error
	Error Message: Failed executing database query
Date/Time: 2019-07-04 09:00:08
Query: select job_id from sob_jobs
mysqli Error: Table 'sobhanso_qd.sob_jobs' doesn't exist
---------
mysqli Query Error
	Error Message: Failed executing database query
Date/Time: 2019-07-03 20:50:46
Query: select job_id from sob_jobs
mysqli Error: Table 'sobhanso_qd.sob_jobs' doesn't exist
---------
mysqli Query Error
	Error Message: Failed executing database query
Date/Time: 2019-07-03 20:50:46
Query: select job_id from sob_jobs
mysqli Error: Table 'sobhanso_qd.sob_jobs' doesn't exist
---------
mysqli Query Error
	Error Message: Failed executing database query
Date/Time: 2019-07-03 20:50:44
Query: select job_id from sob_jobs
mysqli Error: Table 'sobhanso_qd.sob_jobs' doesn't exist
---------
mysqli Query Error
	Error Message: Failed executing database query
Date/Time: 2019-07-03 20:50:44
Query: select job_id from sob_jobs
mysqli Error: Table 'sobhanso_qd.sob_jobs' doesn't exist
---------
mysqli Query Error
	Error Message: Failed executing database query
Date/Time: 2019-07-03 20:50:42
Query: select job_id from sob_jobs
mysqli Error: Table 'sobhanso_qd.sob_jobs' doesn't exist
---------
mysqli Query Error
	Error Message: Failed executing database query
Date/Time: 2019-07-03 20:50:42
Query: select job_id from sob_jobs
mysqli Error: Table 'sobhanso_qd.sob_jobs' doesn't exist
---------
mysqli Query Error
	Error Message: Failed executing database query
Date/Time: 2019-07-03 20:50:42
Query: select job_id from sob_jobs
mysqli Error: Table 'sobhanso_qd.sob_jobs' doesn't exist
---------
mysqli Query Error
	Error Message: Failed executing database query
Date/Time: 2019-07-03 20:50:42
Query: select job_id from sob_jobs
mysqli Error: Table 'sobhanso_qd.sob_jobs' doesn't exist
---------
mysqli Query Error
	Error Message: Failed executing database query
Date/Time: 2019-07-03 20:50:39
Query: select job_id from sob_jobs
mysqli Error: Table 'sobhanso_qd.sob_jobs' doesn't exist
---------
mysqli Query Error
	Error Message: Failed executing database query
Date/Time: 2019-07-03 20:50:39
Query: select job_id from sob_jobs
mysqli Error: Table 'sobhanso_qd.sob_jobs' doesn't exist
---------
mysqli Query Error
	Error Message: Failed executing database query
Date/Time: 2019-07-01 23:29:24
Query: select job_id from sob_jobs
mysqli Error: Table 'sobhanso_qd.sob_jobs' doesn't exist
---------
mysqli Query Error
	Error Message: Failed executing database query
Date/Time: 2019-07-01 23:29:24
Query: select job_id from sob_jobs
mysqli Error: Table 'sobhanso_qd.sob_jobs' doesn't exist
---------
mysqli Query Error
	Error Message: Failed executing database query
Date/Time: 2019-07-01 23:29:24
Query: select job_id from sob_jobs
mysqli Error: Table 'sobhanso_qd.sob_jobs' doesn't exist
---------
mysqli Query Error
	Error Message: Failed executing database query
Date/Time: 2019-07-01 23:29:24
Query: select job_id from sob_jobs
mysqli Error: Table 'sobhanso_qd.sob_jobs' doesn't exist
---------
mysqli Query Error
	Error Message: Failed executing database query
Date/Time: 2019-07-01 23:29:23
Query: select job_id from sob_jobs
mysqli Error: Table 'sobhanso_qd.sob_jobs' doesn't exist
---------
mysqli Query Error
	Error Message: Failed executing database query
Date/Time: 2019-07-01 23:29:23
Query: select job_id from sob_jobs
mysqli Error: Table 'sobhanso_qd.sob_jobs' doesn't exist
---------
mysqli Query Error
	Error Message: Failed executing database query
Date/Time: 2019-07-01 23:29:22
Query: select job_id from sob_jobs
mysqli Error: Table 'sobhanso_qd.sob_jobs' doesn't exist
---------
mysqli Query Error
	Error Message: Failed executing database query
Date/Time: 2019-07-01 23:29:22
Query: select job_id from sob_jobs
mysqli Error: Table 'sobhanso_qd.sob_jobs' doesn't exist
---------
mysqli Query Error
	Error Message: Failed executing database query
Date/Time: 2019-07-01 23:29:21
Query: select job_id from sob_jobs
mysqli Error: Table 'sobhanso_qd.sob_jobs' doesn't exist
---------
mysqli Query Error
	Error Message: Failed executing database query
Date/Time: 2019-07-01 23:29:21
Query: select job_id from sob_jobs
mysqli Error: Table 'sobhanso_qd.sob_jobs' doesn't exist
---------
mysqli Query Error
	Error Message: Failed executing database query
Date/Time: 2019-07-01 23:29:21
Query: select job_id from sob_jobs
mysqli Error: Table 'sobhanso_qd.sob_jobs' doesn't exist
---------
mysqli Query Error
	Error Message: Failed executing database query
Date/Time: 2019-07-01 23:29:21
Query: select job_id from sob_jobs
mysqli Error: Table 'sobhanso_qd.sob_jobs' doesn't exist
---------
mysqli Query Error
	Error Message: Failed executing database query
Date/Time: 2019-07-01 23:29:20
Query: select job_id from sob_jobs
mysqli Error: Table 'sobhanso_qd.sob_jobs' doesn't exist
---------
mysqli Query Error
	Error Message: Failed executing database query
Date/Time: 2019-07-01 23:29:20
Query: select job_id from sob_jobs
mysqli Error: Table 'sobhanso_qd.sob_jobs' doesn't exist
---------
mysqli Query Error
	Error Message: Failed executing database query
Date/Time: 2019-07-01 23:29:19
Query: select job_id from sob_jobs
mysqli Error: Table 'sobhanso_qd.sob_jobs' doesn't exist
---------
mysqli Query Error
	Error Message: Failed executing database query
Date/Time: 2019-07-01 23:29:19
Query: select job_id from sob_jobs
mysqli Error: Table 'sobhanso_qd.sob_jobs' doesn't exist
---------
mysqli Query Error
	Error Message: Failed executing database query
Date/Time: 2019-07-01 20:41:58
Query: select job_id from sob_jobs
mysqli Error: Table 'sobhanso_qd.sob_jobs' doesn't exist
---------
mysqli Query Error
	Error Message: Failed executing database query
Date/Time: 2019-07-01 20:41:58
Query: select job_id from sob_jobs
mysqli Error: Table 'sobhanso_qd.sob_jobs' doesn't exist
---------
mysqli Query Error
	Error Message: Failed executing database query
Date/Time: 2019-07-01 20:41:58
Query: select job_id from sob_jobs
mysqli Error: Table 'sobhanso_qd.sob_jobs' doesn't exist
---------
mysqli Query Error
	Error Message: Failed executing database query
Date/Time: 2019-07-01 20:41:58
Query: select job_id from sob_jobs
mysqli Error: Table 'sobhanso_qd.sob_jobs' doesn't exist
---------
mysqli Query Error
	Error Message: Failed executing database query
Date/Time: 2019-07-01 20:41:56
Query: select job_id from sob_jobs
mysqli Error: Table 'sobhanso_qd.sob_jobs' doesn't exist
---------
mysqli Query Error
	Error Message: Failed executing database query
Date/Time: 2019-07-01 20:41:56
Query: select job_id from sob_jobs
mysqli Error: Table 'sobhanso_qd.sob_jobs' doesn't exist
---------
mysqli Query Error
	Error Message: Failed executing database query
Date/Time: 2019-07-01 20:41:56
Query: select job_id from sob_jobs
mysqli Error: Table 'sobhanso_qd.sob_jobs' doesn't exist
---------
mysqli Query Error
	Error Message: Failed executing database query
Date/Time: 2019-07-01 20:41:56
Query: select job_id from sob_jobs
mysqli Error: Table 'sobhanso_qd.sob_jobs' doesn't exist
---------
mysqli Query Error
	Error Message: Failed executing database query
Date/Time: 2019-07-01 20:41:55
Query: select job_id from sob_jobs
mysqli Error: Table 'sobhanso_qd.sob_jobs' doesn't exist
---------
mysqli Query Error
	Error Message: Failed executing database query
Date/Time: 2019-07-01 20:41:55
Query: select job_id from sob_jobs
mysqli Error: Table 'sobhanso_qd.sob_jobs' doesn't exist
---------
mysqli Query Error
	Error Message: Failed executing database query
Date/Time: 2019-07-01 20:41:54
Query: select job_id from sob_jobs
mysqli Error: Table 'sobhanso_qd.sob_jobs' doesn't exist
---------
mysqli Query Error
	Error Message: Failed executing database query
Date/Time: 2019-07-01 20:41:54
Query: select job_id from sob_jobs
mysqli Error: Table 'sobhanso_qd.sob_jobs' doesn't exist
---------
mysqli Query Error
	Error Message: Failed executing database query
Date/Time: 2019-07-01 20:41:54
Query: select job_id from sob_jobs
mysqli Error: Table 'sobhanso_qd.sob_jobs' doesn't exist
---------
mysqli Query Error
	Error Message: Failed executing database query
Date/Time: 2019-07-01 20:41:54
Query: select job_id from sob_jobs
mysqli Error: Table 'sobhanso_qd.sob_jobs' doesn't exist
---------
mysqli Query Error
	Error Message: Failed executing database query
Date/Time: 2019-07-01 20:41:53
Query: select job_id from sob_jobs
mysqli Error: Table 'sobhanso_qd.sob_jobs' doesn't exist
---------
mysqli Query Error
	Error Message: Failed executing database query
Date/Time: 2019-07-01 20:41:53
Query: select job_id from sob_jobs
mysqli Error: Table 'sobhanso_qd.sob_jobs' doesn't exist
---------
mysqli Query Error
	Error Message: Failed executing database query
Date/Time: 2019-07-01 12:50:26
Query: select job_id from sob_jobs
mysqli Error: Table 'sobhanso_qd.sob_jobs' doesn't exist
---------
mysqli Query Error
	Error Message: Failed executing database query
Date/Time: 2019-07-01 12:50:26
Query: select job_id from sob_jobs
mysqli Error: Table 'sobhanso_qd.sob_jobs' doesn't exist
---------
mysqli Query Error
	Error Message: Failed executing database query
Date/Time: 2019-06-30 13:55:26
Query: select job_id from sob_jobs
mysqli Error: Table 'sobhanso_qd.sob_jobs' doesn't exist
---------
mysqli Query Error
	Error Message: Failed executing database query
Date/Time: 2019-06-30 13:55:26
Query: select job_id from sob_jobs
mysqli Error: Table 'sobhanso_qd.sob_jobs' doesn't exist
---------
mysqli Query Error
	Error Message: Failed executing database query
Date/Time: 2019-06-30 13:55:25
Query: select job_id from sob_jobs
mysqli Error: Table 'sobhanso_qd.sob_jobs' doesn't exist
---------
mysqli Query Error
	Error Message: Failed executing database query
Date/Time: 2019-06-30 13:55:25
Query: select job_id from sob_jobs
mysqli Error: Table 'sobhanso_qd.sob_jobs' doesn't exist
---------
mysqli Query Error
	Error Message: Failed executing database query
Date/Time: 2019-06-30 13:55:25
Query: select job_id from sob_jobs
mysqli Error: Table 'sobhanso_qd.sob_jobs' doesn't exist
---------
mysqli Query Error
	Error Message: Failed executing database query
Date/Time: 2019-06-30 13:55:25
Query: select job_id from sob_jobs
mysqli Error: Table 'sobhanso_qd.sob_jobs' doesn't exist
---------
mysqli Query Error
	Error Message: Failed executing database query
Date/Time: 2019-06-30 13:55:24
Query: select job_id from sob_jobs
mysqli Error: Table 'sobhanso_qd.sob_jobs' doesn't exist
---------
mysqli Query Error
	Error Message: Failed executing database query
Date/Time: 2019-06-30 13:55:24
Query: select job_id from sob_jobs
mysqli Error: Table 'sobhanso_qd.sob_jobs' doesn't exist
---------
mysqli Query Error
	Error Message: Failed executing database query
Date/Time: 2019-06-30 13:55:24
Query: select job_id from sob_jobs
mysqli Error: Table 'sobhanso_qd.sob_jobs' doesn't exist
---------
mysqli Query Error
	Error Message: Failed executing database query
Date/Time: 2019-06-30 13:55:24
Query: select job_id from sob_jobs
mysqli Error: Table 'sobhanso_qd.sob_jobs' doesn't exist
---------
mysqli Query Error
	Error Message: Failed executing database query
Date/Time: 2019-06-30 13:55:23
Query: select job_id from sob_jobs
mysqli Error: Table 'sobhanso_qd.sob_jobs' doesn't exist
---------
mysqli Query Error
	Error Message: Failed executing database query
Date/Time: 2019-06-30 13:55:23
Query: select job_id from sob_jobs
mysqli Error: Table 'sobhanso_qd.sob_jobs' doesn't exist
---------
mysqli Query Error
	Error Message: Failed executing database query
Date/Time: 2019-06-29 23:01:35
Query: select job_id from sob_jobs
mysqli Error: Table 'sobhanso_qd.sob_jobs' doesn't exist
---------
mysqli Query Error
	Error Message: Failed executing database query
Date/Time: 2019-06-29 23:01:35
Query: select job_id from sob_jobs
mysqli Error: Table 'sobhanso_qd.sob_jobs' doesn't exist
---------
mysqli Query Error
	Error Message: Failed executing database query
Date/Time: 2019-06-29 23:01:34
Query: select job_id from sob_jobs
mysqli Error: Table 'sobhanso_qd.sob_jobs' doesn't exist
---------
mysqli Query Error
	Error Message: Failed executing database query
Date/Time: 2019-06-29 23:01:34
Query: select job_id from sob_jobs
mysqli Error: Table 'sobhanso_qd.sob_jobs' doesn't exist
---------
mysqli Query Error
	Error Message: Failed executing database query
Date/Time: 2019-06-29 23:01:34
Query: select job_id from sob_jobs
mysqli Error: Table 'sobhanso_qd.sob_jobs' doesn't exist
---------
mysqli Query Error
	Error Message: Failed executing database query
Date/Time: 2019-06-29 23:01:34
Query: select job_id from sob_jobs
mysqli Error: Table 'sobhanso_qd.sob_jobs' doesn't exist
---------
mysqli Query Error
	Error Message: Failed executing database query
Date/Time: 2019-06-29 23:01:33
Query: select job_id from sob_jobs
mysqli Error: Table 'sobhanso_qd.sob_jobs' doesn't exist
---------
mysqli Query Error
	Error Message: Failed executing database query
Date/Time: 2019-06-29 23:01:33
Query: select job_id from sob_jobs
mysqli Error: Table 'sobhanso_qd.sob_jobs' doesn't exist
---------
mysqli Query Error
	Error Message: Failed executing database query
Date/Time: 2019-06-29 23:01:31
Query: select job_id from sob_jobs
mysqli Error: Table 'sobhanso_qd.sob_jobs' doesn't exist
---------
mysqli Query Error
	Error Message: Failed executing database query
Date/Time: 2019-06-29 23:01:31
Query: select job_id from sob_jobs
mysqli Error: Table 'sobhanso_qd.sob_jobs' doesn't exist
---------
mysqli Query Error
	Error Message: Failed executing database query
Date/Time: 2019-06-27 10:05:10
Query: select job_id from sob_jobs
mysqli Error: Table 'sobhanso_qd.sob_jobs' doesn't exist
---------
mysqli Query Error
	Error Message: Failed executing database query
Date/Time: 2019-06-27 10:05:10
Query: select job_id from sob_jobs
mysqli Error: Table 'sobhanso_qd.sob_jobs' doesn't exist
---------
mysqli Query Error
	Error Message: Failed executing database query
Date/Time: 2019-06-27 07:17:53
Query: select job_id from sob_jobs
mysqli Error: Table 'sobhanso_qd.sob_jobs' doesn't exist
---------
mysqli Query Error
	Error Message: Failed executing database query
Date/Time: 2019-06-27 07:17:53
Query: select job_id from sob_jobs
mysqli Error: Table 'sobhanso_qd.sob_jobs' doesn't exist
---------
mysqli Query Error
	Error Message: Failed executing database query
Date/Time: 2019-06-25 23:50:20
Query: select job_id from sob_jobs
mysqli Error: Table 'sobhanso_qd.sob_jobs' doesn't exist
---------
mysqli Query Error
	Error Message: Failed executing database query
Date/Time: 2019-06-25 23:50:20
Query: select job_id from sob_jobs
mysqli Error: Table 'sobhanso_qd.sob_jobs' doesn't exist
---------
mysqli Query Error
	Error Message: Failed executing database query
Date/Time: 2019-06-25 18:17:51
Query: select job_id from sob_jobs
mysqli Error: Table 'sobhanso_qd.sob_jobs' doesn't exist
---------
mysqli Query Error
	Error Message: Failed executing database query
Date/Time: 2019-06-25 18:17:51
Query: select job_id from sob_jobs
mysqli Error: Table 'sobhanso_qd.sob_jobs' doesn't exist
---------
mysqli Query Error
	Error Message: Failed executing database query
Date/Time: 2019-06-25 18:17:49
Query: select job_id from sob_jobs
mysqli Error: Table 'sobhanso_qd.sob_jobs' doesn't exist
---------
mysqli Query Error
	Error Message: Failed executing database query
Date/Time: 2019-06-25 18:17:49
Query: select job_id from sob_jobs
mysqli Error: Table 'sobhanso_qd.sob_jobs' doesn't exist
---------
mysqli Query Error
	Error Message: Failed executing database query
Date/Time: 2019-06-25 18:17:47
Query: select job_id from sob_jobs
mysqli Error: Table 'sobhanso_qd.sob_jobs' doesn't exist
---------
mysqli Query Error
	Error Message: Failed executing database query
Date/Time: 2019-06-25 18:17:47
Query: select job_id from sob_jobs
mysqli Error: Table 'sobhanso_qd.sob_jobs' doesn't exist
---------
mysqli Query Error
	Error Message: Failed executing database query
Date/Time: 2019-06-25 18:16:54
Query: select job_id from sob_jobs
mysqli Error: Table 'sobhanso_qd.sob_jobs' doesn't exist
---------
mysqli Query Error
	Error Message: Failed executing database query
Date/Time: 2019-06-25 18:16:54
Query: select job_id from sob_jobs
mysqli Error: Table 'sobhanso_qd.sob_jobs' doesn't exist
---------
mysqli Query Error
	Error Message: Failed executing database query
Date/Time: 2019-06-25 18:16:48
Query: select job_id from sob_jobs
mysqli Error: Table 'sobhanso_qd.sob_jobs' doesn't exist
---------
mysqli Query Error
	Error Message: Failed executing database query
Date/Time: 2019-06-25 18:16:48
Query: select job_id from sob_jobs
mysqli Error: Table 'sobhanso_qd.sob_jobs' doesn't exist
---------
mysqli Query Error
	Error Message: Failed executing database query
Date/Time: 2019-06-25 18:16:46
Query: select job_id from sob_jobs
mysqli Error: Table 'sobhanso_qd.sob_jobs' doesn't exist
---------
mysqli Query Error
	Error Message: Failed executing database query
Date/Time: 2019-06-25 18:16:46
Query: select job_id from sob_jobs
mysqli Error: Table 'sobhanso_qd.sob_jobs' doesn't exist
---------
mysqli Query Error
	Error Message: Failed executing database query
Date/Time: 2019-06-25 18:16:43
Query: select job_id from sob_jobs
mysqli Error: Table 'sobhanso_qd.sob_jobs' doesn't exist
---------
mysqli Query Error
	Error Message: Failed executing database query
Date/Time: 2019-06-25 18:16:43
Query: select job_id from sob_jobs
mysqli Error: Table 'sobhanso_qd.sob_jobs' doesn't exist
---------
mysqli Query Error
	Error Message: Failed executing database query
Date/Time: 2019-06-25 18:16:20
Query: select job_id from sob_jobs
mysqli Error: Table 'sobhanso_qd.sob_jobs' doesn't exist
---------
mysqli Query Error
	Error Message: Failed executing database query
Date/Time: 2019-06-25 18:16:20
Query: select job_id from sob_jobs
mysqli Error: Table 'sobhanso_qd.sob_jobs' doesn't exist
---------
mysqli Query Error
	Error Message: Failed executing database query
Date/Time: 2019-06-25 18:16:19
Query: select job_id from sob_jobs
mysqli Error: Table 'sobhanso_qd.sob_jobs' doesn't exist
---------
mysqli Query Error
	Error Message: Failed executing database query
Date/Time: 2019-06-25 18:16:19
Query: select job_id from sob_jobs
mysqli Error: Table 'sobhanso_qd.sob_jobs' doesn't exist
---------
mysqli Query Error
	Error Message: Failed executing database query
Date/Time: 2019-06-25 18:16:12
Query: select job_id from sob_jobs
mysqli Error: Table 'sobhanso_qd.sob_jobs' doesn't exist
---------
mysqli Query Error
	Error Message: Failed executing database query
Date/Time: 2019-06-25 18:16:12
Query: select job_id from sob_jobs
mysqli Error: Table 'sobhanso_qd.sob_jobs' doesn't exist
---------
mysqli Query Error
	Error Message: Failed executing database query
Date/Time: 2019-06-25 05:14:26
Query: select job_id from sob_jobs
mysqli Error: Table 'sobhanso_qd.sob_jobs' doesn't exist
---------
mysqli Query Error
	Error Message: Failed executing database query
Date/Time: 2019-06-25 05:14:26
Query: select job_id from sob_jobs
mysqli Error: Table 'sobhanso_qd.sob_jobs' doesn't exist
---------
mysqli Query Error
	Error Message: Failed executing database query
Date/Time: 2019-06-25 05:14:26
Query: select job_id from sob_jobs
mysqli Error: Table 'sobhanso_qd.sob_jobs' doesn't exist
---------
mysqli Query Error
	Error Message: Failed executing database query
Date/Time: 2019-06-25 05:14:26
Query: select job_id from sob_jobs
mysqli Error: Table 'sobhanso_qd.sob_jobs' doesn't exist
---------
mysqli Query Error
	Error Message: Failed executing database query
Date/Time: 2019-06-25 05:14:25
Query: select job_id from sob_jobs
mysqli Error: Table 'sobhanso_qd.sob_jobs' doesn't exist
---------
mysqli Query Error
	Error Message: Failed executing database query
Date/Time: 2019-06-25 05:14:25
Query: select job_id from sob_jobs
mysqli Error: Table 'sobhanso_qd.sob_jobs' doesn't exist
---------
mysqli Query Error
	Error Message: Failed executing database query
Date/Time: 2019-06-25 05:14:24
Query: select job_id from sob_jobs
mysqli Error: Table 'sobhanso_qd.sob_jobs' doesn't exist
---------
mysqli Query Error
	Error Message: Failed executing database query
Date/Time: 2019-06-25 05:14:24
Query: select job_id from sob_jobs
mysqli Error: Table 'sobhanso_qd.sob_jobs' doesn't exist
---------
mysqli Query Error
	Error Message: Failed executing database query
Date/Time: 2019-06-25 05:14:23
Query: select job_id from sob_jobs
mysqli Error: Table 'sobhanso_qd.sob_jobs' doesn't exist
---------
mysqli Query Error
	Error Message: Failed executing database query
Date/Time: 2019-06-25 05:14:23
Query: select job_id from sob_jobs
mysqli Error: Table 'sobhanso_qd.sob_jobs' doesn't exist
---------
mysqli Query Error
	Error Message: Failed executing database query
Date/Time: 2019-06-24 23:50:11
Query: select job_id from sob_jobs
mysqli Error: Table 'sobhanso_qd.sob_jobs' doesn't exist
---------
mysqli Query Error
	Error Message: Failed executing database query
Date/Time: 2019-06-24 23:50:11
Query: select job_id from sob_jobs
mysqli Error: Table 'sobhanso_qd.sob_jobs' doesn't exist
---------
mysqli Query Error
	Error Message: Failed executing database query
Date/Time: 2019-06-24 23:50:10
Query: select job_id from sob_jobs
mysqli Error: Table 'sobhanso_qd.sob_jobs' doesn't exist
---------
mysqli Query Error
	Error Message: Failed executing database query
Date/Time: 2019-06-24 23:50:10
Query: select job_id from sob_jobs
mysqli Error: Table 'sobhanso_qd.sob_jobs' doesn't exist
---------
mysqli Query Error
	Error Message: Failed executing database query
Date/Time: 2019-06-24 23:50:10
Query: select job_id from sob_jobs
mysqli Error: Table 'sobhanso_qd.sob_jobs' doesn't exist
---------
mysqli Query Error
	Error Message: Failed executing database query
Date/Time: 2019-06-24 23:50:10
Query: select job_id from sob_jobs
mysqli Error: Table 'sobhanso_qd.sob_jobs' doesn't exist
---------
mysqli Query Error
	Error Message: Failed executing database query
Date/Time: 2019-06-24 23:50:09
Query: select job_id from sob_jobs
mysqli Error: Table 'sobhanso_qd.sob_jobs' doesn't exist
---------
mysqli Query Error
	Error Message: Failed executing database query
Date/Time: 2019-06-24 23:50:09
Query: select job_id from sob_jobs
mysqli Error: Table 'sobhanso_qd.sob_jobs' doesn't exist
---------
mysqli Query Error
	Error Message: Failed executing database query
Date/Time: 2019-06-24 14:28:50
Query: select job_id from sob_jobs
mysqli Error: Table 'sobhanso_qd.sob_jobs' doesn't exist
---------
mysqli Query Error
	Error Message: Failed executing database query
Date/Time: 2019-06-24 14:28:50
Query: select job_id from sob_jobs
mysqli Error: Table 'sobhanso_qd.sob_jobs' doesn't exist
---------
mysqli Query Error
	Error Message: Failed executing database query
Date/Time: 2019-06-24 12:06:47
Query: select job_id from sob_jobs
mysqli Error: Table 'sobhanso_qd.sob_jobs' doesn't exist
---------
mysqli Query Error
	Error Message: Failed executing database query
Date/Time: 2019-06-24 12:06:47
Query: select job_id from sob_jobs
mysqli Error: Table 'sobhanso_qd.sob_jobs' doesn't exist
---------
mysqli Query Error
	Error Message: Failed executing database query
Date/Time: 2019-06-22 04:40:03
Query: select job_id from sob_jobs
mysqli Error: Table 'sobhanso_qd.sob_jobs' doesn't exist
---------
mysqli Query Error
	Error Message: Failed executing database query
Date/Time: 2019-06-22 04:40:03
Query: select job_id from sob_jobs
mysqli Error: Table 'sobhanso_qd.sob_jobs' doesn't exist
---------
mysqli Query Error
	Error Message: Failed executing database query
Date/Time: 2019-06-22 04:40:00
Query: select job_id from sob_jobs
mysqli Error: Table 'sobhanso_qd.sob_jobs' doesn't exist
---------
mysqli Query Error
	Error Message: Failed executing database query
Date/Time: 2019-06-22 04:40:00
Query: select job_id from sob_jobs
mysqli Error: Table 'sobhanso_qd.sob_jobs' doesn't exist
---------
mysqli Query Error
	Error Message: Failed executing database query
Date/Time: 2019-06-22 04:39:58
Query: select job_id from sob_jobs
mysqli Error: Table 'sobhanso_qd.sob_jobs' doesn't exist
---------
mysqli Query Error
	Error Message: Failed executing database query
Date/Time: 2019-06-22 04:39:58
Query: select job_id from sob_jobs
mysqli Error: Table 'sobhanso_qd.sob_jobs' doesn't exist
---------
mysqli Query Error
	Error Message: Failed executing database query
Date/Time: 2019-06-22 04:39:56
Query: select job_id from sob_jobs
mysqli Error: Table 'sobhanso_qd.sob_jobs' doesn't exist
---------
mysqli Query Error
	Error Message: Failed executing database query
Date/Time: 2019-06-22 04:39:56
Query: select job_id from sob_jobs
mysqli Error: Table 'sobhanso_qd.sob_jobs' doesn't exist
---------
mysqli Query Error
	Error Message: Failed executing database query
Date/Time: 2019-06-22 04:39:55
Query: select job_id from sob_jobs
mysqli Error: Table 'sobhanso_qd.sob_jobs' doesn't exist
---------
mysqli Query Error
	Error Message: Failed executing database query
Date/Time: 2019-06-22 04:39:55
Query: select job_id from sob_jobs
mysqli Error: Table 'sobhanso_qd.sob_jobs' doesn't exist
---------
mysqli Query Error
	Error Message: Failed executing database query
Date/Time: 2019-06-22 04:39:53
Query: select job_id from sob_jobs
mysqli Error: Table 'sobhanso_qd.sob_jobs' doesn't exist
---------
mysqli Query Error
	Error Message: Failed executing database query
Date/Time: 2019-06-22 04:39:53
Query: select job_id from sob_jobs
mysqli Error: Table 'sobhanso_qd.sob_jobs' doesn't exist
---------
mysqli Query Error
	Error Message: Failed executing database query
Date/Time: 2019-06-22 04:39:51
Query: select job_id from sob_jobs
mysqli Error: Table 'sobhanso_qd.sob_jobs' doesn't exist
---------
mysqli Query Error
	Error Message: Failed executing database query
Date/Time: 2019-06-22 04:39:51
Query: select job_id from sob_jobs
mysqli Error: Table 'sobhanso_qd.sob_jobs' doesn't exist
---------
mysqli Query Error
	Error Message: Failed executing database query
Date/Time: 2019-06-22 04:37:17
Query: select job_id from sob_jobs
mysqli Error: Table 'sobhanso_qd.sob_jobs' doesn't exist
---------
mysqli Query Error
	Error Message: Failed executing database query
Date/Time: 2019-06-22 04:37:17
Query: select job_id from sob_jobs
mysqli Error: Table 'sobhanso_qd.sob_jobs' doesn't exist
---------
mysqli Query Error
	Error Message: Failed executing database query
Date/Time: 2019-06-22 04:37:12
Query: select job_id from sob_jobs
mysqli Error: Table 'sobhanso_qd.sob_jobs' doesn't exist
---------
mysqli Query Error
	Error Message: Failed executing database query
Date/Time: 2019-06-22 04:37:12
Query: select job_id from sob_jobs
mysqli Error: Table 'sobhanso_qd.sob_jobs' doesn't exist
---------
mysqli Query Error
	Error Message: Failed executing database query
Date/Time: 2019-06-22 04:37:06
Query: select job_id from sob_jobs
mysqli Error: Table 'sobhanso_qd.sob_jobs' doesn't exist
---------
mysqli Query Error
	Error Message: Failed executing database query
Date/Time: 2019-06-22 04:37:06
Query: select job_id from sob_jobs
mysqli Error: Table 'sobhanso_qd.sob_jobs' doesn't exist
---------
mysqli Query Error
	Error Message: Failed executing database query
Date/Time: 2019-06-22 04:37:01
Query: select job_id from sob_jobs
mysqli Error: Table 'sobhanso_qd.sob_jobs' doesn't exist
---------
mysqli Query Error
	Error Message: Failed executing database query
Date/Time: 2019-06-22 04:37:01
Query: select job_id from sob_jobs
mysqli Error: Table 'sobhanso_qd.sob_jobs' doesn't exist
---------
mysqli Query Error
	Error Message: Failed executing database query
Date/Time: 2019-06-22 04:36:55
Query: select job_id from sob_jobs
mysqli Error: Table 'sobhanso_qd.sob_jobs' doesn't exist
---------
mysqli Query Error
	Error Message: Failed executing database query
Date/Time: 2019-06-22 04:36:55
Query: select job_id from sob_jobs
mysqli Error: Table 'sobhanso_qd.sob_jobs' doesn't exist
---------
mysqli Query Error
	Error Message: Failed executing database query
Date/Time: 2019-06-22 04:36:50
Query: select job_id from sob_jobs
mysqli Error: Table 'sobhanso_qd.sob_jobs' doesn't exist
---------
mysqli Query Error
	Error Message: Failed executing database query
Date/Time: 2019-06-22 04:36:50
Query: select job_id from sob_jobs
mysqli Error: Table 'sobhanso_qd.sob_jobs' doesn't exist
---------
mysqli Query Error
	Error Message: Failed executing database query
Date/Time: 2019-06-22 04:36:49
Query: select job_id from sob_jobs
mysqli Error: Table 'sobhanso_qd.sob_jobs' doesn't exist
---------
mysqli Query Error
	Error Message: Failed executing database query
Date/Time: 2019-06-22 04:36:49
Query: select job_id from sob_jobs
mysqli Error: Table 'sobhanso_qd.sob_jobs' doesn't exist
---------
mysqli Query Error
	Error Message: Failed executing database query
Date/Time: 2019-06-22 00:34:36
Query: select job_id from sob_jobs
mysqli Error: Table 'sobhanso_qd.sob_jobs' doesn't exist
---------
mysqli Query Error
	Error Message: Failed executing database query
Date/Time: 2019-06-22 00:34:36
Query: select job_id from sob_jobs
mysqli Error: Table 'sobhanso_qd.sob_jobs' doesn't exist
---------
mysqli Query Error
	Error Message: Failed executing database query
Date/Time: 2019-06-20 11:34:25
Query: select job_id from sob_jobs
mysqli Error: Table 'sobhanso_qd.sob_jobs' doesn't exist
---------
mysqli Query Error
	Error Message: Failed executing database query
Date/Time: 2019-06-20 11:34:25
Query: select job_id from sob_jobs
mysqli Error: Table 'sobhanso_qd.sob_jobs' doesn't exist
---------
mysqli Query Error
	Error Message: Failed executing database query
Date/Time: 2019-06-20 11:34:16
Query: select job_id from sob_jobs
mysqli Error: Table 'sobhanso_qd.sob_jobs' doesn't exist
---------
mysqli Query Error
	Error Message: Failed executing database query
Date/Time: 2019-06-20 11:34:16
Query: select job_id from sob_jobs
mysqli Error: Table 'sobhanso_qd.sob_jobs' doesn't exist
---------
mysqli Query Error
	Error Message: Failed executing database query
Date/Time: 2019-06-20 11:34:10
Query: select job_id from sob_jobs
mysqli Error: Table 'sobhanso_qd.sob_jobs' doesn't exist
---------
mysqli Query Error
	Error Message: Failed executing database query
Date/Time: 2019-06-20 11:34:10
Query: select job_id from sob_jobs
mysqli Error: Table 'sobhanso_qd.sob_jobs' doesn't exist
---------
mysqli Query Error
	Error Message: Failed executing database query
Date/Time: 2019-06-20 11:34:06
Query: select job_id from sob_jobs
mysqli Error: Table 'sobhanso_qd.sob_jobs' doesn't exist
---------
mysqli Query Error
	Error Message: Failed executing database query
Date/Time: 2019-06-20 11:34:06
Query: select job_id from sob_jobs
mysqli Error: Table 'sobhanso_qd.sob_jobs' doesn't exist
---------
mysqli Query Error
	Error Message: Failed executing database query
Date/Time: 2019-06-20 11:34:00
Query: select job_id from sob_jobs
mysqli Error: Table 'sobhanso_qd.sob_jobs' doesn't exist
---------
mysqli Query Error
	Error Message: Failed executing database query
Date/Time: 2019-06-20 11:34:00
Query: select job_id from sob_jobs
mysqli Error: Table 'sobhanso_qd.sob_jobs' doesn't exist
---------
mysqli Query Error
	Error Message: Failed executing database query
Date/Time: 2019-06-20 11:33:38
Query: select job_id from sob_jobs
mysqli Error: Table 'sobhanso_qd.sob_jobs' doesn't exist
---------
mysqli Query Error
	Error Message: Failed executing database query
Date/Time: 2019-06-20 11:33:38
Query: select job_id from sob_jobs
mysqli Error: Table 'sobhanso_qd.sob_jobs' doesn't exist
---------
mysqli Query Error
	Error Message: Failed executing database query
Date/Time: 2019-06-20 11:33:34
Query: select job_id from sob_jobs
mysqli Error: Table 'sobhanso_qd.sob_jobs' doesn't exist
---------
mysqli Query Error
	Error Message: Failed executing database query
Date/Time: 2019-06-20 11:33:34
Query: select job_id from sob_jobs
mysqli Error: Table 'sobhanso_qd.sob_jobs' doesn't exist
---------
mysqli Query Error
	Error Message: Failed executing database query
Date/Time: 2019-06-20 10:41:14
Query: select job_id from sob_jobs
mysqli Error: Table 'sobhanso_qd.sob_jobs' doesn't exist
---------
mysqli Query Error
	Error Message: Failed executing database query
Date/Time: 2019-06-20 10:41:14
Query: select job_id from sob_jobs
mysqli Error: Table 'sobhanso_qd.sob_jobs' doesn't exist
---------
mysqli Query Error
	Error Message: Failed executing database query
Date/Time: 2019-06-19 20:44:23
Query: select job_id from sob_jobs
mysqli Error: Table 'sobhanso_qd.sob_jobs' doesn't exist
---------
mysqli Query Error
	Error Message: Failed executing database query
Date/Time: 2019-06-19 20:44:23
Query: select job_id from sob_jobs
mysqli Error: Table 'sobhanso_qd.sob_jobs' doesn't exist
---------
mysqli Query Error
	Error Message: Failed executing database query
Date/Time: 2019-06-19 20:44:22
Query: select job_id from sob_jobs
mysqli Error: Table 'sobhanso_qd.sob_jobs' doesn't exist
---------
mysqli Query Error
	Error Message: Failed executing database query
Date/Time: 2019-06-19 20:44:22
Query: select job_id from sob_jobs
mysqli Error: Table 'sobhanso_qd.sob_jobs' doesn't exist
---------
mysqli Query Error
	Error Message: Failed executing database query
Date/Time: 2019-06-19 20:44:20
Query: select job_id from sob_jobs
mysqli Error: Table 'sobhanso_qd.sob_jobs' doesn't exist
---------
mysqli Query Error
	Error Message: Failed executing database query
Date/Time: 2019-06-19 20:44:20
Query: select job_id from sob_jobs
mysqli Error: Table 'sobhanso_qd.sob_jobs' doesn't exist
---------
mysqli Query Error
	Error Message: Failed executing database query
Date/Time: 2019-06-19 20:44:19
Query: select job_id from sob_jobs
mysqli Error: Table 'sobhanso_qd.sob_jobs' doesn't exist
---------
mysqli Query Error
	Error Message: Failed executing database query
Date/Time: 2019-06-19 20:44:19
Query: select job_id from sob_jobs
mysqli Error: Table 'sobhanso_qd.sob_jobs' doesn't exist
---------
mysqli Query Error
	Error Message: Failed executing database query
Date/Time: 2019-06-19 20:44:17
Query: select job_id from sob_jobs
mysqli Error: Table 'sobhanso_qd.sob_jobs' doesn't exist
---------
mysqli Query Error
	Error Message: Failed executing database query
Date/Time: 2019-06-19 20:44:17
Query: select job_id from sob_jobs
mysqli Error: Table 'sobhanso_qd.sob_jobs' doesn't exist
---------
mysqli Query Error
	Error Message: Failed executing database query
Date/Time: 2019-06-19 20:44:16
Query: select job_id from sob_jobs
mysqli Error: Table 'sobhanso_qd.sob_jobs' doesn't exist
---------
mysqli Query Error
	Error Message: Failed executing database query
Date/Time: 2019-06-19 20:44:16
Query: select job_id from sob_jobs
mysqli Error: Table 'sobhanso_qd.sob_jobs' doesn't exist
---------
mysqli Query Error
	Error Message: Failed executing database query
Date/Time: 2019-06-19 20:44:15
Query: select job_id from sob_jobs
mysqli Error: Table 'sobhanso_qd.sob_jobs' doesn't exist
---------
mysqli Query Error
	Error Message: Failed executing database query
Date/Time: 2019-06-19 20:44:15
Query: select job_id from sob_jobs
mysqli Error: Table 'sobhanso_qd.sob_jobs' doesn't exist
---------
mysqli Query Error
	Error Message: Failed executing database query
Date/Time: 2019-06-19 20:44:14
Query: select job_id from sob_jobs
mysqli Error: Table 'sobhanso_qd.sob_jobs' doesn't exist
---------
mysqli Query Error
	Error Message: Failed executing database query
Date/Time: 2019-06-19 20:44:14
Query: select job_id from sob_jobs
mysqli Error: Table 'sobhanso_qd.sob_jobs' doesn't exist
---------
mysqli Query Error
	Error Message: Failed executing database query
Date/Time: 2019-06-19 20:44:13
Query: select job_id from sob_jobs
mysqli Error: Table 'sobhanso_qd.sob_jobs' doesn't exist
---------
mysqli Query Error
	Error Message: Failed executing database query
Date/Time: 2019-06-19 20:44:13
Query: select job_id from sob_jobs
mysqli Error: Table 'sobhanso_qd.sob_jobs' doesn't exist
---------
mysqli Query Error
	Error Message: Failed executing database query
Date/Time: 2019-06-19 20:44:11
Query: select job_id from sob_jobs
mysqli Error: Table 'sobhanso_qd.sob_jobs' doesn't exist
---------
mysqli Query Error
	Error Message: Failed executing database query
Date/Time: 2019-06-19 20:44:11
Query: select job_id from sob_jobs
mysqli Error: Table 'sobhanso_qd.sob_jobs' doesn't exist
---------
mysqli Query Error
	Error Message: Failed executing database query
Date/Time: 2019-06-19 20:44:07
Query: select job_id from sob_jobs
mysqli Error: Table 'sobhanso_qd.sob_jobs' doesn't exist
---------
mysqli Query Error
	Error Message: Failed executing database query
Date/Time: 2019-06-19 20:44:07
Query: select job_id from sob_jobs
mysqli Error: Table 'sobhanso_qd.sob_jobs' doesn't exist
---------
mysqli Query Error
	Error Message: Failed executing database query
Date/Time: 2019-06-19 20:44:04
Query: select job_id from sob_jobs
mysqli Error: Table 'sobhanso_qd.sob_jobs' doesn't exist
---------
mysqli Query Error
	Error Message: Failed executing database query
Date/Time: 2019-06-19 20:44:04
Query: select job_id from sob_jobs
mysqli Error: Table 'sobhanso_qd.sob_jobs' doesn't exist
---------
mysqli Query Error
	Error Message: Failed executing database query
Date/Time: 2019-06-19 20:44:02
Query: select job_id from sob_jobs
mysqli Error: Table 'sobhanso_qd.sob_jobs' doesn't exist
---------
mysqli Query Error
	Error Message: Failed executing database query
Date/Time: 2019-06-19 20:44:02
Query: select job_id from sob_jobs
mysqli Error: Table 'sobhanso_qd.sob_jobs' doesn't exist
---------
mysqli Query Error
	Error Message: Failed executing database query
Date/Time: 2019-06-19 20:41:58
Query: select job_id from sob_jobs
mysqli Error: Table 'sobhanso_qd.sob_jobs' doesn't exist
---------
mysqli Query Error
	Error Message: Failed executing database query
Date/Time: 2019-06-19 20:41:58
Query: select job_id from sob_jobs
mysqli Error: Table 'sobhanso_qd.sob_jobs' doesn't exist
---------
mysqli Query Error
	Error Message: Failed executing database query
Date/Time: 2019-06-19 20:41:52
Query: select job_id from sob_jobs
mysqli Error: Table 'sobhanso_qd.sob_jobs' doesn't exist
---------
mysqli Query Error
	Error Message: Failed executing database query
Date/Time: 2019-06-19 20:41:52
Query: select job_id from sob_jobs
mysqli Error: Table 'sobhanso_qd.sob_jobs' doesn't exist
---------
mysqli Query Error
	Error Message: Failed executing database query
Date/Time: 2019-06-19 20:40:30
Query: select job_id from sob_jobs
mysqli Error: Table 'sobhanso_qd.sob_jobs' doesn't exist
---------
mysqli Query Error
	Error Message: Failed executing database query
Date/Time: 2019-06-19 20:40:30
Query: select job_id from sob_jobs
mysqli Error: Table 'sobhanso_qd.sob_jobs' doesn't exist
---------
mysqli Query Error
	Error Message: Failed executing database query
Date/Time: 2019-06-19 20:40:25
Query: select job_id from sob_jobs
mysqli Error: Table 'sobhanso_qd.sob_jobs' doesn't exist
---------
mysqli Query Error
	Error Message: Failed executing database query
Date/Time: 2019-06-19 20:40:25
Query: select job_id from sob_jobs
mysqli Error: Table 'sobhanso_qd.sob_jobs' doesn't exist
---------
mysqli Query Error
	Error Message: Failed executing database query
Date/Time: 2019-06-19 20:40:18
Query: select job_id from sob_jobs
mysqli Error: Table 'sobhanso_qd.sob_jobs' doesn't exist
---------
mysqli Query Error
	Error Message: Failed executing database query
Date/Time: 2019-06-19 20:40:18
Query: select job_id from sob_jobs
mysqli Error: Table 'sobhanso_qd.sob_jobs' doesn't exist
---------
mysqli Query Error
	Error Message: Failed executing database query
Date/Time: 2019-06-19 20:40:12
Query: select job_id from sob_jobs
mysqli Error: Table 'sobhanso_qd.sob_jobs' doesn't exist
---------
mysqli Query Error
	Error Message: Failed executing database query
Date/Time: 2019-06-19 20:40:12
Query: select job_id from sob_jobs
mysqli Error: Table 'sobhanso_qd.sob_jobs' doesn't exist
---------
mysqli Query Error
	Error Message: Failed executing database query
Date/Time: 2019-06-19 20:40:04
Query: select job_id from sob_jobs
mysqli Error: Table 'sobhanso_qd.sob_jobs' doesn't exist
---------
mysqli Query Error
	Error Message: Failed executing database query
Date/Time: 2019-06-19 20:40:04
Query: select job_id from sob_jobs
mysqli Error: Table 'sobhanso_qd.sob_jobs' doesn't exist
---------
mysqli Query Error
	Error Message: Failed executing database query
Date/Time: 2019-06-19 20:39:58
Query: select job_id from sob_jobs
mysqli Error: Table 'sobhanso_qd.sob_jobs' doesn't exist
---------
mysqli Query Error
	Error Message: Failed executing database query
Date/Time: 2019-06-19 20:39:58
Query: select job_id from sob_jobs
mysqli Error: Table 'sobhanso_qd.sob_jobs' doesn't exist
---------
mysqli Query Error
	Error Message: Failed executing database query
Date/Time: 2019-06-19 20:39:50
Query: select job_id from sob_jobs
mysqli Error: Table 'sobhanso_qd.sob_jobs' doesn't exist
---------
mysqli Query Error
	Error Message: Failed executing database query
Date/Time: 2019-06-19 20:39:50
Query: select job_id from sob_jobs
mysqli Error: Table 'sobhanso_qd.sob_jobs' doesn't exist
---------
mysqli Query Error
	Error Message: Failed executing database query
Date/Time: 2019-06-19 20:39:43
Query: select job_id from sob_jobs
mysqli Error: Table 'sobhanso_qd.sob_jobs' doesn't exist
---------
mysqli Query Error
	Error Message: Failed executing database query
Date/Time: 2019-06-19 20:39:43
Query: select job_id from sob_jobs
mysqli Error: Table 'sobhanso_qd.sob_jobs' doesn't exist
---------
mysqli Query Error
	Error Message: Failed executing database query
Date/Time: 2019-06-19 20:39:39
Query: select job_id from sob_jobs
mysqli Error: Table 'sobhanso_qd.sob_jobs' doesn't exist
---------
mysqli Query Error
	Error Message: Failed executing database query
Date/Time: 2019-06-19 20:39:39
Query: select job_id from sob_jobs
mysqli Error: Table 'sobhanso_qd.sob_jobs' doesn't exist
---------
mysqli Query Error
	Error Message: Failed executing database query
Date/Time: 2019-06-19 20:39:12
Query: select job_id from sob_jobs
mysqli Error: Table 'sobhanso_qd.sob_jobs' doesn't exist
---------
mysqli Query Error
	Error Message: Failed executing database query
Date/Time: 2019-06-19 20:39:12
Query: select job_id from sob_jobs
mysqli Error: Table 'sobhanso_qd.sob_jobs' doesn't exist
---------
mysqli Query Error
	Error Message: Failed executing database query
Date/Time: 2019-06-19 20:38:58
Query: select job_id from sob_jobs
mysqli Error: Table 'sobhanso_qd.sob_jobs' doesn't exist
---------
mysqli Query Error
	Error Message: Failed executing database query
Date/Time: 2019-06-19 20:38:58
Query: select job_id from sob_jobs
mysqli Error: Table 'sobhanso_qd.sob_jobs' doesn't exist
---------
mysqli Query Error
	Error Message: Failed executing database query
Date/Time: 2019-06-19 20:38:52
Query: select job_id from sob_jobs
mysqli Error: Table 'sobhanso_qd.sob_jobs' doesn't exist
---------
mysqli Query Error
	Error Message: Failed executing database query
Date/Time: 2019-06-19 20:38:52
Query: select job_id from sob_jobs
mysqli Error: Table 'sobhanso_qd.sob_jobs' doesn't exist
---------
mysqli Query Error
	Error Message: Failed executing database query
Date/Time: 2019-06-19 20:38:46
Query: select job_id from sob_jobs
mysqli Error: Table 'sobhanso_qd.sob_jobs' doesn't exist
---------
mysqli Query Error
	Error Message: Failed executing database query
Date/Time: 2019-06-19 20:38:46
Query: select job_id from sob_jobs
mysqli Error: Table 'sobhanso_qd.sob_jobs' doesn't exist
---------
mysqli Query Error
	Error Message: Failed executing database query
Date/Time: 2019-06-19 20:38:41
Query: select job_id from sob_jobs
mysqli Error: Table 'sobhanso_qd.sob_jobs' doesn't exist
---------
mysqli Query Error
	Error Message: Failed executing database query
Date/Time: 2019-06-19 20:38:41
Query: select job_id from sob_jobs
mysqli Error: Table 'sobhanso_qd.sob_jobs' doesn't exist
---------
mysqli Query Error
	Error Message: Failed executing database query
Date/Time: 2019-06-19 20:38:35
Query: select job_id from sob_jobs
mysqli Error: Table 'sobhanso_qd.sob_jobs' doesn't exist
---------
mysqli Query Error
	Error Message: Failed executing database query
Date/Time: 2019-06-19 20:38:35
Query: select job_id from sob_jobs
mysqli Error: Table 'sobhanso_qd.sob_jobs' doesn't exist
---------
mysqli Query Error
	Error Message: Failed executing database query
Date/Time: 2019-06-19 20:38:26
Query: select job_id from sob_jobs
mysqli Error: Table 'sobhanso_qd.sob_jobs' doesn't exist
---------
mysqli Query Error
	Error Message: Failed executing database query
Date/Time: 2019-06-19 20:38:26
Query: select job_id from sob_jobs
mysqli Error: Table 'sobhanso_qd.sob_jobs' doesn't exist
---------
mysqli Query Error
	Error Message: Failed executing database query
Date/Time: 2019-06-19 20:38:18
Query: select job_id from sob_jobs
mysqli Error: Table 'sobhanso_qd.sob_jobs' doesn't exist
---------
mysqli Query Error
	Error Message: Failed executing database query
Date/Time: 2019-06-19 20:38:18
Query: select job_id from sob_jobs
mysqli Error: Table 'sobhanso_qd.sob_jobs' doesn't exist
---------
mysqli Query Error
	Error Message: Failed executing database query
Date/Time: 2019-06-19 20:38:06
Query: select job_id from sob_jobs
mysqli Error: Table 'sobhanso_qd.sob_jobs' doesn't exist
---------
mysqli Query Error
	Error Message: Failed executing database query
Date/Time: 2019-06-19 20:38:06
Query: select job_id from sob_jobs
mysqli Error: Table 'sobhanso_qd.sob_jobs' doesn't exist
---------
mysqli Query Error
	Error Message: Failed executing database query
Date/Time: 2019-06-19 20:37:44
Query: select job_id from sob_jobs
mysqli Error: Table 'sobhanso_qd.sob_jobs' doesn't exist
---------
mysqli Query Error
	Error Message: Failed executing database query
Date/Time: 2019-06-19 20:37:44
Query: select job_id from sob_jobs
mysqli Error: Table 'sobhanso_qd.sob_jobs' doesn't exist
---------
mysqli Query Error
	Error Message: Failed executing database query
Date/Time: 2019-06-19 20:37:32
Query: select job_id from sob_jobs
mysqli Error: Table 'sobhanso_qd.sob_jobs' doesn't exist
---------
mysqli Query Error
	Error Message: Failed executing database query
Date/Time: 2019-06-19 20:37:32
Query: select job_id from sob_jobs
mysqli Error: Table 'sobhanso_qd.sob_jobs' doesn't exist
---------
mysqli Query Error
	Error Message: Failed executing database query
Date/Time: 2019-06-19 13:19:22
Query: select job_id from sob_jobs
mysqli Error: Table 'sobhanso_qd.sob_jobs' doesn't exist
---------
mysqli Query Error
	Error Message: Failed executing database query
Date/Time: 2019-06-19 13:19:22
Query: select job_id from sob_jobs
mysqli Error: Table 'sobhanso_qd.sob_jobs' doesn't exist
---------
mysqli Query Error
	Error Message: Failed executing database query
Date/Time: 2019-06-19 00:59:07
Query: select job_id from sob_jobs
mysqli Error: Table 'sobhanso_qd.sob_jobs' doesn't exist
---------
mysqli Query Error
	Error Message: Failed executing database query
Date/Time: 2019-06-19 00:59:07
Query: select job_id from sob_jobs
mysqli Error: Table 'sobhanso_qd.sob_jobs' doesn't exist
---------
mysqli Query Error
	Error Message: Failed executing database query
Date/Time: 2019-06-18 22:29:42
Query: select job_id from sob_jobs
mysqli Error: Table 'sobhanso_qd.sob_jobs' doesn't exist
---------
mysqli Query Error
	Error Message: Failed executing database query
Date/Time: 2019-06-18 22:29:42
Query: select job_id from sob_jobs
mysqli Error: Table 'sobhanso_qd.sob_jobs' doesn't exist
---------
mysqli Query Error
	Error Message: Failed executing database query
Date/Time: 2019-06-15 16:52:23
Query: select job_id from sob_jobs
mysqli Error: Table 'sobhanso_qd.sob_jobs' doesn't exist
---------
mysqli Query Error
	Error Message: Failed executing database query
Date/Time: 2019-06-15 16:52:23
Query: select job_id from sob_jobs
mysqli Error: Table 'sobhanso_qd.sob_jobs' doesn't exist
---------
mysqli Query Error
	Error Message: Failed executing database query
Date/Time: 2019-06-15 12:01:28
Query: select job_id from sob_jobs
mysqli Error: Table 'sobhanso_qd.sob_jobs' doesn't exist
---------
mysqli Query Error
	Error Message: Failed executing database query
Date/Time: 2019-06-15 12:01:28
Query: select job_id from sob_jobs
mysqli Error: Table 'sobhanso_qd.sob_jobs' doesn't exist
---------
mysqli Query Error
	Error Message: Failed executing database query
Date/Time: 2019-06-15 01:04:52
Query: select job_id from sob_jobs
mysqli Error: Table 'sobhanso_qd.sob_jobs' doesn't exist
---------
mysqli Query Error
	Error Message: Failed executing database query
Date/Time: 2019-06-15 01:04:52
Query: select job_id from sob_jobs
mysqli Error: Table 'sobhanso_qd.sob_jobs' doesn't exist
---------
mysqli Query Error
	Error Message: Failed executing database query
Date/Time: 2019-06-15 01:04:51
Query: select job_id from sob_jobs
mysqli Error: Table 'sobhanso_qd.sob_jobs' doesn't exist
---------
mysqli Query Error
	Error Message: Failed executing database query
Date/Time: 2019-06-15 01:04:51
Query: select job_id from sob_jobs
mysqli Error: Table 'sobhanso_qd.sob_jobs' doesn't exist
---------
mysqli Query Error
	Error Message: Failed executing database query
Date/Time: 2019-06-15 01:04:51
Query: select job_id from sob_jobs
mysqli Error: Table 'sobhanso_qd.sob_jobs' doesn't exist
---------
mysqli Query Error
	Error Message: Failed executing database query
Date/Time: 2019-06-15 01:04:51
Query: select job_id from sob_jobs
mysqli Error: Table 'sobhanso_qd.sob_jobs' doesn't exist
---------
mysqli Query Error
	Error Message: Failed executing database query
Date/Time: 2019-06-15 01:04:51
Query: select job_id from sob_jobs
mysqli Error: Table 'sobhanso_qd.sob_jobs' doesn't exist
---------
mysqli Query Error
	Error Message: Failed executing database query
Date/Time: 2019-06-15 01:04:51
Query: select job_id from sob_jobs
mysqli Error: Table 'sobhanso_qd.sob_jobs' doesn't exist
---------
mysqli Query Error
	Error Message: Failed executing database query
Date/Time: 2019-06-15 01:04:50
Query: select job_id from sob_jobs
mysqli Error: Table 'sobhanso_qd.sob_jobs' doesn't exist
---------
mysqli Query Error
	Error Message: Failed executing database query
Date/Time: 2019-06-15 01:04:50
Query: select job_id from sob_jobs
mysqli Error: Table 'sobhanso_qd.sob_jobs' doesn't exist
---------
mysqli Query Error
	Error Message: Failed executing database query
Date/Time: 2019-06-15 01:04:49
Query: select job_id from sob_jobs
mysqli Error: Table 'sobhanso_qd.sob_jobs' doesn't exist
---------
mysqli Query Error
	Error Message: Failed executing database query
Date/Time: 2019-06-15 01:04:49
Query: select job_id from sob_jobs
mysqli Error: Table 'sobhanso_qd.sob_jobs' doesn't exist
---------
mysqli Query Error
	Error Message: Failed executing database query
Date/Time: 2019-06-14 20:09:52
Query: select job_id from sob_jobs
mysqli Error: Table 'sobhanso_qd.sob_jobs' doesn't exist
---------
mysqli Query Error
	Error Message: Failed executing database query
Date/Time: 2019-06-14 20:09:52
Query: select job_id from sob_jobs
mysqli Error: Table 'sobhanso_qd.sob_jobs' doesn't exist
---------
mysqli Query Error
	Error Message: Failed executing database query
Date/Time: 2019-06-13 16:28:11
Query: select job_id from sob_jobs
mysqli Error: Table 'sobhanso_qd.sob_jobs' doesn't exist
---------
mysqli Query Error
	Error Message: Failed executing database query
Date/Time: 2019-06-13 16:28:11
Query: select job_id from sob_jobs
mysqli Error: Table 'sobhanso_qd.sob_jobs' doesn't exist
---------
mysqli Query Error
	Error Message: Failed executing database query
Date/Time: 2019-06-13 09:54:56
Query: select job_id from sob_jobs
mysqli Error: Table 'sobhanso_qd.sob_jobs' doesn't exist
---------
mysqli Query Error
	Error Message: Failed executing database query
Date/Time: 2019-06-13 09:54:56
Query: select job_id from sob_jobs
mysqli Error: Table 'sobhanso_qd.sob_jobs' doesn't exist
---------
mysqli Query Error
	Error Message: Failed executing database query
Date/Time: 2019-06-13 09:13:01
Query: select job_id from sob_jobs
mysqli Error: Table 'sobhanso_qd.sob_jobs' doesn't exist
---------
mysqli Query Error
	Error Message: Failed executing database query
Date/Time: 2019-06-13 09:13:01
Query: select job_id from sob_jobs
mysqli Error: Table 'sobhanso_qd.sob_jobs' doesn't exist
---------
mysqli Query Error
	Error Message: Failed executing database query
Date/Time: 2019-06-13 02:32:37
Query: select job_id from sob_jobs
mysqli Error: Table 'sobhanso_qd.sob_jobs' doesn't exist
---------
mysqli Query Error
	Error Message: Failed executing database query
Date/Time: 2019-06-13 02:32:37
Query: select job_id from sob_jobs
mysqli Error: Table 'sobhanso_qd.sob_jobs' doesn't exist
---------
mysqli Query Error
	Error Message: Failed executing database query
Date/Time: 2019-06-12 22:41:43
Query: select job_id from sob_jobs
mysqli Error: Table 'sobhanso_qd.sob_jobs' doesn't exist
---------
mysqli Query Error
	Error Message: Failed executing database query
Date/Time: 2019-06-12 22:41:43
Query: select job_id from sob_jobs
mysqli Error: Table 'sobhanso_qd.sob_jobs' doesn't exist
---------
mysqli Query Error
	Error Message: Failed executing database query
Date/Time: 2019-06-12 22:41:43
Query: select job_id from sob_jobs
mysqli Error: Table 'sobhanso_qd.sob_jobs' doesn't exist
---------
mysqli Query Error
	Error Message: Failed executing database query
Date/Time: 2019-06-12 22:41:43
Query: select job_id from sob_jobs
mysqli Error: Table 'sobhanso_qd.sob_jobs' doesn't exist
---------
mysqli Query Error
	Error Message: Failed executing database query
Date/Time: 2019-06-12 22:41:43
Query: select job_id from sob_jobs
mysqli Error: Table 'sobhanso_qd.sob_jobs' doesn't exist
---------
mysqli Query Error
	Error Message: Failed executing database query
Date/Time: 2019-06-12 22:41:43
Query: select job_id from sob_jobs
mysqli Error: Table 'sobhanso_qd.sob_jobs' doesn't exist
---------
mysqli Query Error
	Error Message: Failed executing database query
Date/Time: 2019-06-12 22:41:42
Query: select job_id from sob_jobs
mysqli Error: Table 'sobhanso_qd.sob_jobs' doesn't exist
---------
mysqli Query Error
	Error Message: Failed executing database query
Date/Time: 2019-06-12 22:41:42
Query: select job_id from sob_jobs
mysqli Error: Table 'sobhanso_qd.sob_jobs' doesn't exist
---------
mysqli Query Error
	Error Message: Failed executing database query
Date/Time: 2019-06-12 22:41:42
Query: select job_id from sob_jobs
mysqli Error: Table 'sobhanso_qd.sob_jobs' doesn't exist
---------
mysqli Query Error
	Error Message: Failed executing database query
Date/Time: 2019-06-12 22:41:42
Query: select job_id from sob_jobs
mysqli Error: Table 'sobhanso_qd.sob_jobs' doesn't exist
---------
mysqli Query Error
	Error Message: Failed executing database query
Date/Time: 2019-06-12 22:41:42
Query: select job_id from sob_jobs
mysqli Error: Table 'sobhanso_qd.sob_jobs' doesn't exist
---------
mysqli Query Error
	Error Message: Failed executing database query
Date/Time: 2019-06-12 22:41:42
Query: select job_id from sob_jobs
mysqli Error: Table 'sobhanso_qd.sob_jobs' doesn't exist
---------
mysqli Query Error
	Error Message: Failed executing database query
Date/Time: 2019-06-12 07:15:25
Query: select job_id from sob_jobs
mysqli Error: Table 'sobhanso_qd.sob_jobs' doesn't exist
---------
mysqli Query Error
	Error Message: Failed executing database query
Date/Time: 2019-06-12 07:15:25
Query: select job_id from sob_jobs
mysqli Error: Table 'sobhanso_qd.sob_jobs' doesn't exist
---------
mysqli Query Error
	Error Message: Failed executing database query
Date/Time: 2019-06-09 22:07:16
Query: select job_id from sob_jobs
mysqli Error: Table 'sobhanso_qd.sob_jobs' doesn't exist
---------
mysqli Query Error
	Error Message: Failed executing database query
Date/Time: 2019-06-09 22:07:16
Query: select job_id from sob_jobs
mysqli Error: Table 'sobhanso_qd.sob_jobs' doesn't exist
---------
mysqli Query Error
	Error Message: Failed executing database query
Date/Time: 2019-06-08 20:09:05
Query: select job_id from sob_jobs
mysqli Error: Table 'sobhanso_qd.sob_jobs' doesn't exist
---------
mysqli Query Error
	Error Message: Failed executing database query
Date/Time: 2019-06-08 20:09:05
Query: select job_id from sob_jobs
mysqli Error: Table 'sobhanso_qd.sob_jobs' doesn't exist
---------
mysqli Query Error
	Error Message: Failed executing database query
Date/Time: 2019-06-07 03:13:47
Query: select job_id from sob_jobs
mysqli Error: Table 'sobhanso_qd.sob_jobs' doesn't exist
---------
mysqli Query Error
	Error Message: Failed executing database query
Date/Time: 2019-06-07 03:13:47
Query: select job_id from sob_jobs
mysqli Error: Table 'sobhanso_qd.sob_jobs' doesn't exist
---------
mysqli Query Error
	Error Message: Failed executing database query
Date/Time: 2019-06-07 02:37:24
Query: select job_id from sob_jobs
mysqli Error: Table 'sobhanso_qd.sob_jobs' doesn't exist
---------
mysqli Query Error
	Error Message: Failed executing database query
Date/Time: 2019-06-07 02:37:24
Query: select job_id from sob_jobs
mysqli Error: Table 'sobhanso_qd.sob_jobs' doesn't exist
---------
mysqli Query Error
	Error Message: Failed executing database query
Date/Time: 2019-06-06 07:17:00
Query: select job_id from sob_jobs
mysqli Error: Table 'sobhanso_qd.sob_jobs' doesn't exist
---------
mysqli Query Error
	Error Message: Failed executing database query
Date/Time: 2019-06-06 07:17:00
Query: select job_id from sob_jobs
mysqli Error: Table 'sobhanso_qd.sob_jobs' doesn't exist
---------
mysqli Query Error
	Error Message: Failed executing database query
Date/Time: 2019-06-05 16:07:32
Query: select job_id from sob_jobs
mysqli Error: Table 'sobhanso_qd.sob_jobs' doesn't exist
---------
mysqli Query Error
	Error Message: Failed executing database query
Date/Time: 2019-06-05 16:07:32
Query: select job_id from sob_jobs
mysqli Error: Table 'sobhanso_qd.sob_jobs' doesn't exist
---------
mysqli Query Error
	Error Message: Failed executing database query
Date/Time: 2019-06-05 16:07:30
Query: select job_id from sob_jobs
mysqli Error: Table 'sobhanso_qd.sob_jobs' doesn't exist
---------
mysqli Query Error
	Error Message: Failed executing database query
Date/Time: 2019-06-05 16:07:30
Query: select job_id from sob_jobs
mysqli Error: Table 'sobhanso_qd.sob_jobs' doesn't exist
---------
mysqli Query Error
	Error Message: Failed executing database query
Date/Time: 2019-06-05 16:07:30
Query: select job_id from sob_jobs
mysqli Error: Table 'sobhanso_qd.sob_jobs' doesn't exist
---------
mysqli Query Error
	Error Message: Failed executing database query
Date/Time: 2019-06-05 16:07:30
Query: select job_id from sob_jobs
mysqli Error: Table 'sobhanso_qd.sob_jobs' doesn't exist
---------
mysqli Query Error
	Error Message: Failed executing database query
Date/Time: 2019-06-05 16:07:28
Query: select job_id from sob_jobs
mysqli Error: Table 'sobhanso_qd.sob_jobs' doesn't exist
---------
mysqli Query Error
	Error Message: Failed executing database query
Date/Time: 2019-06-05 16:07:28
Query: select job_id from sob_jobs
mysqli Error: Table 'sobhanso_qd.sob_jobs' doesn't exist
---------
mysqli Query Error
	Error Message: Failed executing database query
Date/Time: 2019-06-05 16:07:26
Query: select job_id from sob_jobs
mysqli Error: Table 'sobhanso_qd.sob_jobs' doesn't exist
---------
mysqli Query Error
	Error Message: Failed executing database query
Date/Time: 2019-06-05 16:07:26
Query: select job_id from sob_jobs
mysqli Error: Table 'sobhanso_qd.sob_jobs' doesn't exist
---------
mysqli Query Error
	Error Message: Failed executing database query
Date/Time: 2019-06-04 15:30:20
Query: select job_id from sob_jobs
mysqli Error: Table 'sobhanso_qd.sob_jobs' doesn't exist
---------
mysqli Query Error
	Error Message: Failed executing database query
Date/Time: 2019-06-04 15:30:20
Query: select job_id from sob_jobs
mysqli Error: Table 'sobhanso_qd.sob_jobs' doesn't exist
---------
mysqli Query Error
	Error Message: Failed executing database query
Date/Time: 2019-06-03 05:13:31
Query: select job_id from sob_jobs
mysqli Error: Table 'sobhanso_qd.sob_jobs' doesn't exist
---------
mysqli Query Error
	Error Message: Failed executing database query
Date/Time: 2019-06-03 05:13:31
Query: select job_id from sob_jobs
mysqli Error: Table 'sobhanso_qd.sob_jobs' doesn't exist
---------
mysqli Query Error
	Error Message: Failed executing database query
Date/Time: 2019-06-03 05:13:27
Query: select job_id from sob_jobs
mysqli Error: Table 'sobhanso_qd.sob_jobs' doesn't exist
---------
mysqli Query Error
	Error Message: Failed executing database query
Date/Time: 2019-06-03 05:13:27
Query: select job_id from sob_jobs
mysqli Error: Table 'sobhanso_qd.sob_jobs' doesn't exist
---------
mysqli Query Error
	Error Message: Failed executing database query
Date/Time: 2019-06-03 05:13:25
Query: select job_id from sob_jobs
mysqli Error: Table 'sobhanso_qd.sob_jobs' doesn't exist
---------
mysqli Query Error
	Error Message: Failed executing database query
Date/Time: 2019-06-03 05:13:25
Query: select job_id from sob_jobs
mysqli Error: Table 'sobhanso_qd.sob_jobs' doesn't exist
---------
mysqli Query Error
	Error Message: Failed executing database query
Date/Time: 2019-06-03 05:13:23
Query: select job_id from sob_jobs
mysqli Error: Table 'sobhanso_qd.sob_jobs' doesn't exist
---------
mysqli Query Error
	Error Message: Failed executing database query
Date/Time: 2019-06-03 05:13:23
Query: select job_id from sob_jobs
mysqli Error: Table 'sobhanso_qd.sob_jobs' doesn't exist
---------
mysqli Query Error
	Error Message: Failed executing database query
Date/Time: 2019-06-03 05:13:22
Query: select job_id from sob_jobs
mysqli Error: Table 'sobhanso_qd.sob_jobs' doesn't exist
---------
mysqli Query Error
	Error Message: Failed executing database query
Date/Time: 2019-06-03 05:13:22
Query: select job_id from sob_jobs
mysqli Error: Table 'sobhanso_qd.sob_jobs' doesn't exist
---------
mysqli Query Error
	Error Message: Failed executing database query
Date/Time: 2019-06-03 05:13:20
Query: select job_id from sob_jobs
mysqli Error: Table 'sobhanso_qd.sob_jobs' doesn't exist
---------
mysqli Query Error
	Error Message: Failed executing database query
Date/Time: 2019-06-03 05:13:20
Query: select job_id from sob_jobs
mysqli Error: Table 'sobhanso_qd.sob_jobs' doesn't exist
---------
mysqli Query Error
	Error Message: Failed executing database query
Date/Time: 2019-06-03 05:13:19
Query: select job_id from sob_jobs
mysqli Error: Table 'sobhanso_qd.sob_jobs' doesn't exist
---------
mysqli Query Error
	Error Message: Failed executing database query
Date/Time: 2019-06-03 05:13:19
Query: select job_id from sob_jobs
mysqli Error: Table 'sobhanso_qd.sob_jobs' doesn't exist
---------
mysqli Query Error
	Error Message: Failed executing database query
Date/Time: 2019-06-03 05:13:18
Query: select job_id from sob_jobs
mysqli Error: Table 'sobhanso_qd.sob_jobs' doesn't exist
---------
mysqli Query Error
	Error Message: Failed executing database query
Date/Time: 2019-06-03 05:13:18
Query: select job_id from sob_jobs
mysqli Error: Table 'sobhanso_qd.sob_jobs' doesn't exist
---------
mysqli Query Error
	Error Message: Failed executing database query
Date/Time: 2019-06-03 05:13:16
Query: select job_id from sob_jobs
mysqli Error: Table 'sobhanso_qd.sob_jobs' doesn't exist
---------
mysqli Query Error
	Error Message: Failed executing database query
Date/Time: 2019-06-03 05:13:16
Query: select job_id from sob_jobs
mysqli Error: Table 'sobhanso_qd.sob_jobs' doesn't exist
---------
mysqli Query Error
	Error Message: Failed executing database query
Date/Time: 2019-06-03 05:13:15
Query: select job_id from sob_jobs
mysqli Error: Table 'sobhanso_qd.sob_jobs' doesn't exist
---------
mysqli Query Error
	Error Message: Failed executing database query
Date/Time: 2019-06-03 05:13:15
Query: select job_id from sob_jobs
mysqli Error: Table 'sobhanso_qd.sob_jobs' doesn't exist
---------
mysqli Query Error
	Error Message: Failed executing database query
Date/Time: 2019-06-03 05:13:15
Query: select job_id from sob_jobs
mysqli Error: Table 'sobhanso_qd.sob_jobs' doesn't exist
---------
mysqli Query Error
	Error Message: Failed executing database query
Date/Time: 2019-06-03 05:13:15
Query: select job_id from sob_jobs
mysqli Error: Table 'sobhanso_qd.sob_jobs' doesn't exist
---------
mysqli Query Error
	Error Message: Failed executing database query
Date/Time: 2019-06-03 05:13:14
Query: select job_id from sob_jobs
mysqli Error: Table 'sobhanso_qd.sob_jobs' doesn't exist
---------
mysqli Query Error
	Error Message: Failed executing database query
Date/Time: 2019-06-03 05:13:14
Query: select job_id from sob_jobs
mysqli Error: Table 'sobhanso_qd.sob_jobs' doesn't exist
---------
mysqli Query Error
	Error Message: Failed executing database query
Date/Time: 2019-06-03 05:13:13
Query: select job_id from sob_jobs
mysqli Error: Table 'sobhanso_qd.sob_jobs' doesn't exist
---------
mysqli Query Error
	Error Message: Failed executing database query
Date/Time: 2019-06-03 05:13:13
Query: select job_id from sob_jobs
mysqli Error: Table 'sobhanso_qd.sob_jobs' doesn't exist
---------
mysqli Query Error
	Error Message: Failed executing database query
Date/Time: 2019-06-03 05:13:11
Query: select job_id from sob_jobs
mysqli Error: Table 'sobhanso_qd.sob_jobs' doesn't exist
---------
mysqli Query Error
	Error Message: Failed executing database query
Date/Time: 2019-06-03 05:13:11
Query: select job_id from sob_jobs
mysqli Error: Table 'sobhanso_qd.sob_jobs' doesn't exist
---------
mysqli Query Error
	Error Message: Failed executing database query
Date/Time: 2019-06-03 05:13:08
Query: select job_id from sob_jobs
mysqli Error: Table 'sobhanso_qd.sob_jobs' doesn't exist
---------
mysqli Query Error
	Error Message: Failed executing database query
Date/Time: 2019-06-03 05:13:08
Query: select job_id from sob_jobs
mysqli Error: Table 'sobhanso_qd.sob_jobs' doesn't exist
---------
mysqli Query Error
	Error Message: Failed executing database query
Date/Time: 2019-06-03 05:13:07
Query: select job_id from sob_jobs
mysqli Error: Table 'sobhanso_qd.sob_jobs' doesn't exist
---------
mysqli Query Error
	Error Message: Failed executing database query
Date/Time: 2019-06-03 05:13:07
Query: select job_id from sob_jobs
mysqli Error: Table 'sobhanso_qd.sob_jobs' doesn't exist
---------
mysqli Query Error
	Error Message: Failed executing database query
Date/Time: 2019-06-03 05:13:06
Query: select job_id from sob_jobs
mysqli Error: Table 'sobhanso_qd.sob_jobs' doesn't exist
---------
mysqli Query Error
	Error Message: Failed executing database query
Date/Time: 2019-06-03 05:13:06
Query: select job_id from sob_jobs
mysqli Error: Table 'sobhanso_qd.sob_jobs' doesn't exist
---------
mysqli Query Error
	Error Message: Failed executing database query
Date/Time: 2019-06-03 05:13:05
Query: select job_id from sob_jobs
mysqli Error: Table 'sobhanso_qd.sob_jobs' doesn't exist
---------
mysqli Query Error
	Error Message: Failed executing database query
Date/Time: 2019-06-03 05:13:05
Query: select job_id from sob_jobs
mysqli Error: Table 'sobhanso_qd.sob_jobs' doesn't exist
---------
mysqli Query Error
	Error Message: Failed executing database query
Date/Time: 2019-06-03 05:13:03
Query: select job_id from sob_jobs
mysqli Error: Table 'sobhanso_qd.sob_jobs' doesn't exist
---------
mysqli Query Error
	Error Message: Failed executing database query
Date/Time: 2019-06-03 05:13:03
Query: select job_id from sob_jobs
mysqli Error: Table 'sobhanso_qd.sob_jobs' doesn't exist
---------
mysqli Query Error
	Error Message: Failed executing database query
Date/Time: 2019-06-03 05:13:02
Query: select job_id from sob_jobs
mysqli Error: Table 'sobhanso_qd.sob_jobs' doesn't exist
---------
mysqli Query Error
	Error Message: Failed executing database query
Date/Time: 2019-06-03 05:13:02
Query: select job_id from sob_jobs
mysqli Error: Table 'sobhanso_qd.sob_jobs' doesn't exist
---------
mysqli Query Error
	Error Message: Failed executing database query
Date/Time: 2019-06-02 19:59:40
Query: select job_id from sob_jobs
mysqli Error: Table 'sobhanso_qd.sob_jobs' doesn't exist
---------
mysqli Query Error
	Error Message: Failed executing database query
Date/Time: 2019-06-02 19:59:40
Query: select job_id from sob_jobs
mysqli Error: Table 'sobhanso_qd.sob_jobs' doesn't exist
---------
mysqli Query Error
	Error Message: Failed executing database query
Date/Time: 2019-06-02 06:55:07
Query: select job_id from sob_jobs
mysqli Error: Table 'sobhanso_qd.sob_jobs' doesn't exist
---------
mysqli Query Error
	Error Message: Failed executing database query
Date/Time: 2019-06-02 06:55:07
Query: select job_id from sob_jobs
mysqli Error: Table 'sobhanso_qd.sob_jobs' doesn't exist
---------
mysqli Query Error
	Error Message: Failed executing database query
Date/Time: 2019-06-02 06:55:07
Query: select job_id from sob_jobs
mysqli Error: Table 'sobhanso_qd.sob_jobs' doesn't exist
---------
mysqli Query Error
	Error Message: Failed executing database query
Date/Time: 2019-06-02 06:55:07
Query: select job_id from sob_jobs
mysqli Error: Table 'sobhanso_qd.sob_jobs' doesn't exist
---------
mysqli Query Error
	Error Message: Failed executing database query
Date/Time: 2019-06-02 06:55:07
Query: select job_id from sob_jobs
mysqli Error: Table 'sobhanso_qd.sob_jobs' doesn't exist
---------
mysqli Query Error
	Error Message: Failed executing database query
Date/Time: 2019-06-02 06:55:07
Query: select job_id from sob_jobs
mysqli Error: Table 'sobhanso_qd.sob_jobs' doesn't exist
---------
mysqli Query Error
	Error Message: Failed executing database query
Date/Time: 2019-06-02 06:55:07
Query: select job_id from sob_jobs
mysqli Error: Table 'sobhanso_qd.sob_jobs' doesn't exist
---------
mysqli Query Error
	Error Message: Failed executing database query
Date/Time: 2019-06-02 06:55:07
Query: select job_id from sob_jobs
mysqli Error: Table 'sobhanso_qd.sob_jobs' doesn't exist
---------
mysqli Query Error
	Error Message: Failed executing database query
Date/Time: 2019-06-02 06:55:07
Query: select job_id from sob_jobs
mysqli Error: Table 'sobhanso_qd.sob_jobs' doesn't exist
---------
mysqli Query Error
	Error Message: Failed executing database query
Date/Time: 2019-06-02 06:55:07
Query: select job_id from sob_jobs
mysqli Error: Table 'sobhanso_qd.sob_jobs' doesn't exist
---------
mysqli Query Error
	Error Message: Failed executing database query
Date/Time: 2019-06-02 06:55:06
Query: select job_id from sob_jobs
mysqli Error: Table 'sobhanso_qd.sob_jobs' doesn't exist
---------
mysqli Query Error
	Error Message: Failed executing database query
Date/Time: 2019-06-02 06:55:06
Query: select job_id from sob_jobs
mysqli Error: Table 'sobhanso_qd.sob_jobs' doesn't exist
---------
mysqli Query Error
	Error Message: Failed executing database query
Date/Time: 2019-06-02 06:55:06
Query: select job_id from sob_jobs
mysqli Error: Table 'sobhanso_qd.sob_jobs' doesn't exist
---------
mysqli Query Error
	Error Message: Failed executing database query
Date/Time: 2019-06-02 06:55:06
Query: select job_id from sob_jobs
mysqli Error: Table 'sobhanso_qd.sob_jobs' doesn't exist
---------
mysqli Query Error
	Error Message: Failed executing database query
Date/Time: 2019-06-02 06:55:06
Query: select job_id from sob_jobs
mysqli Error: Table 'sobhanso_qd.sob_jobs' doesn't exist
---------
mysqli Query Error
	Error Message: Failed executing database query
Date/Time: 2019-06-02 06:55:06
Query: select job_id from sob_jobs
mysqli Error: Table 'sobhanso_qd.sob_jobs' doesn't exist
---------
mysqli Query Error
	Error Message: Failed executing database query
Date/Time: 2019-06-02 06:55:06
Query: select job_id from sob_jobs
mysqli Error: Table 'sobhanso_qd.sob_jobs' doesn't exist
---------
mysqli Query Error
	Error Message: Failed executing database query
Date/Time: 2019-06-02 06:55:06
Query: select job_id from sob_jobs
mysqli Error: Table 'sobhanso_qd.sob_jobs' doesn't exist
---------
mysqli Query Error
	Error Message: Failed executing database query
Date/Time: 2019-06-02 06:55:06
Query: select job_id from sob_jobs
mysqli Error: Table 'sobhanso_qd.sob_jobs' doesn't exist
---------
mysqli Query Error
	Error Message: Failed executing database query
Date/Time: 2019-06-02 06:55:06
Query: select job_id from sob_jobs
mysqli Error: Table 'sobhanso_qd.sob_jobs' doesn't exist
---------
mysqli Query Error
	Error Message: Failed executing database query
Date/Time: 2019-06-02 06:55:06
Query: select job_id from sob_jobs
mysqli Error: Table 'sobhanso_qd.sob_jobs' doesn't exist
---------
mysqli Query Error
	Error Message: Failed executing database query
Date/Time: 2019-06-02 06:55:06
Query: select job_id from sob_jobs
mysqli Error: Table 'sobhanso_qd.sob_jobs' doesn't exist
---------
mysqli Query Error
	Error Message: Failed executing database query
Date/Time: 2019-06-02 06:55:06
Query: select job_id from sob_jobs
mysqli Error: Table 'sobhanso_qd.sob_jobs' doesn't exist
---------
mysqli Query Error
	Error Message: Failed executing database query
Date/Time: 2019-06-02 06:55:06
Query: select job_id from sob_jobs
mysqli Error: Table 'sobhanso_qd.sob_jobs' doesn't exist
---------
mysqli Query Error
	Error Message: Failed executing database query
Date/Time: 2019-06-02 06:55:06
Query: select job_id from sob_jobs
mysqli Error: Table 'sobhanso_qd.sob_jobs' doesn't exist
---------
mysqli Query Error
	Error Message: Failed executing database query
Date/Time: 2019-06-02 06:55:06
Query: select job_id from sob_jobs
mysqli Error: Table 'sobhanso_qd.sob_jobs' doesn't exist
---------
mysqli Query Error
	Error Message: Failed executing database query
Date/Time: 2019-06-02 06:55:05
Query: select job_id from sob_jobs
mysqli Error: Table 'sobhanso_qd.sob_jobs' doesn't exist
---------
mysqli Query Error
	Error Message: Failed executing database query
Date/Time: 2019-06-02 06:55:05
Query: select job_id from sob_jobs
mysqli Error: Table 'sobhanso_qd.sob_jobs' doesn't exist
---------
mysqli Query Error
	Error Message: Failed executing database query
Date/Time: 2019-06-02 06:55:05
Query: select job_id from sob_jobs
mysqli Error: Table 'sobhanso_qd.sob_jobs' doesn't exist
---------
mysqli Query Error
	Error Message: Failed executing database query
Date/Time: 2019-06-02 06:55:05
Query: select job_id from sob_jobs
mysqli Error: Table 'sobhanso_qd.sob_jobs' doesn't exist
---------
mysqli Query Error
	Error Message: Failed executing database query
Date/Time: 2019-06-02 06:55:05
Query: select job_id from sob_jobs
mysqli Error: Table 'sobhanso_qd.sob_jobs' doesn't exist
---------
mysqli Query Error
	Error Message: Failed executing database query
Date/Time: 2019-06-02 06:55:05
Query: select job_id from sob_jobs
mysqli Error: Table 'sobhanso_qd.sob_jobs' doesn't exist
---------
mysqli Query Error
	Error Message: Failed executing database query
Date/Time: 2019-06-02 06:55:05
Query: select job_id from sob_jobs
mysqli Error: Table 'sobhanso_qd.sob_jobs' doesn't exist
---------
mysqli Query Error
	Error Message: Failed executing database query
Date/Time: 2019-06-02 06:55:05
Query: select job_id from sob_jobs
mysqli Error: Table 'sobhanso_qd.sob_jobs' doesn't exist
---------
mysqli Query Error
	Error Message: Failed executing database query
Date/Time: 2019-06-02 05:03:08
Query: select job_id from sob_jobs
mysqli Error: Table 'sobhanso_qd.sob_jobs' doesn't exist
---------
mysqli Query Error
	Error Message: Failed executing database query
Date/Time: 2019-06-02 05:03:08
Query: select job_id from sob_jobs
mysqli Error: Table 'sobhanso_qd.sob_jobs' doesn't exist
---------
mysqli Query Error
	Error Message: Failed executing database query
Date/Time: 2019-06-01 14:33:48
Query: select job_id from sob_jobs
mysqli Error: Table 'sobhanso_qd.sob_jobs' doesn't exist
---------
mysqli Query Error
	Error Message: Failed executing database query
Date/Time: 2019-06-01 14:33:48
Query: select job_id from sob_jobs
mysqli Error: Table 'sobhanso_qd.sob_jobs' doesn't exist
---------
mysqli Query Error
	Error Message: Failed executing database query
Date/Time: 2019-06-01 14:33:47
Query: select job_id from sob_jobs
mysqli Error: Table 'sobhanso_qd.sob_jobs' doesn't exist
---------
mysqli Query Error
	Error Message: Failed executing database query
Date/Time: 2019-06-01 14:33:47
Query: select job_id from sob_jobs
mysqli Error: Table 'sobhanso_qd.sob_jobs' doesn't exist
---------
mysqli Query Error
	Error Message: Failed executing database query
Date/Time: 2019-06-01 14:33:46
Query: select job_id from sob_jobs
mysqli Error: Table 'sobhanso_qd.sob_jobs' doesn't exist
---------
mysqli Query Error
	Error Message: Failed executing database query
Date/Time: 2019-06-01 14:33:46
Query: select job_id from sob_jobs
mysqli Error: Table 'sobhanso_qd.sob_jobs' doesn't exist
---------
mysqli Query Error
	Error Message: Failed executing database query
Date/Time: 2019-06-01 14:33:46
Query: select job_id from sob_jobs
mysqli Error: Table 'sobhanso_qd.sob_jobs' doesn't exist
---------
mysqli Query Error
	Error Message: Failed executing database query
Date/Time: 2019-06-01 14:33:46
Query: select job_id from sob_jobs
mysqli Error: Table 'sobhanso_qd.sob_jobs' doesn't exist
---------
mysqli Query Error
	Error Message: Failed executing database query
Date/Time: 2019-06-01 14:33:40
Query: select job_id from sob_jobs
mysqli Error: Table 'sobhanso_qd.sob_jobs' doesn't exist
---------
mysqli Query Error
	Error Message: Failed executing database query
Date/Time: 2019-06-01 14:33:40
Query: select job_id from sob_jobs
mysqli Error: Table 'sobhanso_qd.sob_jobs' doesn't exist
---------
mysqli Query Error
	Error Message: Failed executing database query
Date/Time: 2019-06-01 12:30:26
Query: select job_id from sob_jobs
mysqli Error: Table 'sobhanso_qd.sob_jobs' doesn't exist
---------
mysqli Query Error
	Error Message: Failed executing database query
Date/Time: 2019-06-01 12:30:26
Query: select job_id from sob_jobs
mysqli Error: Table 'sobhanso_qd.sob_jobs' doesn't exist
---------
mysqli Query Error
	Error Message: Failed executing database query
Date/Time: 2019-06-01 10:54:52
Query: select job_id from sob_jobs
mysqli Error: Table 'sobhanso_qd.sob_jobs' doesn't exist
---------
mysqli Query Error
	Error Message: Failed executing database query
Date/Time: 2019-06-01 10:54:52
Query: select job_id from sob_jobs
mysqli Error: Table 'sobhanso_qd.sob_jobs' doesn't exist
---------
mysqli Query Error
	Error Message: Failed executing database query
Date/Time: 2019-05-31 14:45:54
Query: select job_id from sob_jobs
mysqli Error: Table 'sobhanso_qd.sob_jobs' doesn't exist
---------
mysqli Query Error
	Error Message: Failed executing database query
Date/Time: 2019-05-31 14:45:54
Query: select job_id from sob_jobs
mysqli Error: Table 'sobhanso_qd.sob_jobs' doesn't exist
---------
mysqli Query Error
	Error Message: Failed executing database query
Date/Time: 2019-05-29 16:33:04
Query: select job_id from sob_jobs
mysqli Error: Table 'sobhanso_qd.sob_jobs' doesn't exist
---------
mysqli Query Error
	Error Message: Failed executing database query
Date/Time: 2019-05-29 16:33:04
Query: select job_id from sob_jobs
mysqli Error: Table 'sobhanso_qd.sob_jobs' doesn't exist
---------
mysqli Query Error
	Error Message: Failed executing database query
Date/Time: 2019-05-28 13:34:33
Query: select job_id from sob_jobs
mysqli Error: Table 'sobhanso_qd.sob_jobs' doesn't exist
---------
mysqli Query Error
	Error Message: Failed executing database query
Date/Time: 2019-05-28 13:34:33
Query: select job_id from sob_jobs
mysqli Error: Table 'sobhanso_qd.sob_jobs' doesn't exist
---------
mysqli Query Error
	Error Message: Failed executing database query
Date/Time: 2019-05-27 00:13:08
Query: select job_id from sob_jobs
mysqli Error: Table 'sobhanso_qd.sob_jobs' doesn't exist
---------
mysqli Query Error
	Error Message: Failed executing database query
Date/Time: 2019-05-27 00:13:08
Query: select job_id from sob_jobs
mysqli Error: Table 'sobhanso_qd.sob_jobs' doesn't exist
---------
mysqli Query Error
	Error Message: Failed executing database query
Date/Time: 2019-05-27 00:12:58
Query: select job_id from sob_jobs
mysqli Error: Table 'sobhanso_qd.sob_jobs' doesn't exist
---------
mysqli Query Error
	Error Message: Failed executing database query
Date/Time: 2019-05-27 00:12:58
Query: select job_id from sob_jobs
mysqli Error: Table 'sobhanso_qd.sob_jobs' doesn't exist
---------
mysqli Query Error
	Error Message: Failed executing database query
Date/Time: 2019-05-27 00:12:29
Query: select job_id from sob_jobs
mysqli Error: Table 'sobhanso_qd.sob_jobs' doesn't exist
---------
mysqli Query Error
	Error Message: Failed executing database query
Date/Time: 2019-05-27 00:12:29
Query: select job_id from sob_jobs
mysqli Error: Table 'sobhanso_qd.sob_jobs' doesn't exist
---------
mysqli Query Error
	Error Message: Failed executing database query
Date/Time: 2019-05-25 01:06:38
Query: select job_id from sob_jobs
mysqli Error: Table 'sobhanso_qd.sob_jobs' doesn't exist
---------
mysqli Query Error
	Error Message: Failed executing database query
Date/Time: 2019-05-25 01:06:38
Query: select job_id from sob_jobs
mysqli Error: Table 'sobhanso_qd.sob_jobs' doesn't exist
---------
mysqli Query Error
	Error Message: Failed executing database query
Date/Time: 2019-05-24 13:08:22
Query: select job_id from sob_jobs
mysqli Error: Table 'sobhanso_qd.sob_jobs' doesn't exist
---------
mysqli Query Error
	Error Message: Failed executing database query
Date/Time: 2019-05-24 13:08:22
Query: select job_id from sob_jobs
mysqli Error: Table 'sobhanso_qd.sob_jobs' doesn't exist
---------
mysqli Query Error
	Error Message: Failed executing database query
Date/Time: 2019-05-24 13:08:22
Query: select job_id from sob_jobs
mysqli Error: Table 'sobhanso_qd.sob_jobs' doesn't exist
---------
mysqli Query Error
	Error Message: Failed executing database query
Date/Time: 2019-05-24 13:08:22
Query: select job_id from sob_jobs
mysqli Error: Table 'sobhanso_qd.sob_jobs' doesn't exist
---------
mysqli Query Error
	Error Message: Failed executing database query
Date/Time: 2019-05-23 08:23:51
Query: select job_id from sob_jobs
mysqli Error: Table 'sobhanso_qd.sob_jobs' doesn't exist
---------
mysqli Query Error
	Error Message: Failed executing database query
Date/Time: 2019-05-23 08:23:51
Query: select job_id from sob_jobs
mysqli Error: Table 'sobhanso_qd.sob_jobs' doesn't exist
---------
mysqli Query Error
	Error Message: Failed executing database query
Date/Time: 2019-05-23 07:14:52
Query: select job_id from sob_jobs
mysqli Error: Table 'sobhanso_qd.sob_jobs' doesn't exist
---------
mysqli Query Error
	Error Message: Failed executing database query
Date/Time: 2019-05-23 07:14:52
Query: select job_id from sob_jobs
mysqli Error: Table 'sobhanso_qd.sob_jobs' doesn't exist
---------
mysqli Query Error
	Error Message: Failed executing database query
Date/Time: 2019-05-23 07:14:51
Query: select job_id from sob_jobs
mysqli Error: Table 'sobhanso_qd.sob_jobs' doesn't exist
---------
mysqli Query Error
	Error Message: Failed executing database query
Date/Time: 2019-05-23 07:14:51
Query: select job_id from sob_jobs
mysqli Error: Table 'sobhanso_qd.sob_jobs' doesn't exist
---------
mysqli Query Error
	Error Message: Failed executing database query
Date/Time: 2019-05-23 07:12:57
Query: select job_id from sob_jobs
mysqli Error: Table 'sobhanso_qd.sob_jobs' doesn't exist
---------
mysqli Query Error
	Error Message: Failed executing database query
Date/Time: 2019-05-23 07:12:57
Query: select job_id from sob_jobs
mysqli Error: Table 'sobhanso_qd.sob_jobs' doesn't exist
---------
mysqli Query Error
	Error Message: Failed executing database query
Date/Time: 2019-05-23 07:12:50
Query: select job_id from sob_jobs
mysqli Error: Table 'sobhanso_qd.sob_jobs' doesn't exist
---------
mysqli Query Error
	Error Message: Failed executing database query
Date/Time: 2019-05-23 07:12:50
Query: select job_id from sob_jobs
mysqli Error: Table 'sobhanso_qd.sob_jobs' doesn't exist
---------
mysqli Query Error
	Error Message: Failed executing database query
Date/Time: 2019-05-21 11:17:05
Query: select job_id from sob_jobs
mysqli Error: Table 'sobhanso_qd.sob_jobs' doesn't exist
---------
mysqli Query Error
	Error Message: Failed executing database query
Date/Time: 2019-05-21 11:17:05
Query: select job_id from sob_jobs
mysqli Error: Table 'sobhanso_qd.sob_jobs' doesn't exist
---------
mysqli Query Error
	Error Message: Failed executing database query
Date/Time: 2019-05-21 11:17:04
Query: select job_id from sob_jobs
mysqli Error: Table 'sobhanso_qd.sob_jobs' doesn't exist
---------
mysqli Query Error
	Error Message: Failed executing database query
Date/Time: 2019-05-21 11:17:04
Query: select job_id from sob_jobs
mysqli Error: Table 'sobhanso_qd.sob_jobs' doesn't exist
---------
mysqli Query Error
	Error Message: Failed executing database query
Date/Time: 2019-05-21 11:12:50
Query: select job_id from sob_jobs
mysqli Error: Table 'sobhanso_qd.sob_jobs' doesn't exist
---------
mysqli Query Error
	Error Message: Failed executing database query
Date/Time: 2019-05-21 11:12:50
Query: select job_id from sob_jobs
mysqli Error: Table 'sobhanso_qd.sob_jobs' doesn't exist
---------
mysqli Query Error
	Error Message: Failed executing database query
Date/Time: 2019-05-21 11:12:50
Query: select job_id from sob_jobs
mysqli Error: Table 'sobhanso_qd.sob_jobs' doesn't exist
---------
mysqli Query Error
	Error Message: Failed executing database query
Date/Time: 2019-05-21 11:12:50
Query: select job_id from sob_jobs
mysqli Error: Table 'sobhanso_qd.sob_jobs' doesn't exist
---------
mysqli Query Error
	Error Message: Failed executing database query
Date/Time: 2019-05-19 16:14:22
Query: select job_id from sob_jobs
mysqli Error: Table 'sobhanso_qd.sob_jobs' doesn't exist
---------
mysqli Query Error
	Error Message: Failed executing database query
Date/Time: 2019-05-19 16:14:22
Query: select job_id from sob_jobs
mysqli Error: Table 'sobhanso_qd.sob_jobs' doesn't exist
---------
mysqli Query Error
	Error Message: Failed executing database query
Date/Time: 2019-05-18 19:45:57
Query: select job_id from sob_jobs
mysqli Error: Table 'sobhanso_qd.sob_jobs' doesn't exist
---------
mysqli Query Error
	Error Message: Failed executing database query
Date/Time: 2019-05-18 19:45:57
Query: select job_id from sob_jobs
mysqli Error: Table 'sobhanso_qd.sob_jobs' doesn't exist
---------
mysqli Query Error
	Error Message: Failed executing database query
Date/Time: 2019-05-16 09:38:18
Query: select job_id from sob_jobs
mysqli Error: Table 'sobhanso_qd.sob_jobs' doesn't exist
---------
mysqli Query Error
	Error Message: Failed executing database query
Date/Time: 2019-05-16 09:38:18
Query: select job_id from sob_jobs
mysqli Error: Table 'sobhanso_qd.sob_jobs' doesn't exist
---------
mysqli Query Error
	Error Message: Failed executing database query
Date/Time: 2019-05-15 17:37:49
Query: select job_id from sob_jobs
mysqli Error: Table 'sobhanso_qd.sob_jobs' doesn't exist
---------
mysqli Query Error
	Error Message: Failed executing database query
Date/Time: 2019-05-15 17:37:49
Query: select job_id from sob_jobs
mysqli Error: Table 'sobhanso_qd.sob_jobs' doesn't exist
---------
mysqli Query Error
	Error Message: Failed executing database query
Date/Time: 2019-05-15 17:37:48
Query: select job_id from sob_jobs
mysqli Error: Table 'sobhanso_qd.sob_jobs' doesn't exist
---------
mysqli Query Error
	Error Message: Failed executing database query
Date/Time: 2019-05-15 17:37:48
Query: select job_id from sob_jobs
mysqli Error: Table 'sobhanso_qd.sob_jobs' doesn't exist
---------
mysqli Query Error
	Error Message: Failed executing database query
Date/Time: 2019-05-15 17:37:48
Query: select job_id from sob_jobs
mysqli Error: Table 'sobhanso_qd.sob_jobs' doesn't exist
---------
mysqli Query Error
	Error Message: Failed executing database query
Date/Time: 2019-05-15 17:37:48
Query: select job_id from sob_jobs
mysqli Error: Table 'sobhanso_qd.sob_jobs' doesn't exist
---------
mysqli Query Error
	Error Message: Failed executing database query
Date/Time: 2019-05-15 17:37:47
Query: select job_id from sob_jobs
mysqli Error: Table 'sobhanso_qd.sob_jobs' doesn't exist
---------
mysqli Query Error
	Error Message: Failed executing database query
Date/Time: 2019-05-15 17:37:47
Query: select job_id from sob_jobs
mysqli Error: Table 'sobhanso_qd.sob_jobs' doesn't exist
---------
mysqli Query Error
	Error Message: Failed executing database query
Date/Time: 2019-05-15 17:37:46
Query: select job_id from sob_jobs
mysqli Error: Table 'sobhanso_qd.sob_jobs' doesn't exist
---------
mysqli Query Error
	Error Message: Failed executing database query
Date/Time: 2019-05-15 17:37:46
Query: select job_id from sob_jobs
mysqli Error: Table 'sobhanso_qd.sob_jobs' doesn't exist
---------
mysqli Query Error
	Error Message: Failed executing database query
Date/Time: 2019-05-15 17:37:45
Query: select job_id from sob_jobs
mysqli Error: Table 'sobhanso_qd.sob_jobs' doesn't exist
---------
mysqli Query Error
	Error Message: Failed executing database query
Date/Time: 2019-05-15 17:37:45
Query: select job_id from sob_jobs
mysqli Error: Table 'sobhanso_qd.sob_jobs' doesn't exist
---------
mysqli Query Error
	Error Message: Failed executing database query
Date/Time: 2019-05-14 19:54:30
Query: select job_id from sob_jobs
mysqli Error: Table 'sobhanso_qd.sob_jobs' doesn't exist
---------
mysqli Query Error
	Error Message: Failed executing database query
Date/Time: 2019-05-14 19:54:30
Query: select job_id from sob_jobs
mysqli Error: Table 'sobhanso_qd.sob_jobs' doesn't exist
---------
mysqli Query Error
	Error Message: Failed executing database query
Date/Time: 2019-05-14 19:54:29
Query: select job_id from sob_jobs
mysqli Error: Table 'sobhanso_qd.sob_jobs' doesn't exist
---------
mysqli Query Error
	Error Message: Failed executing database query
Date/Time: 2019-05-14 19:54:29
Query: select job_id from sob_jobs
mysqli Error: Table 'sobhanso_qd.sob_jobs' doesn't exist
---------
mysqli Query Error
	Error Message: Failed executing database query
Date/Time: 2019-05-14 19:54:28
Query: select job_id from sob_jobs
mysqli Error: Table 'sobhanso_qd.sob_jobs' doesn't exist
---------
mysqli Query Error
	Error Message: Failed executing database query
Date/Time: 2019-05-14 19:54:28
Query: select job_id from sob_jobs
mysqli Error: Table 'sobhanso_qd.sob_jobs' doesn't exist
---------
mysqli Query Error
	Error Message: Failed executing database query
Date/Time: 2019-05-14 19:54:27
Query: select job_id from sob_jobs
mysqli Error: Table 'sobhanso_qd.sob_jobs' doesn't exist
---------
mysqli Query Error
	Error Message: Failed executing database query
Date/Time: 2019-05-14 19:54:27
Query: select job_id from sob_jobs
mysqli Error: Table 'sobhanso_qd.sob_jobs' doesn't exist
---------
mysqli Query Error
	Error Message: Failed executing database query
Date/Time: 2019-05-14 19:54:19
Query: select job_id from sob_jobs
mysqli Error: Table 'sobhanso_qd.sob_jobs' doesn't exist
---------
mysqli Query Error
	Error Message: Failed executing database query
Date/Time: 2019-05-14 19:54:19
Query: select job_id from sob_jobs
mysqli Error: Table 'sobhanso_qd.sob_jobs' doesn't exist
---------
mysqli Query Error
	Error Message: Failed executing database query
Date/Time: 2019-05-14 19:54:12
Query: select job_id from sob_jobs
mysqli Error: Table 'sobhanso_qd.sob_jobs' doesn't exist
---------
mysqli Query Error
	Error Message: Failed executing database query
Date/Time: 2019-05-14 19:54:12
Query: select job_id from sob_jobs
mysqli Error: Table 'sobhanso_qd.sob_jobs' doesn't exist
---------
mysqli Query Error
	Error Message: Failed executing database query
Date/Time: 2019-05-14 19:54:11
Query: select job_id from sob_jobs
mysqli Error: Table 'sobhanso_qd.sob_jobs' doesn't exist
---------
mysqli Query Error
	Error Message: Failed executing database query
Date/Time: 2019-05-14 19:54:11
Query: select job_id from sob_jobs
mysqli Error: Table 'sobhanso_qd.sob_jobs' doesn't exist
---------
mysqli Query Error
	Error Message: Failed executing database query
Date/Time: 2019-05-14 19:54:10
Query: select job_id from sob_jobs
mysqli Error: Table 'sobhanso_qd.sob_jobs' doesn't exist
---------
mysqli Query Error
	Error Message: Failed executing database query
Date/Time: 2019-05-14 19:54:10
Query: select job_id from sob_jobs
mysqli Error: Table 'sobhanso_qd.sob_jobs' doesn't exist
---------
mysqli Query Error
	Error Message: Failed executing database query
Date/Time: 2019-05-14 19:54:07
Query: select job_id from sob_jobs
mysqli Error: Table 'sobhanso_qd.sob_jobs' doesn't exist
---------
mysqli Query Error
	Error Message: Failed executing database query
Date/Time: 2019-05-14 19:54:07
Query: select job_id from sob_jobs
mysqli Error: Table 'sobhanso_qd.sob_jobs' doesn't exist
---------
mysqli Query Error
	Error Message: Failed executing database query
Date/Time: 2019-05-14 19:54:05
Query: select job_id from sob_jobs
mysqli Error: Table 'sobhanso_qd.sob_jobs' doesn't exist
---------
mysqli Query Error
	Error Message: Failed executing database query
Date/Time: 2019-05-14 19:54:05
Query: select job_id from sob_jobs
mysqli Error: Table 'sobhanso_qd.sob_jobs' doesn't exist
---------
mysqli Query Error
	Error Message: Failed executing database query
Date/Time: 2019-05-14 19:54:04
Query: select job_id from sob_jobs
mysqli Error: Table 'sobhanso_qd.sob_jobs' doesn't exist
---------
mysqli Query Error
	Error Message: Failed executing database query
Date/Time: 2019-05-14 19:54:04
Query: select job_id from sob_jobs
mysqli Error: Table 'sobhanso_qd.sob_jobs' doesn't exist
---------
mysqli Query Error
	Error Message: Failed executing database query
Date/Time: 2019-05-14 19:54:03
Query: select job_id from sob_jobs
mysqli Error: Table 'sobhanso_qd.sob_jobs' doesn't exist
---------
mysqli Query Error
	Error Message: Failed executing database query
Date/Time: 2019-05-14 19:54:03
Query: select job_id from sob_jobs
mysqli Error: Table 'sobhanso_qd.sob_jobs' doesn't exist
---------
mysqli Query Error
	Error Message: Failed executing database query
Date/Time: 2019-05-14 19:53:57
Query: select job_id from sob_jobs
mysqli Error: Table 'sobhanso_qd.sob_jobs' doesn't exist
---------
mysqli Query Error
	Error Message: Failed executing database query
Date/Time: 2019-05-14 19:53:57
Query: select job_id from sob_jobs
mysqli Error: Table 'sobhanso_qd.sob_jobs' doesn't exist
---------
mysqli Query Error
	Error Message: Failed executing database query
Date/Time: 2019-05-14 19:53:52
Query: select job_id from sob_jobs
mysqli Error: Table 'sobhanso_qd.sob_jobs' doesn't exist
---------
mysqli Query Error
	Error Message: Failed executing database query
Date/Time: 2019-05-14 19:53:52
Query: select job_id from sob_jobs
mysqli Error: Table 'sobhanso_qd.sob_jobs' doesn't exist
---------
mysqli Query Error
	Error Message: Failed executing database query
Date/Time: 2019-05-14 19:53:51
Query: select job_id from sob_jobs
mysqli Error: Table 'sobhanso_qd.sob_jobs' doesn't exist
---------
mysqli Query Error
	Error Message: Failed executing database query
Date/Time: 2019-05-14 19:53:51
Query: select job_id from sob_jobs
mysqli Error: Table 'sobhanso_qd.sob_jobs' doesn't exist
---------
mysqli Query Error
	Error Message: Failed executing database query
Date/Time: 2019-05-14 19:53:48
Query: select job_id from sob_jobs
mysqli Error: Table 'sobhanso_qd.sob_jobs' doesn't exist
---------
mysqli Query Error
	Error Message: Failed executing database query
Date/Time: 2019-05-14 19:53:48
Query: select job_id from sob_jobs
mysqli Error: Table 'sobhanso_qd.sob_jobs' doesn't exist
---------
mysqli Query Error
	Error Message: Failed executing database query
Date/Time: 2019-05-14 19:53:47
Query: select job_id from sob_jobs
mysqli Error: Table 'sobhanso_qd.sob_jobs' doesn't exist
---------
mysqli Query Error
	Error Message: Failed executing database query
Date/Time: 2019-05-14 19:53:47
Query: select job_id from sob_jobs
mysqli Error: Table 'sobhanso_qd.sob_jobs' doesn't exist
---------
mysqli Query Error
	Error Message: Failed executing database query
Date/Time: 2019-05-14 19:53:40
Query: select job_id from sob_jobs
mysqli Error: Table 'sobhanso_qd.sob_jobs' doesn't exist
---------
mysqli Query Error
	Error Message: Failed executing database query
Date/Time: 2019-05-14 19:53:40
Query: select job_id from sob_jobs
mysqli Error: Table 'sobhanso_qd.sob_jobs' doesn't exist
---------
mysqli Query Error
	Error Message: Failed executing database query
Date/Time: 2019-05-14 19:53:31
Query: select job_id from sob_jobs
mysqli Error: Table 'sobhanso_qd.sob_jobs' doesn't exist
---------
mysqli Query Error
	Error Message: Failed executing database query
Date/Time: 2019-05-14 19:53:31
Query: select job_id from sob_jobs
mysqli Error: Table 'sobhanso_qd.sob_jobs' doesn't exist
---------
mysqli Query Error
	Error Message: Failed executing database query
Date/Time: 2019-05-14 19:53:21
Query: select job_id from sob_jobs
mysqli Error: Table 'sobhanso_qd.sob_jobs' doesn't exist
---------
mysqli Query Error
	Error Message: Failed executing database query
Date/Time: 2019-05-14 19:53:21
Query: select job_id from sob_jobs
mysqli Error: Table 'sobhanso_qd.sob_jobs' doesn't exist
---------
mysqli Query Error
	Error Message: Failed executing database query
Date/Time: 2019-05-14 19:53:18
Query: select job_id from sob_jobs
mysqli Error: Table 'sobhanso_qd.sob_jobs' doesn't exist
---------
mysqli Query Error
	Error Message: Failed executing database query
Date/Time: 2019-05-14 19:53:18
Query: select job_id from sob_jobs
mysqli Error: Table 'sobhanso_qd.sob_jobs' doesn't exist
---------
mysqli Query Error
	Error Message: Failed executing database query
Date/Time: 2019-05-14 19:53:17
Query: select job_id from sob_jobs
mysqli Error: Table 'sobhanso_qd.sob_jobs' doesn't exist
---------
mysqli Query Error
	Error Message: Failed executing database query
Date/Time: 2019-05-14 19:53:17
Query: select job_id from sob_jobs
mysqli Error: Table 'sobhanso_qd.sob_jobs' doesn't exist
---------
mysqli Query Error
	Error Message: Failed executing database query
Date/Time: 2019-05-14 19:53:17
Query: select job_id from sob_jobs
mysqli Error: Table 'sobhanso_qd.sob_jobs' doesn't exist
---------
mysqli Query Error
	Error Message: Failed executing database query
Date/Time: 2019-05-14 19:53:17
Query: select job_id from sob_jobs
mysqli Error: Table 'sobhanso_qd.sob_jobs' doesn't exist
---------
mysqli Query Error
	Error Message: Failed executing database query
Date/Time: 2019-05-14 19:52:57
Query: select job_id from sob_jobs
mysqli Error: Table 'sobhanso_qd.sob_jobs' doesn't exist
---------
mysqli Query Error
	Error Message: Failed executing database query
Date/Time: 2019-05-14 19:52:57
Query: select job_id from sob_jobs
mysqli Error: Table 'sobhanso_qd.sob_jobs' doesn't exist
---------
mysqli Query Error
	Error Message: Failed executing database query
Date/Time: 2019-05-14 19:52:51
Query: select job_id from sob_jobs
mysqli Error: Table 'sobhanso_qd.sob_jobs' doesn't exist
---------
mysqli Query Error
	Error Message: Failed executing database query
Date/Time: 2019-05-14 19:52:51
Query: select job_id from sob_jobs
mysqli Error: Table 'sobhanso_qd.sob_jobs' doesn't exist
---------
mysqli Query Error
	Error Message: Failed executing database query
Date/Time: 2019-05-14 19:52:50
Query: select job_id from sob_jobs
mysqli Error: Table 'sobhanso_qd.sob_jobs' doesn't exist
---------
mysqli Query Error
	Error Message: Failed executing database query
Date/Time: 2019-05-14 19:52:50
Query: select job_id from sob_jobs
mysqli Error: Table 'sobhanso_qd.sob_jobs' doesn't exist
---------
mysqli Query Error
	Error Message: Failed executing database query
Date/Time: 2019-05-14 19:52:49
Query: select job_id from sob_jobs
mysqli Error: Table 'sobhanso_qd.sob_jobs' doesn't exist
---------
mysqli Query Error
	Error Message: Failed executing database query
Date/Time: 2019-05-14 19:52:49
Query: select job_id from sob_jobs
mysqli Error: Table 'sobhanso_qd.sob_jobs' doesn't exist
---------
mysqli Query Error
	Error Message: Failed executing database query
Date/Time: 2019-05-14 19:52:49
Query: select job_id from sob_jobs
mysqli Error: Table 'sobhanso_qd.sob_jobs' doesn't exist
---------
mysqli Query Error
	Error Message: Failed executing database query
Date/Time: 2019-05-14 19:52:49
Query: select job_id from sob_jobs
mysqli Error: Table 'sobhanso_qd.sob_jobs' doesn't exist
---------
mysqli Query Error
	Error Message: Failed executing database query
Date/Time: 2019-05-14 19:52:49
Query: select job_id from sob_jobs
mysqli Error: Table 'sobhanso_qd.sob_jobs' doesn't exist
---------
mysqli Query Error
	Error Message: Failed executing database query
Date/Time: 2019-05-14 19:52:49
Query: select job_id from sob_jobs
mysqli Error: Table 'sobhanso_qd.sob_jobs' doesn't exist
---------
mysqli Query Error
	Error Message: Failed executing database query
Date/Time: 2019-05-14 19:52:48
Query: select job_id from sob_jobs
mysqli Error: Table 'sobhanso_qd.sob_jobs' doesn't exist
---------
mysqli Query Error
	Error Message: Failed executing database query
Date/Time: 2019-05-14 19:52:48
Query: select job_id from sob_jobs
mysqli Error: Table 'sobhanso_qd.sob_jobs' doesn't exist
---------
mysqli Query Error
	Error Message: Failed executing database query
Date/Time: 2019-05-14 19:52:47
Query: select job_id from sob_jobs
mysqli Error: Table 'sobhanso_qd.sob_jobs' doesn't exist
---------
mysqli Query Error
	Error Message: Failed executing database query
Date/Time: 2019-05-14 19:52:47
Query: select job_id from sob_jobs
mysqli Error: Table 'sobhanso_qd.sob_jobs' doesn't exist
---------
mysqli Query Error
	Error Message: Failed executing database query
Date/Time: 2019-05-14 19:52:46
Query: select job_id from sob_jobs
mysqli Error: Table 'sobhanso_qd.sob_jobs' doesn't exist
---------
mysqli Query Error
	Error Message: Failed executing database query
Date/Time: 2019-05-14 19:52:46
Query: select job_id from sob_jobs
mysqli Error: Table 'sobhanso_qd.sob_jobs' doesn't exist
---------
mysqli Query Error
	Error Message: Failed executing database query
Date/Time: 2019-05-14 19:52:14
Query: select job_id from sob_jobs
mysqli Error: Table 'sobhanso_qd.sob_jobs' doesn't exist
---------
mysqli Query Error
	Error Message: Failed executing database query
Date/Time: 2019-05-14 19:52:14
Query: select job_id from sob_jobs
mysqli Error: Table 'sobhanso_qd.sob_jobs' doesn't exist
---------
mysqli Query Error
	Error Message: Failed executing database query
Date/Time: 2019-05-14 19:52:06
Query: select job_id from sob_jobs
mysqli Error: Table 'sobhanso_qd.sob_jobs' doesn't exist
---------
mysqli Query Error
	Error Message: Failed executing database query
Date/Time: 2019-05-14 19:52:06
Query: select job_id from sob_jobs
mysqli Error: Table 'sobhanso_qd.sob_jobs' doesn't exist
---------
mysqli Query Error
	Error Message: Failed executing database query
Date/Time: 2019-05-14 19:51:26
Query: select job_id from sob_jobs
mysqli Error: Table 'sobhanso_qd.sob_jobs' doesn't exist
---------
mysqli Query Error
	Error Message: Failed executing database query
Date/Time: 2019-05-14 19:51:26
Query: select job_id from sob_jobs
mysqli Error: Table 'sobhanso_qd.sob_jobs' doesn't exist
---------
mysqli Query Error
	Error Message: Failed executing database query
Date/Time: 2019-05-14 19:51:22
Query: select job_id from sob_jobs
mysqli Error: Table 'sobhanso_qd.sob_jobs' doesn't exist
---------
mysqli Query Error
	Error Message: Failed executing database query
Date/Time: 2019-05-14 19:51:22
Query: select job_id from sob_jobs
mysqli Error: Table 'sobhanso_qd.sob_jobs' doesn't exist
---------
mysqli Query Error
	Error Message: Failed executing database query
Date/Time: 2019-05-14 19:51:17
Query: select job_id from sob_jobs
mysqli Error: Table 'sobhanso_qd.sob_jobs' doesn't exist
---------
mysqli Query Error
	Error Message: Failed executing database query
Date/Time: 2019-05-14 19:51:17
Query: select job_id from sob_jobs
mysqli Error: Table 'sobhanso_qd.sob_jobs' doesn't exist
---------
mysqli Query Error
	Error Message: Failed executing database query
Date/Time: 2019-05-13 16:35:57
Query: select job_id from sob_jobs
mysqli Error: Table 'sobhanso_qd.sob_jobs' doesn't exist
---------
mysqli Query Error
	Error Message: Failed executing database query
Date/Time: 2019-05-13 16:35:57
Query: select job_id from sob_jobs
mysqli Error: Table 'sobhanso_qd.sob_jobs' doesn't exist
---------
mysqli Query Error
	Error Message: Failed executing database query
Date/Time: 2019-05-13 09:39:40
Query: select job_id from sob_jobs
mysqli Error: Table 'sobhanso_qd.sob_jobs' doesn't exist
---------
mysqli Query Error
	Error Message: Failed executing database query
Date/Time: 2019-05-13 09:39:40
Query: select job_id from sob_jobs
mysqli Error: Table 'sobhanso_qd.sob_jobs' doesn't exist
---------
mysqli Query Error
	Error Message: Failed executing database query
Date/Time: 2019-05-13 01:09:43
Query: select job_id from sob_jobs
mysqli Error: Table 'sobhanso_qd.sob_jobs' doesn't exist
---------
mysqli Query Error
	Error Message: Failed executing database query
Date/Time: 2019-05-13 01:09:43
Query: select job_id from sob_jobs
mysqli Error: Table 'sobhanso_qd.sob_jobs' doesn't exist
---------
mysqli Query Error
	Error Message: Failed executing database query
Date/Time: 2019-05-13 01:09:43
Query: select job_id from sob_jobs
mysqli Error: Table 'sobhanso_qd.sob_jobs' doesn't exist
---------
mysqli Query Error
	Error Message: Failed executing database query
Date/Time: 2019-05-13 01:09:43
Query: select job_id from sob_jobs
mysqli Error: Table 'sobhanso_qd.sob_jobs' doesn't exist
---------
mysqli Query Error
	Error Message: Failed executing database query
Date/Time: 2019-05-13 01:09:43
Query: select job_id from sob_jobs
mysqli Error: Table 'sobhanso_qd.sob_jobs' doesn't exist
---------
mysqli Query Error
	Error Message: Failed executing database query
Date/Time: 2019-05-13 01:09:43
Query: select job_id from sob_jobs
mysqli Error: Table 'sobhanso_qd.sob_jobs' doesn't exist
---------
mysqli Query Error
	Error Message: Failed executing database query
Date/Time: 2019-05-13 01:09:43
Query: select job_id from sob_jobs
mysqli Error: Table 'sobhanso_qd.sob_jobs' doesn't exist
---------
mysqli Query Error
	Error Message: Failed executing database query
Date/Time: 2019-05-13 01:09:43
Query: select job_id from sob_jobs
mysqli Error: Table 'sobhanso_qd.sob_jobs' doesn't exist
---------
mysqli Query Error
	Error Message: Failed executing database query
Date/Time: 2019-05-13 01:09:42
Query: select job_id from sob_jobs
mysqli Error: Table 'sobhanso_qd.sob_jobs' doesn't exist
---------
mysqli Query Error
	Error Message: Failed executing database query
Date/Time: 2019-05-13 01:09:42
Query: select job_id from sob_jobs
mysqli Error: Table 'sobhanso_qd.sob_jobs' doesn't exist
---------
mysqli Query Error
	Error Message: Failed executing database query
Date/Time: 2019-05-13 01:09:42
Query: select job_id from sob_jobs
mysqli Error: Table 'sobhanso_qd.sob_jobs' doesn't exist
---------
mysqli Query Error
	Error Message: Failed executing database query
Date/Time: 2019-05-13 01:09:42
Query: select job_id from sob_jobs
mysqli Error: Table 'sobhanso_qd.sob_jobs' doesn't exist
---------
mysqli Query Error
	Error Message: Failed executing database query
Date/Time: 2019-05-12 06:04:53
Query: select job_id from sob_jobs
mysqli Error: Table 'sobhanso_qd.sob_jobs' doesn't exist
---------
mysqli Query Error
	Error Message: Failed executing database query
Date/Time: 2019-05-12 06:04:53
Query: select job_id from sob_jobs
mysqli Error: Table 'sobhanso_qd.sob_jobs' doesn't exist
---------
mysqli Query Error
	Error Message: Failed executing database query
Date/Time: 2019-05-10 11:56:01
Query: select job_id from sob_jobs
mysqli Error: Table 'sobhanso_qd.sob_jobs' doesn't exist
---------
mysqli Query Error
	Error Message: Failed executing database query
Date/Time: 2019-05-10 11:56:01
Query: select job_id from sob_jobs
mysqli Error: Table 'sobhanso_qd.sob_jobs' doesn't exist
---------
mysqli Query Error
	Error Message: Failed executing database query
Date/Time: 2019-05-07 02:38:52
Query: select job_id from sob_jobs
mysqli Error: Table 'sobhanso_qd.sob_jobs' doesn't exist
---------
mysqli Query Error
	Error Message: Failed executing database query
Date/Time: 2019-05-07 02:38:52
Query: select job_id from sob_jobs
mysqli Error: Table 'sobhanso_qd.sob_jobs' doesn't exist
---------
mysqli Query Error
	Error Message: Failed executing database query
Date/Time: 2019-05-04 15:26:18
Query: select job_id from sob_jobs
mysqli Error: Table 'sobhanso_qd.sob_jobs' doesn't exist
---------
mysqli Query Error
	Error Message: Failed executing database query
Date/Time: 2019-05-04 15:26:18
Query: select job_id from sob_jobs
mysqli Error: Table 'sobhanso_qd.sob_jobs' doesn't exist
---------
mysqli Query Error
	Error Message: Failed executing database query
Date/Time: 2019-05-04 14:16:10
Query: select job_id from sob_jobs
mysqli Error: Table 'sobhanso_qd.sob_jobs' doesn't exist
---------
mysqli Query Error
	Error Message: Failed executing database query
Date/Time: 2019-05-04 14:16:10
Query: select job_id from sob_jobs
mysqli Error: Table 'sobhanso_qd.sob_jobs' doesn't exist
---------
mysqli Query Error
	Error Message: Failed executing database query
Date/Time: 2019-05-03 20:36:54
Query: select job_id from sob_jobs
mysqli Error: Table 'sobhanso_qd.sob_jobs' doesn't exist
---------
mysqli Query Error
	Error Message: Failed executing database query
Date/Time: 2019-05-03 20:36:54
Query: select job_id from sob_jobs
mysqli Error: Table 'sobhanso_qd.sob_jobs' doesn't exist
---------
mysqli Query Error
	Error Message: Failed executing database query
Date/Time: 2019-05-03 20:36:53
Query: select job_id from sob_jobs
mysqli Error: Table 'sobhanso_qd.sob_jobs' doesn't exist
---------
mysqli Query Error
	Error Message: Failed executing database query
Date/Time: 2019-05-03 20:36:53
Query: select job_id from sob_jobs
mysqli Error: Table 'sobhanso_qd.sob_jobs' doesn't exist
---------
mysqli Query Error
	Error Message: Failed executing database query
Date/Time: 2019-05-03 20:36:53
Query: select job_id from sob_jobs
mysqli Error: Table 'sobhanso_qd.sob_jobs' doesn't exist
---------
mysqli Query Error
	Error Message: Failed executing database query
Date/Time: 2019-05-03 20:36:53
Query: select job_id from sob_jobs
mysqli Error: Table 'sobhanso_qd.sob_jobs' doesn't exist
---------
mysqli Query Error
	Error Message: Failed executing database query
Date/Time: 2019-05-03 20:36:50
Query: select job_id from sob_jobs
mysqli Error: Table 'sobhanso_qd.sob_jobs' doesn't exist
---------
mysqli Query Error
	Error Message: Failed executing database query
Date/Time: 2019-05-03 20:36:50
Query: select job_id from sob_jobs
mysqli Error: Table 'sobhanso_qd.sob_jobs' doesn't exist
---------
mysqli Query Error
	Error Message: Failed executing database query
Date/Time: 2019-05-03 20:36:49
Query: select job_id from sob_jobs
mysqli Error: Table 'sobhanso_qd.sob_jobs' doesn't exist
---------
mysqli Query Error
	Error Message: Failed executing database query
Date/Time: 2019-05-03 20:36:49
Query: select job_id from sob_jobs
mysqli Error: Table 'sobhanso_qd.sob_jobs' doesn't exist
---------
mysqli Query Error
	Error Message: Failed executing database query
Date/Time: 2019-05-03 20:36:49
Query: select job_id from sob_jobs
mysqli Error: Table 'sobhanso_qd.sob_jobs' doesn't exist
---------
mysqli Query Error
	Error Message: Failed executing database query
Date/Time: 2019-05-03 20:36:49
Query: select job_id from sob_jobs
mysqli Error: Table 'sobhanso_qd.sob_jobs' doesn't exist
---------
mysqli Query Error
	Error Message: Failed executing database query
Date/Time: 2019-05-03 19:53:35
Query: select job_id from sob_jobs
mysqli Error: Table 'sobhanso_qd.sob_jobs' doesn't exist
---------
mysqli Query Error
	Error Message: Failed executing database query
Date/Time: 2019-05-03 19:53:35
Query: select job_id from sob_jobs
mysqli Error: Table 'sobhanso_qd.sob_jobs' doesn't exist
---------
mysqli Query Error
	Error Message: Failed executing database query
Date/Time: 2019-05-03 13:31:54
Query: select job_id from sob_jobs
mysqli Error: Table 'sobhanso_qd.sob_jobs' doesn't exist
---------
mysqli Query Error
	Error Message: Failed executing database query
Date/Time: 2019-05-03 13:31:54
Query: select job_id from sob_jobs
mysqli Error: Table 'sobhanso_qd.sob_jobs' doesn't exist
---------
mysqli Query Error
	Error Message: Failed executing database query
Date/Time: 2019-05-03 13:31:47
Query: select job_id from sob_jobs
mysqli Error: Table 'sobhanso_qd.sob_jobs' doesn't exist
---------
mysqli Query Error
	Error Message: Failed executing database query
Date/Time: 2019-05-03 13:31:47
Query: select job_id from sob_jobs
mysqli Error: Table 'sobhanso_qd.sob_jobs' doesn't exist
---------
mysqli Query Error
	Error Message: Failed executing database query
Date/Time: 2019-05-03 13:31:44
Query: select job_id from sob_jobs
mysqli Error: Table 'sobhanso_qd.sob_jobs' doesn't exist
---------
mysqli Query Error
	Error Message: Failed executing database query
Date/Time: 2019-05-03 13:31:44
Query: select job_id from sob_jobs
mysqli Error: Table 'sobhanso_qd.sob_jobs' doesn't exist
---------
mysqli Query Error
	Error Message: Failed executing database query
Date/Time: 2019-05-03 13:31:41
Query: select job_id from sob_jobs
mysqli Error: Table 'sobhanso_qd.sob_jobs' doesn't exist
---------
mysqli Query Error
	Error Message: Failed executing database query
Date/Time: 2019-05-03 13:31:41
Query: select job_id from sob_jobs
mysqli Error: Table 'sobhanso_qd.sob_jobs' doesn't exist
---------
mysqli Query Error
	Error Message: Failed executing database query
Date/Time: 2019-05-03 13:31:40
Query: select job_id from sob_jobs
mysqli Error: Table 'sobhanso_qd.sob_jobs' doesn't exist
---------
mysqli Query Error
	Error Message: Failed executing database query
Date/Time: 2019-05-03 13:31:40
Query: select job_id from sob_jobs
mysqli Error: Table 'sobhanso_qd.sob_jobs' doesn't exist
---------
mysqli Query Error
	Error Message: Failed executing database query
Date/Time: 2019-05-03 13:31:40
Query: select job_id from sob_jobs
mysqli Error: Table 'sobhanso_qd.sob_jobs' doesn't exist
---------
mysqli Query Error
	Error Message: Failed executing database query
Date/Time: 2019-05-03 13:31:40
Query: select job_id from sob_jobs
mysqli Error: Table 'sobhanso_qd.sob_jobs' doesn't exist
---------
mysqli Query Error
	Error Message: Failed executing database query
Date/Time: 2019-05-03 05:39:39
Query: select job_id from sob_jobs
mysqli Error: Table 'sobhanso_qd.sob_jobs' doesn't exist
---------
mysqli Query Error
	Error Message: Failed executing database query
Date/Time: 2019-05-03 05:39:39
Query: select job_id from sob_jobs
mysqli Error: Table 'sobhanso_qd.sob_jobs' doesn't exist
---------
mysqli Query Error
	Error Message: Failed executing database query
Date/Time: 2019-05-03 05:38:27
Query: select job_id from sob_jobs
mysqli Error: Table 'sobhanso_qd.sob_jobs' doesn't exist
---------
mysqli Query Error
	Error Message: Failed executing database query
Date/Time: 2019-05-03 05:38:27
Query: select job_id from sob_jobs
mysqli Error: Table 'sobhanso_qd.sob_jobs' doesn't exist
---------
mysqli Query Error
	Error Message: Failed executing database query
Date/Time: 2019-05-03 05:38:24
Query: select job_id from sob_jobs
mysqli Error: Table 'sobhanso_qd.sob_jobs' doesn't exist
---------
mysqli Query Error
	Error Message: Failed executing database query
Date/Time: 2019-05-03 05:38:24
Query: select job_id from sob_jobs
mysqli Error: Table 'sobhanso_qd.sob_jobs' doesn't exist
---------
mysqli Query Error
	Error Message: Failed executing database query
Date/Time: 2019-05-03 05:38:21
Query: select job_id from sob_jobs
mysqli Error: Table 'sobhanso_qd.sob_jobs' doesn't exist
---------
mysqli Query Error
	Error Message: Failed executing database query
Date/Time: 2019-05-03 05:38:21
Query: select job_id from sob_jobs
mysqli Error: Table 'sobhanso_qd.sob_jobs' doesn't exist
---------
mysqli Query Error
	Error Message: Failed executing database query
Date/Time: 2019-04-29 19:20:18
Query: select job_id from sob_jobs
mysqli Error: Table 'sobhanso_qd.sob_jobs' doesn't exist
---------
mysqli Query Error
	Error Message: Failed executing database query
Date/Time: 2019-04-29 19:20:18
Query: select job_id from sob_jobs
mysqli Error: Table 'sobhanso_qd.sob_jobs' doesn't exist
---------
mysqli Query Error
	Error Message: Failed executing database query
Date/Time: 2019-04-28 20:46:44
Query: select job_id from sob_jobs
mysqli Error: Table 'sobhanso_qd.sob_jobs' doesn't exist
---------
mysqli Query Error
	Error Message: Failed executing database query
Date/Time: 2019-04-28 20:46:44
Query: select job_id from sob_jobs
mysqli Error: Table 'sobhanso_qd.sob_jobs' doesn't exist
---------
mysqli Query Error
	Error Message: Failed executing database query
Date/Time: 2019-04-28 20:46:43
Query: select job_id from sob_jobs
mysqli Error: Table 'sobhanso_qd.sob_jobs' doesn't exist
---------
mysqli Query Error
	Error Message: Failed executing database query
Date/Time: 2019-04-28 20:46:43
Query: select job_id from sob_jobs
mysqli Error: Table 'sobhanso_qd.sob_jobs' doesn't exist
---------
mysqli Query Error
	Error Message: Failed executing database query
Date/Time: 2019-04-26 04:04:25
Query: select job_id from sob_jobs
mysqli Error: Table 'sobhanso_qd.sob_jobs' doesn't exist
---------
mysqli Query Error
	Error Message: Failed executing database query
Date/Time: 2019-04-26 04:04:25
Query: select job_id from sob_jobs
mysqli Error: Table 'sobhanso_qd.sob_jobs' doesn't exist
---------
mysqli Query Error
	Error Message: Failed executing database query
Date/Time: 2019-04-24 07:44:27
Query: select job_id from sob_jobs
mysqli Error: Table 'sobhanso_qd.sob_jobs' doesn't exist
---------
mysqli Query Error
	Error Message: Failed executing database query
Date/Time: 2019-04-24 07:44:27
Query: select job_id from sob_jobs
mysqli Error: Table 'sobhanso_qd.sob_jobs' doesn't exist
---------
mysqli Query Error
	Error Message: Failed executing database query
Date/Time: 2019-04-23 13:49:40
Query: select job_id from sob_jobs
mysqli Error: Table 'sobhanso_qd.sob_jobs' doesn't exist
---------
mysqli Query Error
	Error Message: Failed executing database query
Date/Time: 2019-04-23 13:49:40
Query: select job_id from sob_jobs
mysqli Error: Table 'sobhanso_qd.sob_jobs' doesn't exist
---------
mysqli Query Error
	Error Message: Failed executing database query
Date/Time: 2019-04-23 11:34:44
Query: select job_id from sob_jobs
mysqli Error: Table 'sobhanso_qd.sob_jobs' doesn't exist
---------
mysqli Query Error
	Error Message: Failed executing database query
Date/Time: 2019-04-23 11:34:44
Query: select job_id from sob_jobs
mysqli Error: Table 'sobhanso_qd.sob_jobs' doesn't exist
---------
mysqli Query Error
	Error Message: Failed executing database query
Date/Time: 2019-04-22 16:21:47
Query: select job_id from sob_jobs
mysqli Error: Table 'sobhanso_qd.sob_jobs' doesn't exist
---------
mysqli Query Error
	Error Message: Failed executing database query
Date/Time: 2019-04-22 16:21:47
Query: select job_id from sob_jobs
mysqli Error: Table 'sobhanso_qd.sob_jobs' doesn't exist
---------
mysqli Query Error
	Error Message: Failed executing database query
Date/Time: 2019-04-20 06:36:38
Query: select job_id from sob_jobs
mysqli Error: Table 'sobhanso_qd.sob_jobs' doesn't exist
---------
mysqli Query Error
	Error Message: Failed executing database query
Date/Time: 2019-04-20 06:36:38
Query: select job_id from sob_jobs
mysqli Error: Table 'sobhanso_qd.sob_jobs' doesn't exist
---------
mysqli Query Error
	Error Message: Failed executing database query
Date/Time: 2019-04-20 06:36:38
Query: select job_id from sob_jobs
mysqli Error: Table 'sobhanso_qd.sob_jobs' doesn't exist
---------
mysqli Query Error
	Error Message: Failed executing database query
Date/Time: 2019-04-20 06:36:38
Query: select job_id from sob_jobs
mysqli Error: Table 'sobhanso_qd.sob_jobs' doesn't exist
---------
mysqli Query Error
	Error Message: Failed executing database query
Date/Time: 2019-04-20 06:36:38
Query: select job_id from sob_jobs
mysqli Error: Table 'sobhanso_qd.sob_jobs' doesn't exist
---------
mysqli Query Error
	Error Message: Failed executing database query
Date/Time: 2019-04-20 06:36:38
Query: select job_id from sob_jobs
mysqli Error: Table 'sobhanso_qd.sob_jobs' doesn't exist
---------
mysqli Query Error
	Error Message: Failed executing database query
Date/Time: 2019-04-20 06:36:38
Query: select job_id from sob_jobs
mysqli Error: Table 'sobhanso_qd.sob_jobs' doesn't exist
---------
mysqli Query Error
	Error Message: Failed executing database query
Date/Time: 2019-04-20 06:36:38
Query: select job_id from sob_jobs
mysqli Error: Table 'sobhanso_qd.sob_jobs' doesn't exist
---------
mysqli Query Error
	Error Message: Failed executing database query
Date/Time: 2019-04-20 06:36:38
Query: select job_id from sob_jobs
mysqli Error: Table 'sobhanso_qd.sob_jobs' doesn't exist
---------
mysqli Query Error
	Error Message: Failed executing database query
Date/Time: 2019-04-20 06:36:38
Query: select job_id from sob_jobs
mysqli Error: Table 'sobhanso_qd.sob_jobs' doesn't exist
---------
mysqli Query Error
	Error Message: Failed executing database query
Date/Time: 2019-04-20 06:36:37
Query: select job_id from sob_jobs
mysqli Error: Table 'sobhanso_qd.sob_jobs' doesn't exist
---------
mysqli Query Error
	Error Message: Failed executing database query
Date/Time: 2019-04-20 06:36:37
Query: select job_id from sob_jobs
mysqli Error: Table 'sobhanso_qd.sob_jobs' doesn't exist
---------
mysqli Query Error
	Error Message: Failed executing database query
Date/Time: 2019-04-20 02:45:04
Query: select job_id from sob_jobs
mysqli Error: Table 'sobhanso_qd.sob_jobs' doesn't exist
---------
mysqli Query Error
	Error Message: Failed executing database query
Date/Time: 2019-04-20 02:45:04
Query: select job_id from sob_jobs
mysqli Error: Table 'sobhanso_qd.sob_jobs' doesn't exist
---------
mysqli Query Error
	Error Message: Failed executing database query
Date/Time: 2019-04-20 02:45:03
Query: select job_id from sob_jobs
mysqli Error: Table 'sobhanso_qd.sob_jobs' doesn't exist
---------
mysqli Query Error
	Error Message: Failed executing database query
Date/Time: 2019-04-20 02:45:03
Query: select job_id from sob_jobs
mysqli Error: Table 'sobhanso_qd.sob_jobs' doesn't exist
---------
mysqli Query Error
	Error Message: Failed executing database query
Date/Time: 2019-04-20 02:45:03
Query: select job_id from sob_jobs
mysqli Error: Table 'sobhanso_qd.sob_jobs' doesn't exist
---------
mysqli Query Error
	Error Message: Failed executing database query
Date/Time: 2019-04-20 02:45:03
Query: select job_id from sob_jobs
mysqli Error: Table 'sobhanso_qd.sob_jobs' doesn't exist
---------
mysqli Query Error
	Error Message: Failed executing database query
Date/Time: 2019-04-20 02:45:03
Query: select job_id from sob_jobs
mysqli Error: Table 'sobhanso_qd.sob_jobs' doesn't exist
---------
mysqli Query Error
	Error Message: Failed executing database query
Date/Time: 2019-04-20 02:45:03
Query: select job_id from sob_jobs
mysqli Error: Table 'sobhanso_qd.sob_jobs' doesn't exist
---------
mysqli Query Error
	Error Message: Failed executing database query
Date/Time: 2019-04-20 02:45:03
Query: select job_id from sob_jobs
mysqli Error: Table 'sobhanso_qd.sob_jobs' doesn't exist
---------
mysqli Query Error
	Error Message: Failed executing database query
Date/Time: 2019-04-20 02:45:03
Query: select job_id from sob_jobs
mysqli Error: Table 'sobhanso_qd.sob_jobs' doesn't exist
---------
mysqli Query Error
	Error Message: Failed executing database query
Date/Time: 2019-04-20 02:45:03
Query: select job_id from sob_jobs
mysqli Error: Table 'sobhanso_qd.sob_jobs' doesn't exist
---------
mysqli Query Error
	Error Message: Failed executing database query
Date/Time: 2019-04-20 02:45:03
Query: select job_id from sob_jobs
mysqli Error: Table 'sobhanso_qd.sob_jobs' doesn't exist
---------
mysqli Query Error
	Error Message: Failed executing database query
Date/Time: 2019-04-18 08:41:55
Query: select job_id from sob_jobs
mysqli Error: Table 'sobhanso_qd.sob_jobs' doesn't exist
---------
mysqli Query Error
	Error Message: Failed executing database query
Date/Time: 2019-04-18 08:41:55
Query: select job_id from sob_jobs
mysqli Error: Table 'sobhanso_qd.sob_jobs' doesn't exist
---------
mysqli Query Error
	Error Message: Failed executing database query
Date/Time: 2019-04-16 15:47:21
Query: select job_id from sob_jobs
mysqli Error: Table 'sobhanso_qd.sob_jobs' doesn't exist
---------
mysqli Query Error
	Error Message: Failed executing database query
Date/Time: 2019-04-16 15:47:21
Query: select job_id from sob_jobs
mysqli Error: Table 'sobhanso_qd.sob_jobs' doesn't exist
---------
mysqli Query Error
	Error Message: Failed executing database query
Date/Time: 2019-04-14 11:44:26
Query: select job_id from sob_jobs
mysqli Error: Table 'sobhanso_qd.sob_jobs' doesn't exist
---------
mysqli Query Error
	Error Message: Failed executing database query
Date/Time: 2019-04-14 11:44:26
Query: select job_id from sob_jobs
mysqli Error: Table 'sobhanso_qd.sob_jobs' doesn't exist
---------
mysqli Query Error
	Error Message: Failed executing database query
Date/Time: 2019-04-12 13:24:06
Query: select job_id from sob_jobs
mysqli Error: Table 'sobhanso_qd.sob_jobs' doesn't exist
---------
mysqli Query Error
	Error Message: Failed executing database query
Date/Time: 2019-04-12 13:24:06
Query: select job_id from sob_jobs
mysqli Error: Table 'sobhanso_qd.sob_jobs' doesn't exist
---------
mysqli Query Error
	Error Message: Failed executing database query
Date/Time: 2019-04-11 12:37:46
Query: select job_id from sob_jobs
mysqli Error: Table 'sobhanso_qd.sob_jobs' doesn't exist
---------
mysqli Query Error
	Error Message: Failed executing database query
Date/Time: 2019-04-11 12:37:46
Query: select job_id from sob_jobs
mysqli Error: Table 'sobhanso_qd.sob_jobs' doesn't exist
---------
mysqli Query Error
	Error Message: Failed executing database query
Date/Time: 2019-04-11 12:37:45
Query: select job_id from sob_jobs
mysqli Error: Table 'sobhanso_qd.sob_jobs' doesn't exist
---------
mysqli Query Error
	Error Message: Failed executing database query
Date/Time: 2019-04-11 12:37:45
Query: select job_id from sob_jobs
mysqli Error: Table 'sobhanso_qd.sob_jobs' doesn't exist
---------
mysqli Query Error
	Error Message: Failed executing database query
Date/Time: 2019-04-11 12:37:45
Query: select job_id from sob_jobs
mysqli Error: Table 'sobhanso_qd.sob_jobs' doesn't exist
---------
mysqli Query Error
	Error Message: Failed executing database query
Date/Time: 2019-04-11 12:37:45
Query: select job_id from sob_jobs
mysqli Error: Table 'sobhanso_qd.sob_jobs' doesn't exist
---------
mysqli Query Error
	Error Message: Failed executing database query
Date/Time: 2019-04-11 12:37:45
Query: select job_id from sob_jobs
mysqli Error: Table 'sobhanso_qd.sob_jobs' doesn't exist
---------
mysqli Query Error
	Error Message: Failed executing database query
Date/Time: 2019-04-11 12:37:45
Query: select job_id from sob_jobs
mysqli Error: Table 'sobhanso_qd.sob_jobs' doesn't exist
---------
mysqli Query Error
	Error Message: Failed executing database query
Date/Time: 2019-04-10 03:32:07
Query: select job_id from sob_jobs
mysqli Error: Table 'sobhanso_qd.sob_jobs' doesn't exist
---------
mysqli Query Error
	Error Message: Failed executing database query
Date/Time: 2019-04-10 03:32:07
Query: select job_id from sob_jobs
mysqli Error: Table 'sobhanso_qd.sob_jobs' doesn't exist
---------
mysqli Query Error
	Error Message: Failed executing database query
Date/Time: 2019-04-03 17:14:34
Query: select job_id from sob_jobs
mysqli Error: Table 'sobhanso_qd.sob_jobs' doesn't exist
---------
mysqli Query Error
	Error Message: Failed executing database query
Date/Time: 2019-04-03 17:14:34
Query: select job_id from sob_jobs
mysqli Error: Table 'sobhanso_qd.sob_jobs' doesn't exist
---------
mysqli Query Error
	Error Message: Failed executing database query
Date/Time: 2019-04-03 17:14:33
Query: select job_id from sob_jobs
mysqli Error: Table 'sobhanso_qd.sob_jobs' doesn't exist
---------
mysqli Query Error
	Error Message: Failed executing database query
Date/Time: 2019-04-03 17:14:33
Query: select job_id from sob_jobs
mysqli Error: Table 'sobhanso_qd.sob_jobs' doesn't exist
---------
mysqli Query Error
	Error Message: Failed executing database query
Date/Time: 2019-04-03 17:13:18
Query: select job_id from sob_jobs
mysqli Error: Table 'sobhanso_qd.sob_jobs' doesn't exist
---------
mysqli Query Error
	Error Message: Failed executing database query
Date/Time: 2019-04-03 17:13:18
Query: select job_id from sob_jobs
mysqli Error: Table 'sobhanso_qd.sob_jobs' doesn't exist
---------
mysqli Query Error
	Error Message: Failed executing database query
Date/Time: 2019-04-03 17:13:18
Query: select job_id from sob_jobs
mysqli Error: Table 'sobhanso_qd.sob_jobs' doesn't exist
---------
mysqli Query Error
	Error Message: Failed executing database query
Date/Time: 2019-04-03 17:13:18
Query: select job_id from sob_jobs
mysqli Error: Table 'sobhanso_qd.sob_jobs' doesn't exist
---------
mysqli Query Error
	Error Message: Failed executing database query
Date/Time: 2019-04-03 14:44:07
Query: select job_id from sob_jobs
mysqli Error: Table 'sobhanso_qd.sob_jobs' doesn't exist
---------
mysqli Query Error
	Error Message: Failed executing database query
Date/Time: 2019-04-03 14:44:07
Query: select job_id from sob_jobs
mysqli Error: Table 'sobhanso_qd.sob_jobs' doesn't exist
---------
mysqli Query Error
	Error Message: Failed executing database query
Date/Time: 2019-04-03 14:44:06
Query: select job_id from sob_jobs
mysqli Error: Table 'sobhanso_qd.sob_jobs' doesn't exist
---------
mysqli Query Error
	Error Message: Failed executing database query
Date/Time: 2019-04-03 14:44:06
Query: select job_id from sob_jobs
mysqli Error: Table 'sobhanso_qd.sob_jobs' doesn't exist
---------
mysqli Query Error
	Error Message: Failed executing database query
Date/Time: 2019-04-03 14:44:06
Query: select job_id from sob_jobs
mysqli Error: Table 'sobhanso_qd.sob_jobs' doesn't exist
---------
mysqli Query Error
	Error Message: Failed executing database query
Date/Time: 2019-04-03 14:44:06
Query: select job_id from sob_jobs
mysqli Error: Table 'sobhanso_qd.sob_jobs' doesn't exist
---------
mysqli Query Error
	Error Message: Failed executing database query
Date/Time: 2019-04-03 14:44:06
Query: select job_id from sob_jobs
mysqli Error: Table 'sobhanso_qd.sob_jobs' doesn't exist
---------
mysqli Query Error
	Error Message: Failed executing database query
Date/Time: 2019-04-03 14:44:06
Query: select job_id from sob_jobs
mysqli Error: Table 'sobhanso_qd.sob_jobs' doesn't exist
---------
mysqli Query Error
	Error Message: Failed executing database query
Date/Time: 2019-04-03 14:44:06
Query: select job_id from sob_jobs
mysqli Error: Table 'sobhanso_qd.sob_jobs' doesn't exist
---------
mysqli Query Error
	Error Message: Failed executing database query
Date/Time: 2019-04-03 14:44:06
Query: select job_id from sob_jobs
mysqli Error: Table 'sobhanso_qd.sob_jobs' doesn't exist
---------
mysqli Query Error
	Error Message: Failed executing database query
Date/Time: 2019-04-03 14:44:06
Query: select job_id from sob_jobs
mysqli Error: Table 'sobhanso_qd.sob_jobs' doesn't exist
---------
mysqli Query Error
	Error Message: Failed executing database query
Date/Time: 2019-04-03 14:44:06
Query: select job_id from sob_jobs
mysqli Error: Table 'sobhanso_qd.sob_jobs' doesn't exist
---------
mysqli Query Error
	Error Message: Failed executing database query
Date/Time: 2019-04-03 14:44:00
Query: select job_id from sob_jobs
mysqli Error: Table 'sobhanso_qd.sob_jobs' doesn't exist
---------
mysqli Query Error
	Error Message: Failed executing database query
Date/Time: 2019-04-03 14:44:00
Query: select job_id from sob_jobs
mysqli Error: Table 'sobhanso_qd.sob_jobs' doesn't exist
---------
mysqli Query Error
	Error Message: Failed executing database query
Date/Time: 2019-04-02 14:11:17
Query: select job_id from sob_jobs
mysqli Error: Table 'sobhanso_qd.sob_jobs' doesn't exist
---------
mysqli Query Error
	Error Message: Failed executing database query
Date/Time: 2019-04-02 14:11:17
Query: select job_id from sob_jobs
mysqli Error: Table 'sobhanso_qd.sob_jobs' doesn't exist
---------
mysqli Query Error
	Error Message: Failed executing database query
Date/Time: 2019-04-01 18:31:07
Query: select job_id from sob_jobs
mysqli Error: Table 'sobhanso_qd.sob_jobs' doesn't exist
---------
mysqli Query Error
	Error Message: Failed executing database query
Date/Time: 2019-04-01 18:31:07
Query: select job_id from sob_jobs
mysqli Error: Table 'sobhanso_qd.sob_jobs' doesn't exist
---------
mysqli Query Error
	Error Message: Failed executing database query
Date/Time: 2019-04-01 18:31:03
Query: select job_id from sob_jobs
mysqli Error: Table 'sobhanso_qd.sob_jobs' doesn't exist
---------
mysqli Query Error
	Error Message: Failed executing database query
Date/Time: 2019-04-01 18:31:03
Query: select job_id from sob_jobs
mysqli Error: Table 'sobhanso_qd.sob_jobs' doesn't exist
---------
mysqli Query Error
	Error Message: Failed executing database query
Date/Time: 2019-04-01 18:31:03
Query: select job_id from sob_jobs
mysqli Error: Table 'sobhanso_qd.sob_jobs' doesn't exist
---------
mysqli Query Error
	Error Message: Failed executing database query
Date/Time: 2019-04-01 18:31:03
Query: select job_id from sob_jobs
mysqli Error: Table 'sobhanso_qd.sob_jobs' doesn't exist
---------
mysqli Query Error
	Error Message: Failed executing database query
Date/Time: 2019-04-01 18:29:35
Query: select job_id from sob_jobs
mysqli Error: Table 'sobhanso_qd.sob_jobs' doesn't exist
---------
mysqli Query Error
	Error Message: Failed executing database query
Date/Time: 2019-04-01 18:29:35
Query: select job_id from sob_jobs
mysqli Error: Table 'sobhanso_qd.sob_jobs' doesn't exist
---------
mysqli Query Error
	Error Message: Failed executing database query
Date/Time: 2019-04-01 18:29:28
Query: select job_id from sob_jobs
mysqli Error: Table 'sobhanso_qd.sob_jobs' doesn't exist
---------
mysqli Query Error
	Error Message: Failed executing database query
Date/Time: 2019-04-01 18:29:28
Query: select job_id from sob_jobs
mysqli Error: Table 'sobhanso_qd.sob_jobs' doesn't exist
---------
mysqli Query Error
	Error Message: Failed executing database query
Date/Time: 2019-04-01 18:28:44
Query: select job_id from sob_jobs
mysqli Error: Table 'sobhanso_qd.sob_jobs' doesn't exist
---------
mysqli Query Error
	Error Message: Failed executing database query
Date/Time: 2019-04-01 18:28:44
Query: select job_id from sob_jobs
mysqli Error: Table 'sobhanso_qd.sob_jobs' doesn't exist
---------
mysqli Query Error
	Error Message: Failed executing database query
Date/Time: 2019-04-01 18:28:32
Query: select job_id from sob_jobs
mysqli Error: Table 'sobhanso_qd.sob_jobs' doesn't exist
---------
mysqli Query Error
	Error Message: Failed executing database query
Date/Time: 2019-04-01 18:28:32
Query: select job_id from sob_jobs
mysqli Error: Table 'sobhanso_qd.sob_jobs' doesn't exist
---------
mysqli Query Error
	Error Message: Failed executing database query
Date/Time: 2019-04-01 18:24:43
Query: select job_id from sob_jobs
mysqli Error: Table 'sobhanso_qd.sob_jobs' doesn't exist
---------
mysqli Query Error
	Error Message: Failed executing database query
Date/Time: 2019-04-01 18:24:43
Query: select job_id from sob_jobs
mysqli Error: Table 'sobhanso_qd.sob_jobs' doesn't exist
---------
mysqli Query Error
	Error Message: Failed executing database query
Date/Time: 2019-04-01 18:24:34
Query: select job_id from sob_jobs
mysqli Error: Table 'sobhanso_qd.sob_jobs' doesn't exist
---------
mysqli Query Error
	Error Message: Failed executing database query
Date/Time: 2019-04-01 18:24:34
Query: select job_id from sob_jobs
mysqli Error: Table 'sobhanso_qd.sob_jobs' doesn't exist
---------
mysqli Query Error
	Error Message: Failed executing database query
Date/Time: 2019-04-01 18:24:25
Query: select job_id from sob_jobs
mysqli Error: Table 'sobhanso_qd.sob_jobs' doesn't exist
---------
mysqli Query Error
	Error Message: Failed executing database query
Date/Time: 2019-04-01 18:24:25
Query: select job_id from sob_jobs
mysqli Error: Table 'sobhanso_qd.sob_jobs' doesn't exist
---------
mysqli Query Error
	Error Message: Failed executing database query
Date/Time: 2019-04-01 18:24:16
Query: select job_id from sob_jobs
mysqli Error: Table 'sobhanso_qd.sob_jobs' doesn't exist
---------
mysqli Query Error
	Error Message: Failed executing database query
Date/Time: 2019-04-01 18:24:16
Query: select job_id from sob_jobs
mysqli Error: Table 'sobhanso_qd.sob_jobs' doesn't exist
---------
mysqli Query Error
	Error Message: Failed executing database query
Date/Time: 2019-04-01 18:24:09
Query: select job_id from sob_jobs
mysqli Error: Table 'sobhanso_qd.sob_jobs' doesn't exist
---------
mysqli Query Error
	Error Message: Failed executing database query
Date/Time: 2019-04-01 18:24:09
Query: select job_id from sob_jobs
mysqli Error: Table 'sobhanso_qd.sob_jobs' doesn't exist
---------
mysqli Query Error
	Error Message: Failed executing database query
Date/Time: 2019-04-01 18:23:50
Query: select job_id from sob_jobs
mysqli Error: Table 'sobhanso_qd.sob_jobs' doesn't exist
---------
mysqli Query Error
	Error Message: Failed executing database query
Date/Time: 2019-04-01 18:23:50
Query: select job_id from sob_jobs
mysqli Error: Table 'sobhanso_qd.sob_jobs' doesn't exist
---------
mysqli Query Error
	Error Message: Failed executing database query
Date/Time: 2019-04-01 18:23:41
Query: select job_id from sob_jobs
mysqli Error: Table 'sobhanso_qd.sob_jobs' doesn't exist
---------
mysqli Query Error
	Error Message: Failed executing database query
Date/Time: 2019-04-01 18:23:41
Query: select job_id from sob_jobs
mysqli Error: Table 'sobhanso_qd.sob_jobs' doesn't exist
---------
mysqli Query Error
	Error Message: Failed executing database query
Date/Time: 2019-03-26 00:05:04
Query: select job_id from sob_jobs
mysqli Error: Table 'sobhanso_qd.sob_jobs' doesn't exist
---------
mysqli Query Error
	Error Message: Failed executing database query
Date/Time: 2019-03-26 00:05:04
Query: select job_id from sob_jobs
mysqli Error: Table 'sobhanso_qd.sob_jobs' doesn't exist
---------
mysqli Query Error
	Error Message: Failed executing database query
Date/Time: 2019-03-24 08:55:54
Query: select job_id from sob_jobs
mysqli Error: Table 'sobhanso_qd.sob_jobs' doesn't exist
---------
mysqli Query Error
	Error Message: Failed executing database query
Date/Time: 2019-03-24 08:55:54
Query: select job_id from sob_jobs
mysqli Error: Table 'sobhanso_qd.sob_jobs' doesn't exist
---------
mysqli Query Error
	Error Message: Failed executing database query
Date/Time: 2019-03-23 14:46:32
Query: select job_id from sob_jobs
mysqli Error: Table 'sobhanso_qd.sob_jobs' doesn't exist
---------
mysqli Query Error
	Error Message: Failed executing database query
Date/Time: 2019-03-23 14:46:32
Query: select job_id from sob_jobs
mysqli Error: Table 'sobhanso_qd.sob_jobs' doesn't exist
---------
mysqli Query Error
	Error Message: Failed executing database query
Date/Time: 2019-03-23 14:46:32
Query: select job_id from sob_jobs
mysqli Error: Table 'sobhanso_qd.sob_jobs' doesn't exist
---------
mysqli Query Error
	Error Message: Failed executing database query
Date/Time: 2019-03-23 14:46:32
Query: select job_id from sob_jobs
mysqli Error: Table 'sobhanso_qd.sob_jobs' doesn't exist
---------
mysqli Query Error
	Error Message: Failed executing database query
Date/Time: 2019-03-23 14:46:32
Query: select job_id from sob_jobs
mysqli Error: Table 'sobhanso_qd.sob_jobs' doesn't exist
---------
mysqli Query Error
	Error Message: Failed executing database query
Date/Time: 2019-03-23 14:46:32
Query: select job_id from sob_jobs
mysqli Error: Table 'sobhanso_qd.sob_jobs' doesn't exist
---------
mysqli Query Error
	Error Message: Failed executing database query
Date/Time: 2019-03-23 14:46:32
Query: select job_id from sob_jobs
mysqli Error: Table 'sobhanso_qd.sob_jobs' doesn't exist
---------
mysqli Query Error
	Error Message: Failed executing database query
Date/Time: 2019-03-23 14:46:32
Query: select job_id from sob_jobs
mysqli Error: Table 'sobhanso_qd.sob_jobs' doesn't exist
---------
mysqli Query Error
	Error Message: Failed executing database query
Date/Time: 2019-03-23 14:46:32
Query: select job_id from sob_jobs
mysqli Error: Table 'sobhanso_qd.sob_jobs' doesn't exist
---------
mysqli Query Error
	Error Message: Failed executing database query
Date/Time: 2019-03-23 14:46:32
Query: select job_id from sob_jobs
mysqli Error: Table 'sobhanso_qd.sob_jobs' doesn't exist
---------
mysqli Query Error
	Error Message: Failed executing database query
Date/Time: 2019-03-23 14:46:32
Query: select job_id from sob_jobs
mysqli Error: Table 'sobhanso_qd.sob_jobs' doesn't exist
---------
mysqli Query Error
	Error Message: Failed executing database query
Date/Time: 2019-03-23 14:46:32
Query: select job_id from sob_jobs
mysqli Error: Table 'sobhanso_qd.sob_jobs' doesn't exist
---------
mysqli Query Error
	Error Message: Failed executing database query
Date/Time: 2019-03-23 14:46:32
Query: select job_id from sob_jobs
mysqli Error: Table 'sobhanso_qd.sob_jobs' doesn't exist
---------
mysqli Query Error
	Error Message: Failed executing database query
Date/Time: 2019-03-23 14:46:31
Query: select job_id from sob_jobs
mysqli Error: Table 'sobhanso_qd.sob_jobs' doesn't exist
---------
mysqli Query Error
	Error Message: Failed executing database query
Date/Time: 2019-03-23 00:50:34
Query: select job_id from sob_jobs
mysqli Error: Table 'sobhanso_qd.sob_jobs' doesn't exist
---------
mysqli Query Error
	Error Message: Failed executing database query
Date/Time: 2019-03-23 00:50:34
Query: select job_id from sob_jobs
mysqli Error: Table 'sobhanso_qd.sob_jobs' doesn't exist
---------
mysqli Query Error
	Error Message: Failed executing database query
Date/Time: 2019-03-23 00:50:34
Query: select job_id from sob_jobs
mysqli Error: Table 'sobhanso_qd.sob_jobs' doesn't exist
---------
mysqli Query Error
	Error Message: Failed executing database query
Date/Time: 2019-03-23 00:50:34
Query: select job_id from sob_jobs
mysqli Error: Table 'sobhanso_qd.sob_jobs' doesn't exist
---------
mysqli Query Error
	Error Message: Failed executing database query
Date/Time: 2019-03-23 00:50:34
Query: select job_id from sob_jobs
mysqli Error: Table 'sobhanso_qd.sob_jobs' doesn't exist
---------
mysqli Query Error
	Error Message: Failed executing database query
Date/Time: 2019-03-23 00:50:34
Query: select job_id from sob_jobs
mysqli Error: Table 'sobhanso_qd.sob_jobs' doesn't exist
---------
mysqli Query Error
	Error Message: Failed executing database query
Date/Time: 2019-03-23 00:50:34
Query: select job_id from sob_jobs
mysqli Error: Table 'sobhanso_qd.sob_jobs' doesn't exist
---------
mysqli Query Error
	Error Message: Failed executing database query
Date/Time: 2019-03-23 00:50:34
Query: select job_id from sob_jobs
mysqli Error: Table 'sobhanso_qd.sob_jobs' doesn't exist
---------
mysqli Query Error
	Error Message: Failed executing database query
Date/Time: 2019-03-23 00:50:34
Query: select job_id from sob_jobs
mysqli Error: Table 'sobhanso_qd.sob_jobs' doesn't exist
---------
mysqli Query Error
	Error Message: Failed executing database query
Date/Time: 2019-03-23 00:50:34
Query: select job_id from sob_jobs
mysqli Error: Table 'sobhanso_qd.sob_jobs' doesn't exist
---------
mysqli Query Error
	Error Message: Failed executing database query
Date/Time: 2019-03-23 00:50:34
Query: select job_id from sob_jobs
mysqli Error: Table 'sobhanso_qd.sob_jobs' doesn't exist
---------
mysqli Query Error
	Error Message: Failed executing database query
Date/Time: 2019-03-23 00:50:34
Query: select job_id from sob_jobs
mysqli Error: Table 'sobhanso_qd.sob_jobs' doesn't exist
---------
mysqli Query Error
	Error Message: Failed executing database query
Date/Time: 2019-03-23 00:50:33
Query: select job_id from sob_jobs
mysqli Error: Table 'sobhanso_qd.sob_jobs' doesn't exist
---------
mysqli Query Error
	Error Message: Failed executing database query
Date/Time: 2019-03-23 00:50:33
Query: select job_id from sob_jobs
mysqli Error: Table 'sobhanso_qd.sob_jobs' doesn't exist
---------
mysqli Query Error
	Error Message: Failed executing database query
Date/Time: 2019-03-22 23:23:00
Query: select job_id from sob_jobs
mysqli Error: Table 'sobhanso_qd.sob_jobs' doesn't exist
---------
mysqli Query Error
	Error Message: Failed executing database query
Date/Time: 2019-03-22 23:23:00
Query: select job_id from sob_jobs
mysqli Error: Table 'sobhanso_qd.sob_jobs' doesn't exist
---------
mysqli Query Error
	Error Message: Failed executing database query
Date/Time: 2019-03-17 08:23:20
Query: select job_id from sob_jobs
mysqli Error: Table 'sobhanso_qd.sob_jobs' doesn't exist
---------
mysqli Query Error
	Error Message: Failed executing database query
Date/Time: 2019-03-17 08:23:20
Query: select job_id from sob_jobs
mysqli Error: Table 'sobhanso_qd.sob_jobs' doesn't exist
---------
mysqli Query Error
	Error Message: Failed executing database query
Date/Time: 2019-03-17 08:23:19
Query: select job_id from sob_jobs
mysqli Error: Table 'sobhanso_qd.sob_jobs' doesn't exist
---------
mysqli Query Error
	Error Message: Failed executing database query
Date/Time: 2019-03-17 08:23:19
Query: select job_id from sob_jobs
mysqli Error: Table 'sobhanso_qd.sob_jobs' doesn't exist
---------
mysqli Query Error
	Error Message: Failed executing database query
Date/Time: 2019-03-17 04:41:50
Query: select job_id from sob_jobs
mysqli Error: Table 'sobhanso_qd.sob_jobs' doesn't exist
---------
mysqli Query Error
	Error Message: Failed executing database query
Date/Time: 2019-03-17 04:41:50
Query: select job_id from sob_jobs
mysqli Error: Table 'sobhanso_qd.sob_jobs' doesn't exist
---------
mysqli Query Error
	Error Message: Failed executing database query
Date/Time: 2019-03-15 05:42:42
Query: select job_id from sob_jobs
mysqli Error: Table 'sobhanso_qd.sob_jobs' doesn't exist
---------
mysqli Query Error
	Error Message: Failed executing database query
Date/Time: 2019-03-15 05:42:42
Query: select job_id from sob_jobs
mysqli Error: Table 'sobhanso_qd.sob_jobs' doesn't exist
---------
mysqli Query Error
	Error Message: Failed executing database query
Date/Time: 2019-03-14 08:34:06
Query: select job_id from sob_jobs
mysqli Error: Table 'sobhanso_qd.sob_jobs' doesn't exist
---------
mysqli Query Error
	Error Message: Failed executing database query
Date/Time: 2019-03-14 08:34:06
Query: select job_id from sob_jobs
mysqli Error: Table 'sobhanso_qd.sob_jobs' doesn't exist
---------
mysqli Query Error
	Error Message: Failed executing database query
Date/Time: 2019-03-12 10:51:56
Query: select job_id from sob_jobs
mysqli Error: Table 'sobhanso_qd.sob_jobs' doesn't exist
---------
mysqli Query Error
	Error Message: Failed executing database query
Date/Time: 2019-03-12 10:51:56
Query: select job_id from sob_jobs
mysqli Error: Table 'sobhanso_qd.sob_jobs' doesn't exist
---------
mysqli Query Error
	Error Message: Failed executing database query
Date/Time: 2019-03-07 15:10:06
Query: select job_id from sob_jobs
mysqli Error: Table 'sobhanso_qd.sob_jobs' doesn't exist
---------
mysqli Query Error
	Error Message: Failed executing database query
Date/Time: 2019-03-07 15:10:05
Query: select job_id from sob_jobs
mysqli Error: Table 'sobhanso_qd.sob_jobs' doesn't exist
---------
mysqli Query Error
	Error Message: Failed executing database query
Date/Time: 2019-03-06 15:53:56
Query: select job_id from sob_jobs
mysqli Error: Table 'sobhanso_qd.sob_jobs' doesn't exist
---------
mysqli Query Error
	Error Message: Failed executing database query
Date/Time: 2019-03-06 15:53:56
Query: select job_id from sob_jobs
mysqli Error: Table 'sobhanso_qd.sob_jobs' doesn't exist
---------
mysqli Query Error
	Error Message: Failed executing database query
Date/Time: 2019-03-05 16:00:54
Query: select job_id from sob_jobs
mysqli Error: Table 'sobhanso_qd.sob_jobs' doesn't exist
---------
mysqli Query Error
	Error Message: Failed executing database query
Date/Time: 2019-03-05 16:00:54
Query: select job_id from sob_jobs
mysqli Error: Table 'sobhanso_qd.sob_jobs' doesn't exist
---------
mysqli Query Error
	Error Message: Failed executing database query
Date/Time: 2019-03-05 16:00:54
Query: select job_id from sob_jobs
mysqli Error: Table 'sobhanso_qd.sob_jobs' doesn't exist
---------
mysqli Query Error
	Error Message: Failed executing database query
Date/Time: 2019-03-05 16:00:54
Query: select job_id from sob_jobs
mysqli Error: Table 'sobhanso_qd.sob_jobs' doesn't exist
---------
mysqli Query Error
	Error Message: Failed executing database query
Date/Time: 2019-03-05 16:00:54
Query: select job_id from sob_jobs
mysqli Error: Table 'sobhanso_qd.sob_jobs' doesn't exist
---------
mysqli Query Error
	Error Message: Failed executing database query
Date/Time: 2019-03-05 16:00:54
Query: select job_id from sob_jobs
mysqli Error: Table 'sobhanso_qd.sob_jobs' doesn't exist
---------
mysqli Query Error
	Error Message: Failed executing database query
Date/Time: 2019-03-05 16:00:54
Query: select job_id from sob_jobs
mysqli Error: Table 'sobhanso_qd.sob_jobs' doesn't exist
---------
mysqli Query Error
	Error Message: Failed executing database query
Date/Time: 2019-03-05 16:00:54
Query: select job_id from sob_jobs
mysqli Error: Table 'sobhanso_qd.sob_jobs' doesn't exist
---------
mysqli Query Error
	Error Message: Failed executing database query
Date/Time: 2019-03-05 16:00:54
Query: select job_id from sob_jobs
mysqli Error: Table 'sobhanso_qd.sob_jobs' doesn't exist
---------
mysqli Query Error
	Error Message: Failed executing database query
Date/Time: 2019-03-05 16:00:54
Query: select job_id from sob_jobs
mysqli Error: Table 'sobhanso_qd.sob_jobs' doesn't exist
---------
mysqli Query Error
	Error Message: Failed executing database query
Date/Time: 2019-03-05 16:00:54
Query: select job_id from sob_jobs
mysqli Error: Table 'sobhanso_qd.sob_jobs' doesn't exist
---------
mysqli Query Error
	Error Message: Failed executing database query
Date/Time: 2019-03-05 16:00:54
Query: select job_id from sob_jobs
mysqli Error: Table 'sobhanso_qd.sob_jobs' doesn't exist
---------
mysqli Query Error
	Error Message: Failed executing database query
Date/Time: 2019-03-05 16:00:53
Query: select job_id from sob_jobs
mysqli Error: Table 'sobhanso_qd.sob_jobs' doesn't exist
---------
mysqli Query Error
	Error Message: Failed executing database query
Date/Time: 2019-03-05 16:00:53
Query: select job_id from sob_jobs
mysqli Error: Table 'sobhanso_qd.sob_jobs' doesn't exist
---------
mysqli Query Error
	Error Message: Failed executing database query
Date/Time: 2019-03-05 16:00:53
Query: select job_id from sob_jobs
mysqli Error: Table 'sobhanso_qd.sob_jobs' doesn't exist
---------
mysqli Query Error
	Error Message: Failed executing database query
Date/Time: 2019-03-05 16:00:53
Query: select job_id from sob_jobs
mysqli Error: Table 'sobhanso_qd.sob_jobs' doesn't exist
---------
mysqli Query Error
	Error Message: Failed executing database query
Date/Time: 2019-03-05 16:00:53
Query: select job_id from sob_jobs
mysqli Error: Table 'sobhanso_qd.sob_jobs' doesn't exist
---------
mysqli Query Error
	Error Message: Failed executing database query
Date/Time: 2019-03-05 16:00:53
Query: select job_id from sob_jobs
mysqli Error: Table 'sobhanso_qd.sob_jobs' doesn't exist
---------
mysqli Query Error
	Error Message: Failed executing database query
Date/Time: 2019-03-05 16:00:53
Query: select job_id from sob_jobs
mysqli Error: Table 'sobhanso_qd.sob_jobs' doesn't exist
---------
mysqli Query Error
	Error Message: Failed executing database query
Date/Time: 2019-03-05 16:00:53
Query: select job_id from sob_jobs
mysqli Error: Table 'sobhanso_qd.sob_jobs' doesn't exist
---------
mysqli Query Error
	Error Message: Failed executing database query
Date/Time: 2019-03-05 16:00:52
Query: select job_id from sob_jobs
mysqli Error: Table 'sobhanso_qd.sob_jobs' doesn't exist
---------
mysqli Query Error
	Error Message: Failed executing database query
Date/Time: 2019-03-05 16:00:52
Query: select job_id from sob_jobs
mysqli Error: Table 'sobhanso_qd.sob_jobs' doesn't exist
---------
mysqli Query Error
	Error Message: Failed executing database query
Date/Time: 2019-03-05 16:00:52
Query: select job_id from sob_jobs
mysqli Error: Table 'sobhanso_qd.sob_jobs' doesn't exist
---------
mysqli Query Error
	Error Message: Failed executing database query
Date/Time: 2019-03-05 16:00:52
Query: select job_id from sob_jobs
mysqli Error: Table 'sobhanso_qd.sob_jobs' doesn't exist
---------
mysqli Query Error
	Error Message: Failed executing database query
Date/Time: 2019-03-05 16:00:52
Query: select job_id from sob_jobs
mysqli Error: Table 'sobhanso_qd.sob_jobs' doesn't exist
---------
mysqli Query Error
	Error Message: Failed executing database query
Date/Time: 2019-03-05 16:00:52
Query: select job_id from sob_jobs
mysqli Error: Table 'sobhanso_qd.sob_jobs' doesn't exist
---------
mysqli Query Error
	Error Message: Failed executing database query
Date/Time: 2019-03-05 16:00:52
Query: select job_id from sob_jobs
mysqli Error: Table 'sobhanso_qd.sob_jobs' doesn't exist
---------
mysqli Query Error
	Error Message: Failed executing database query
Date/Time: 2019-03-05 16:00:52
Query: select job_id from sob_jobs
mysqli Error: Table 'sobhanso_qd.sob_jobs' doesn't exist
---------
mysqli Query Error
	Error Message: Failed executing database query
Date/Time: 2019-03-05 16:00:51
Query: select job_id from sob_jobs
mysqli Error: Table 'sobhanso_qd.sob_jobs' doesn't exist
---------
mysqli Query Error
	Error Message: Failed executing database query
Date/Time: 2019-03-05 16:00:51
Query: select job_id from sob_jobs
mysqli Error: Table 'sobhanso_qd.sob_jobs' doesn't exist
---------
mysqli Query Error
	Error Message: Failed executing database query
Date/Time: 2019-03-04 07:54:53
Query: select job_id from sob_jobs
mysqli Error: Table 'sobhanso_qd.sob_jobs' doesn't exist
---------
mysqli Query Error
	Error Message: Failed executing database query
Date/Time: 2019-03-04 07:54:53
Query: select job_id from sob_jobs
mysqli Error: Table 'sobhanso_qd.sob_jobs' doesn't exist
---------
mysqli Query Error
	Error Message: Failed executing database query
Date/Time: 2019-03-04 07:54:53
Query: select job_id from sob_jobs
mysqli Error: Table 'sobhanso_qd.sob_jobs' doesn't exist
---------
mysqli Query Error
	Error Message: Failed executing database query
Date/Time: 2019-03-04 07:54:53
Query: select job_id from sob_jobs
mysqli Error: Table 'sobhanso_qd.sob_jobs' doesn't exist
---------
mysqli Query Error
	Error Message: Failed executing database query
Date/Time: 2019-03-04 07:54:53
Query: select job_id from sob_jobs
mysqli Error: Table 'sobhanso_qd.sob_jobs' doesn't exist
---------
mysqli Query Error
	Error Message: Failed executing database query
Date/Time: 2019-03-04 07:54:53
Query: select job_id from sob_jobs
mysqli Error: Table 'sobhanso_qd.sob_jobs' doesn't exist
---------
mysqli Query Error
	Error Message: Failed executing database query
Date/Time: 2019-03-04 07:54:53
Query: select job_id from sob_jobs
mysqli Error: Table 'sobhanso_qd.sob_jobs' doesn't exist
---------
mysqli Query Error
	Error Message: Failed executing database query
Date/Time: 2019-03-04 07:54:53
Query: select job_id from sob_jobs
mysqli Error: Table 'sobhanso_qd.sob_jobs' doesn't exist
---------
mysqli Query Error
	Error Message: Failed executing database query
Date/Time: 2019-03-04 07:54:52
Query: select job_id from sob_jobs
mysqli Error: Table 'sobhanso_qd.sob_jobs' doesn't exist
---------
mysqli Query Error
	Error Message: Failed executing database query
Date/Time: 2019-03-04 07:54:52
Query: select job_id from sob_jobs
mysqli Error: Table 'sobhanso_qd.sob_jobs' doesn't exist
---------
mysqli Query Error
	Error Message: Failed executing database query
Date/Time: 2019-03-04 01:09:25
Query: select job_id from sob_jobs
mysqli Error: Table 'sobhanso_qd.sob_jobs' doesn't exist
---------
mysqli Query Error
	Error Message: Failed executing database query
Date/Time: 2019-03-04 01:09:25
Query: select job_id from sob_jobs
mysqli Error: Table 'sobhanso_qd.sob_jobs' doesn't exist
---------
mysqli Query Error
	Error Message: Failed executing database query
Date/Time: 2019-03-04 01:09:25
Query: select job_id from sob_jobs
mysqli Error: Table 'sobhanso_qd.sob_jobs' doesn't exist
---------
mysqli Query Error
	Error Message: Failed executing database query
Date/Time: 2019-03-04 01:09:25
Query: select job_id from sob_jobs
mysqli Error: Table 'sobhanso_qd.sob_jobs' doesn't exist
---------
mysqli Query Error
	Error Message: Failed executing database query
Date/Time: 2019-03-04 01:09:25
Query: select job_id from sob_jobs
mysqli Error: Table 'sobhanso_qd.sob_jobs' doesn't exist
---------
mysqli Query Error
	Error Message: Failed executing database query
Date/Time: 2019-03-04 01:09:25
Query: select job_id from sob_jobs
mysqli Error: Table 'sobhanso_qd.sob_jobs' doesn't exist
---------
mysqli Query Error
	Error Message: Failed executing database query
Date/Time: 2019-03-04 01:09:25
Query: select job_id from sob_jobs
mysqli Error: Table 'sobhanso_qd.sob_jobs' doesn't exist
---------
mysqli Query Error
	Error Message: Failed executing database query
Date/Time: 2019-03-04 01:09:25
Query: select job_id from sob_jobs
mysqli Error: Table 'sobhanso_qd.sob_jobs' doesn't exist
---------
mysqli Query Error
	Error Message: Failed executing database query
Date/Time: 2019-03-04 01:09:24
Query: select job_id from sob_jobs
mysqli Error: Table 'sobhanso_qd.sob_jobs' doesn't exist
---------
mysqli Query Error
	Error Message: Failed executing database query
Date/Time: 2019-03-04 01:09:24
Query: select job_id from sob_jobs
mysqli Error: Table 'sobhanso_qd.sob_jobs' doesn't exist
---------
mysqli Query Error
	Error Message: Failed executing database query
Date/Time: 2019-03-03 16:56:24
Query: select job_id from sob_jobs
mysqli Error: Table 'sobhanso_qd.sob_jobs' doesn't exist
---------
mysqli Query Error
	Error Message: Failed executing database query
Date/Time: 2019-03-03 16:56:24
Query: select job_id from sob_jobs
mysqli Error: Table 'sobhanso_qd.sob_jobs' doesn't exist
---------
mysqli Query Error
	Error Message: Failed executing database query
Date/Time: 2019-03-03 15:09:59
Query: select job_id from sob_jobs
mysqli Error: Table 'sobhanso_qd.sob_jobs' doesn't exist
---------
mysqli Query Error
	Error Message: Failed executing database query
Date/Time: 2019-03-03 15:09:59
Query: select job_id from sob_jobs
mysqli Error: Table 'sobhanso_qd.sob_jobs' doesn't exist
---------
mysqli Query Error
	Error Message: Failed executing database query
Date/Time: 2019-03-03 15:09:59
Query: select job_id from sob_jobs
mysqli Error: Table 'sobhanso_qd.sob_jobs' doesn't exist
---------
mysqli Query Error
	Error Message: Failed executing database query
Date/Time: 2019-03-03 15:09:59
Query: select job_id from sob_jobs
mysqli Error: Table 'sobhanso_qd.sob_jobs' doesn't exist
---------
mysqli Query Error
	Error Message: Failed executing database query
Date/Time: 2019-03-03 15:09:59
Query: select job_id from sob_jobs
mysqli Error: Table 'sobhanso_qd.sob_jobs' doesn't exist
---------
mysqli Query Error
	Error Message: Failed executing database query
Date/Time: 2019-03-03 15:09:59
Query: select job_id from sob_jobs
mysqli Error: Table 'sobhanso_qd.sob_jobs' doesn't exist
---------
mysqli Query Error
	Error Message: Failed executing database query
Date/Time: 2019-03-03 15:09:59
Query: select job_id from sob_jobs
mysqli Error: Table 'sobhanso_qd.sob_jobs' doesn't exist
---------
mysqli Query Error
	Error Message: Failed executing database query
Date/Time: 2019-03-03 15:09:59
Query: select job_id from sob_jobs
mysqli Error: Table 'sobhanso_qd.sob_jobs' doesn't exist
---------
mysqli Query Error
	Error Message: Failed executing database query
Date/Time: 2019-03-03 15:09:58
Query: select job_id from sob_jobs
mysqli Error: Table 'sobhanso_qd.sob_jobs' doesn't exist
---------
mysqli Query Error
	Error Message: Failed executing database query
Date/Time: 2019-03-03 15:09:58
Query: select job_id from sob_jobs
mysqli Error: Table 'sobhanso_qd.sob_jobs' doesn't exist
---------
mysqli Query Error
	Error Message: Failed executing database query
Date/Time: 2019-03-02 23:03:05
Query: select job_id from sob_jobs
mysqli Error: Table 'sobhanso_qd.sob_jobs' doesn't exist
---------
mysqli Query Error
	Error Message: Failed executing database query
Date/Time: 2019-03-02 23:03:05
Query: select job_id from sob_jobs
mysqli Error: Table 'sobhanso_qd.sob_jobs' doesn't exist
---------
mysqli Query Error
	Error Message: Failed executing database query
Date/Time: 2019-02-28 01:24:56
Query: select job_id from sob_jobs
mysqli Error: Table 'sobhanso_qd.sob_jobs' doesn't exist
---------
mysqli Query Error
	Error Message: Failed executing database query
Date/Time: 2019-02-28 01:24:56
Query: select job_id from sob_jobs
mysqli Error: Table 'sobhanso_qd.sob_jobs' doesn't exist
---------
mysqli Query Error
	Error Message: Failed executing database query
Date/Time: 2019-02-27 21:51:32
Query: select job_id from sob_jobs
mysqli Error: Table 'sobhanso_qd.sob_jobs' doesn't exist
---------
mysqli Query Error
	Error Message: Failed executing database query
Date/Time: 2019-02-27 21:51:32
Query: select job_id from sob_jobs
mysqli Error: Table 'sobhanso_qd.sob_jobs' doesn't exist
---------
mysqli Query Error
	Error Message: Failed executing database query
Date/Time: 2019-02-23 03:47:42
Query: select job_id from sob_jobs
mysqli Error: Table 'sobhanso_qd.sob_jobs' doesn't exist
---------
mysqli Query Error
	Error Message: Failed executing database query
Date/Time: 2019-02-23 03:47:42
Query: select job_id from sob_jobs
mysqli Error: Table 'sobhanso_qd.sob_jobs' doesn't exist
---------
mysqli Query Error
	Error Message: Failed executing database query
Date/Time: 2019-02-21 14:13:38
Query: select job_id from sob_jobs
mysqli Error: Table 'sobhanso_qd.sob_jobs' doesn't exist
---------
mysqli Query Error
	Error Message: Failed executing database query
Date/Time: 2019-02-21 14:13:38
Query: select job_id from sob_jobs
mysqli Error: Table 'sobhanso_qd.sob_jobs' doesn't exist
---------
mysqli Query Error
	Error Message: Failed executing database query
Date/Time: 2019-02-20 18:24:45
Query: select job_id from sob_jobs
mysqli Error: Table 'sobhanso_qd.sob_jobs' doesn't exist
---------
mysqli Query Error
	Error Message: Failed executing database query
Date/Time: 2019-02-20 18:24:45
Query: select job_id from sob_jobs
mysqli Error: Table 'sobhanso_qd.sob_jobs' doesn't exist
---------
mysqli Query Error
	Error Message: Failed executing database query
Date/Time: 2019-02-20 00:28:51
Query: select job_id from sob_jobs
mysqli Error: Table 'sobhanso_qd.sob_jobs' doesn't exist
---------
mysqli Query Error
	Error Message: Failed executing database query
Date/Time: 2019-02-20 00:28:51
Query: select job_id from sob_jobs
mysqli Error: Table 'sobhanso_qd.sob_jobs' doesn't exist
---------
mysqli Query Error
	Error Message: Failed executing database query
Date/Time: 2019-02-18 20:21:41
Query: select job_id from sob_jobs
mysqli Error: Table 'sobhanso_qd.sob_jobs' doesn't exist
---------
mysqli Query Error
	Error Message: Failed executing database query
Date/Time: 2019-02-18 20:21:41
Query: select job_id from sob_jobs
mysqli Error: Table 'sobhanso_qd.sob_jobs' doesn't exist
---------
mysqli Query Error
	Error Message: Failed executing database query
Date/Time: 2019-02-16 15:38:56
Query: select job_id from sob_jobs
mysqli Error: Table 'sobhanso_qd.sob_jobs' doesn't exist
---------
mysqli Query Error
	Error Message: Failed executing database query
Date/Time: 2019-02-16 15:38:56
Query: select job_id from sob_jobs
mysqli Error: Table 'sobhanso_qd.sob_jobs' doesn't exist
---------
mysqli Query Error
	Error Message: Failed executing database query
Date/Time: 2019-02-16 07:43:16
Query: select job_id from sob_jobs
mysqli Error: Table 'sobhanso_qd.sob_jobs' doesn't exist
---------
mysqli Query Error
	Error Message: Failed executing database query
Date/Time: 2019-02-16 07:43:16
Query: select job_id from sob_jobs
mysqli Error: Table 'sobhanso_qd.sob_jobs' doesn't exist
---------
mysqli Query Error
	Error Message: Failed executing database query
Date/Time: 2019-02-16 07:43:15
Query: select job_id from sob_jobs
mysqli Error: Table 'sobhanso_qd.sob_jobs' doesn't exist
---------
mysqli Query Error
	Error Message: Failed executing database query
Date/Time: 2019-02-16 07:43:15
Query: select job_id from sob_jobs
mysqli Error: Table 'sobhanso_qd.sob_jobs' doesn't exist
---------
mysqli Query Error
	Error Message: Failed executing database query
Date/Time: 2019-02-16 07:43:15
Query: select job_id from sob_jobs
mysqli Error: Table 'sobhanso_qd.sob_jobs' doesn't exist
---------
mysqli Query Error
	Error Message: Failed executing database query
Date/Time: 2019-02-16 07:43:15
Query: select job_id from sob_jobs
mysqli Error: Table 'sobhanso_qd.sob_jobs' doesn't exist
---------
mysqli Query Error
	Error Message: Failed executing database query
Date/Time: 2019-02-16 07:43:14
Query: select job_id from sob_jobs
mysqli Error: Table 'sobhanso_qd.sob_jobs' doesn't exist
---------
mysqli Query Error
	Error Message: Failed executing database query
Date/Time: 2019-02-16 07:43:14
Query: select job_id from sob_jobs
mysqli Error: Table 'sobhanso_qd.sob_jobs' doesn't exist
---------
mysqli Query Error
	Error Message: Failed executing database query
Date/Time: 2019-02-16 07:43:13
Query: select job_id from sob_jobs
mysqli Error: Table 'sobhanso_qd.sob_jobs' doesn't exist
---------
mysqli Query Error
	Error Message: Failed executing database query
Date/Time: 2019-02-16 07:43:13
Query: select job_id from sob_jobs
mysqli Error: Table 'sobhanso_qd.sob_jobs' doesn't exist
---------
mysqli Query Error
	Error Message: Failed executing database query
Date/Time: 2019-02-15 05:19:52
Query: select job_id from sob_jobs
mysqli Error: Table 'sobhanso_qd.sob_jobs' doesn't exist
---------
mysqli Query Error
	Error Message: Failed executing database query
Date/Time: 2019-02-15 05:19:52
Query: select job_id from sob_jobs
mysqli Error: Table 'sobhanso_qd.sob_jobs' doesn't exist
---------
mysqli Query Error
	Error Message: Failed executing database query
Date/Time: 2019-02-14 23:44:09
Query: select job_id from sob_jobs
mysqli Error: Table 'sobhanso_qd.sob_jobs' doesn't exist
---------
mysqli Query Error
	Error Message: Failed executing database query
Date/Time: 2019-02-14 23:44:09
Query: select job_id from sob_jobs
mysqli Error: Table 'sobhanso_qd.sob_jobs' doesn't exist
---------
mysqli Query Error
	Error Message: Failed executing database query
Date/Time: 2019-02-14 12:50:43
Query: select job_id from sob_jobs
mysqli Error: Table 'sobhanso_qd.sob_jobs' doesn't exist
---------
mysqli Query Error
	Error Message: Failed executing database query
Date/Time: 2019-02-14 12:50:43
Query: select job_id from sob_jobs
mysqli Error: Table 'sobhanso_qd.sob_jobs' doesn't exist
---------
mysqli Query Error
	Error Message: Failed executing database query
Date/Time: 2019-02-11 18:44:52
Query: select job_id from sob_jobs
mysqli Error: Table 'sobhanso_qd.sob_jobs' doesn't exist
---------
mysqli Query Error
	Error Message: Failed executing database query
Date/Time: 2019-02-11 18:44:52
Query: select job_id from sob_jobs
mysqli Error: Table 'sobhanso_qd.sob_jobs' doesn't exist
---------
mysqli Query Error
	Error Message: Failed executing database query
Date/Time: 2019-02-11 18:44:48
Query: select job_id from sob_jobs
mysqli Error: Table 'sobhanso_qd.sob_jobs' doesn't exist
---------
mysqli Query Error
	Error Message: Failed executing database query
Date/Time: 2019-02-11 18:44:48
Query: select job_id from sob_jobs
mysqli Error: Table 'sobhanso_qd.sob_jobs' doesn't exist
---------
mysqli Query Error
	Error Message: Failed executing database query
Date/Time: 2019-02-11 18:44:44
Query: select job_id from sob_jobs
mysqli Error: Table 'sobhanso_qd.sob_jobs' doesn't exist
---------
mysqli Query Error
	Error Message: Failed executing database query
Date/Time: 2019-02-11 18:44:44
Query: select job_id from sob_jobs
mysqli Error: Table 'sobhanso_qd.sob_jobs' doesn't exist
---------
mysqli Query Error
	Error Message: Failed executing database query
Date/Time: 2019-02-11 18:44:41
Query: select job_id from sob_jobs
mysqli Error: Table 'sobhanso_qd.sob_jobs' doesn't exist
---------
mysqli Query Error
	Error Message: Failed executing database query
Date/Time: 2019-02-11 18:44:41
Query: select job_id from sob_jobs
mysqli Error: Table 'sobhanso_qd.sob_jobs' doesn't exist
---------
mysqli Query Error
	Error Message: Failed executing database query
Date/Time: 2019-02-11 18:44:35
Query: select job_id from sob_jobs
mysqli Error: Table 'sobhanso_qd.sob_jobs' doesn't exist
---------
mysqli Query Error
	Error Message: Failed executing database query
Date/Time: 2019-02-11 18:44:35
Query: select job_id from sob_jobs
mysqli Error: Table 'sobhanso_qd.sob_jobs' doesn't exist
---------
mysqli Query Error
	Error Message: Failed executing database query
Date/Time: 2019-02-09 18:30:34
Query: select job_id from sob_jobs
mysqli Error: Table 'sobhanso_qd.sob_jobs' doesn't exist
---------
mysqli Query Error
	Error Message: Failed executing database query
Date/Time: 2019-02-09 18:30:34
Query: select job_id from sob_jobs
mysqli Error: Table 'sobhanso_qd.sob_jobs' doesn't exist
---------
mysqli Query Error
	Error Message: Failed executing database query
Date/Time: 2019-02-09 17:22:49
Query: select job_id from sob_jobs
mysqli Error: Table 'sobhanso_qd.sob_jobs' doesn't exist
---------
mysqli Query Error
	Error Message: Failed executing database query
Date/Time: 2019-02-09 17:22:49
Query: select job_id from sob_jobs
mysqli Error: Table 'sobhanso_qd.sob_jobs' doesn't exist
---------
mysqli Query Error
	Error Message: Failed executing database query
Date/Time: 2019-02-09 17:22:48
Query: select job_id from sob_jobs
mysqli Error: Table 'sobhanso_qd.sob_jobs' doesn't exist
---------
mysqli Query Error
	Error Message: Failed executing database query
Date/Time: 2019-02-09 17:22:48
Query: select job_id from sob_jobs
mysqli Error: Table 'sobhanso_qd.sob_jobs' doesn't exist
---------
mysqli Query Error
	Error Message: Failed executing database query
Date/Time: 2019-02-09 17:22:46
Query: select job_id from sob_jobs
mysqli Error: Table 'sobhanso_qd.sob_jobs' doesn't exist
---------
mysqli Query Error
	Error Message: Failed executing database query
Date/Time: 2019-02-09 17:22:46
Query: select job_id from sob_jobs
mysqli Error: Table 'sobhanso_qd.sob_jobs' doesn't exist
---------
mysqli Query Error
	Error Message: Failed executing database query
Date/Time: 2019-02-09 17:22:43
Query: select job_id from sob_jobs
mysqli Error: Table 'sobhanso_qd.sob_jobs' doesn't exist
---------
mysqli Query Error
	Error Message: Failed executing database query
Date/Time: 2019-02-09 17:22:43
Query: select job_id from sob_jobs
mysqli Error: Table 'sobhanso_qd.sob_jobs' doesn't exist
---------
mysqli Query Error
	Error Message: Failed executing database query
Date/Time: 2019-02-09 17:22:41
Query: select job_id from sob_jobs
mysqli Error: Table 'sobhanso_qd.sob_jobs' doesn't exist
---------
mysqli Query Error
	Error Message: Failed executing database query
Date/Time: 2019-02-09 17:22:41
Query: select job_id from sob_jobs
mysqli Error: Table 'sobhanso_qd.sob_jobs' doesn't exist
---------
mysqli Query Error
	Error Message: Failed executing database query
Date/Time: 2019-02-08 04:14:47
Query: select job_id from sob_jobs
mysqli Error: Table 'sobhanso_qd.sob_jobs' doesn't exist
---------
mysqli Query Error
	Error Message: Failed executing database query
Date/Time: 2019-02-08 04:14:47
Query: select job_id from sob_jobs
mysqli Error: Table 'sobhanso_qd.sob_jobs' doesn't exist
---------
mysqli Query Error
	Error Message: Failed executing database query
Date/Time: 2019-02-08 00:59:09
Query: select job_id from sob_jobs
mysqli Error: Table 'sobhanso_qd.sob_jobs' doesn't exist
---------
mysqli Query Error
	Error Message: Failed executing database query
Date/Time: 2019-02-08 00:59:09
Query: select job_id from sob_jobs
mysqli Error: Table 'sobhanso_qd.sob_jobs' doesn't exist
---------
mysqli Query Error
	Error Message: Failed executing database query
Date/Time: 2019-02-07 12:51:14
Query: select job_id from sob_jobs
mysqli Error: Table 'sobhanso_qd.sob_jobs' doesn't exist
---------
mysqli Query Error
	Error Message: Failed executing database query
Date/Time: 2019-02-07 12:51:14
Query: select job_id from sob_jobs
mysqli Error: Table 'sobhanso_qd.sob_jobs' doesn't exist
---------
mysqli Query Error
	Error Message: Failed executing database query
Date/Time: 2019-02-03 03:31:13
Query: select job_id from sob_jobs
mysqli Error: Table 'sobhanso_qd.sob_jobs' doesn't exist
---------
mysqli Query Error
	Error Message: Failed executing database query
Date/Time: 2019-02-03 03:31:13
Query: select job_id from sob_jobs
mysqli Error: Table 'sobhanso_qd.sob_jobs' doesn't exist
---------
mysqli Query Error
	Error Message: Failed executing database query
Date/Time: 2019-02-02 12:13:26
Query: select job_id from sob_jobs
mysqli Error: Table 'sobhanso_qd.sob_jobs' doesn't exist
---------
mysqli Query Error
	Error Message: Failed executing database query
Date/Time: 2019-02-02 12:13:26
Query: select job_id from sob_jobs
mysqli Error: Table 'sobhanso_qd.sob_jobs' doesn't exist
---------
mysqli Query Error
	Error Message: Failed executing database query
Date/Time: 2019-01-30 04:14:58
Query: select job_id from sob_jobs
mysqli Error: Table 'sobhanso_qd.sob_jobs' doesn't exist
---------
mysqli Query Error
	Error Message: Failed executing database query
Date/Time: 2019-01-30 04:14:58
Query: select job_id from sob_jobs
mysqli Error: Table 'sobhanso_qd.sob_jobs' doesn't exist
---------
mysqli Query Error
	Error Message: Failed executing database query
Date/Time: 2019-01-30 04:14:57
Query: select job_id from sob_jobs
mysqli Error: Table 'sobhanso_qd.sob_jobs' doesn't exist
---------
mysqli Query Error
	Error Message: Failed executing database query
Date/Time: 2019-01-30 04:14:57
Query: select job_id from sob_jobs
mysqli Error: Table 'sobhanso_qd.sob_jobs' doesn't exist
---------
mysqli Query Error
	Error Message: Failed executing database query
Date/Time: 2019-01-30 04:14:57
Query: select job_id from sob_jobs
mysqli Error: Table 'sobhanso_qd.sob_jobs' doesn't exist
---------
mysqli Query Error
	Error Message: Failed executing database query
Date/Time: 2019-01-30 04:14:57
Query: select job_id from sob_jobs
mysqli Error: Table 'sobhanso_qd.sob_jobs' doesn't exist
---------
mysqli Query Error
	Error Message: Failed executing database query
Date/Time: 2019-01-30 04:14:56
Query: select job_id from sob_jobs
mysqli Error: Table 'sobhanso_qd.sob_jobs' doesn't exist
---------
mysqli Query Error
	Error Message: Failed executing database query
Date/Time: 2019-01-30 04:14:56
Query: select job_id from sob_jobs
mysqli Error: Table 'sobhanso_qd.sob_jobs' doesn't exist
---------
mysqli Query Error
	Error Message: Failed executing database query
Date/Time: 2019-01-30 04:14:54
Query: select job_id from sob_jobs
mysqli Error: Table 'sobhanso_qd.sob_jobs' doesn't exist
---------
mysqli Query Error
	Error Message: Failed executing database query
Date/Time: 2019-01-30 04:14:54
Query: select job_id from sob_jobs
mysqli Error: Table 'sobhanso_qd.sob_jobs' doesn't exist
---------
mysqli Query Error
	Error Message: Failed executing database query
Date/Time: 2019-01-30 04:14:50
Query: select job_id from sob_jobs
mysqli Error: Table 'sobhanso_qd.sob_jobs' doesn't exist
---------
mysqli Query Error
	Error Message: Failed executing database query
Date/Time: 2019-01-30 04:14:50
Query: select job_id from sob_jobs
mysqli Error: Table 'sobhanso_qd.sob_jobs' doesn't exist
---------
mysqli Query Error
	Error Message: Failed executing database query
Date/Time: 2019-01-30 04:13:24
Query: select job_id from sob_jobs
mysqli Error: Table 'sobhanso_qd.sob_jobs' doesn't exist
---------
mysqli Query Error
	Error Message: Failed executing database query
Date/Time: 2019-01-30 04:13:24
Query: select job_id from sob_jobs
mysqli Error: Table 'sobhanso_qd.sob_jobs' doesn't exist
---------
mysqli Query Error
	Error Message: Failed executing database query
Date/Time: 2019-01-30 04:13:22
Query: select job_id from sob_jobs
mysqli Error: Table 'sobhanso_qd.sob_jobs' doesn't exist
---------
mysqli Query Error
	Error Message: Failed executing database query
Date/Time: 2019-01-30 04:13:22
Query: select job_id from sob_jobs
mysqli Error: Table 'sobhanso_qd.sob_jobs' doesn't exist
---------
mysqli Query Error
	Error Message: Failed executing database query
Date/Time: 2019-01-30 04:13:21
Query: select job_id from sob_jobs
mysqli Error: Table 'sobhanso_qd.sob_jobs' doesn't exist
---------
mysqli Query Error
	Error Message: Failed executing database query
Date/Time: 2019-01-30 04:13:21
Query: select job_id from sob_jobs
mysqli Error: Table 'sobhanso_qd.sob_jobs' doesn't exist
---------
mysqli Query Error
	Error Message: Failed executing database query
Date/Time: 2019-01-30 04:13:17
Query: select job_id from sob_jobs
mysqli Error: Table 'sobhanso_qd.sob_jobs' doesn't exist
---------
mysqli Query Error
	Error Message: Failed executing database query
Date/Time: 2019-01-30 04:13:17
Query: select job_id from sob_jobs
mysqli Error: Table 'sobhanso_qd.sob_jobs' doesn't exist
---------
mysqli Query Error
	Error Message: Failed executing database query
Date/Time: 2019-01-30 04:13:15
Query: select job_id from sob_jobs
mysqli Error: Table 'sobhanso_qd.sob_jobs' doesn't exist
---------
mysqli Query Error
	Error Message: Failed executing database query
Date/Time: 2019-01-30 04:13:15
Query: select job_id from sob_jobs
mysqli Error: Table 'sobhanso_qd.sob_jobs' doesn't exist
---------
mysqli Query Error
	Error Message: Failed executing database query
Date/Time: 2019-01-30 04:13:11
Query: select job_id from sob_jobs
mysqli Error: Table 'sobhanso_qd.sob_jobs' doesn't exist
---------
mysqli Query Error
	Error Message: Failed executing database query
Date/Time: 2019-01-30 04:13:11
Query: select job_id from sob_jobs
mysqli Error: Table 'sobhanso_qd.sob_jobs' doesn't exist
---------
mysqli Query Error
	Error Message: Failed executing database query
Date/Time: 2019-01-30 04:13:11
Query: select job_id from sob_jobs
mysqli Error: Table 'sobhanso_qd.sob_jobs' doesn't exist
---------
mysqli Query Error
	Error Message: Failed executing database query
Date/Time: 2019-01-29 03:18:40
Query: select job_id from sob_jobs
mysqli Error: Table 'sobhanso_qd.sob_jobs' doesn't exist
---------
mysqli Query Error
	Error Message: Failed executing database query
Date/Time: 2019-01-29 03:18:40
Query: select job_id from sob_jobs
mysqli Error: Table 'sobhanso_qd.sob_jobs' doesn't exist
---------
mysqli Query Error
	Error Message: Failed executing database query
Date/Time: 2019-01-28 13:21:39
Query: select job_id from sob_jobs
mysqli Error: Table 'sobhanso_qd.sob_jobs' doesn't exist
---------
mysqli Query Error
	Error Message: Failed executing database query
Date/Time: 2019-01-28 13:21:39
Query: select job_id from sob_jobs
mysqli Error: Table 'sobhanso_qd.sob_jobs' doesn't exist
---------
mysqli Query Error
	Error Message: Failed executing database query
Date/Time: 2019-01-28 13:21:38
Query: select job_id from sob_jobs
mysqli Error: Table 'sobhanso_qd.sob_jobs' doesn't exist
---------
mysqli Query Error
	Error Message: Failed executing database query
Date/Time: 2019-01-28 13:21:38
Query: select job_id from sob_jobs
mysqli Error: Table 'sobhanso_qd.sob_jobs' doesn't exist
---------
mysqli Query Error
	Error Message: Failed executing database query
Date/Time: 2019-01-28 13:13:29
Query: select job_id from sob_jobs
mysqli Error: Table 'sobhanso_qd.sob_jobs' doesn't exist
---------
mysqli Query Error
	Error Message: Failed executing database query
Date/Time: 2019-01-28 13:13:29
Query: select job_id from sob_jobs
mysqli Error: Table 'sobhanso_qd.sob_jobs' doesn't exist
---------
mysqli Query Error
	Error Message: Failed executing database query
Date/Time: 2019-01-28 13:13:28
Query: select job_id from sob_jobs
mysqli Error: Table 'sobhanso_qd.sob_jobs' doesn't exist
---------
mysqli Query Error
	Error Message: Failed executing database query
Date/Time: 2019-01-28 13:13:28
Query: select job_id from sob_jobs
mysqli Error: Table 'sobhanso_qd.sob_jobs' doesn't exist
---------
mysqli Query Error
	Error Message: Failed executing database query
Date/Time: 2019-01-28 13:11:44
Query: select job_id from sob_jobs
mysqli Error: Table 'sobhanso_qd.sob_jobs' doesn't exist
---------
mysqli Query Error
	Error Message: Failed executing database query
Date/Time: 2019-01-28 13:11:44
Query: select job_id from sob_jobs
mysqli Error: Table 'sobhanso_qd.sob_jobs' doesn't exist
---------
mysqli Query Error
	Error Message: Failed executing database query
Date/Time: 2019-01-28 13:11:35
Query: select job_id from sob_jobs
mysqli Error: Table 'sobhanso_qd.sob_jobs' doesn't exist
---------
mysqli Query Error
	Error Message: Failed executing database query
Date/Time: 2019-01-28 13:11:35
Query: select job_id from sob_jobs
mysqli Error: Table 'sobhanso_qd.sob_jobs' doesn't exist
---------
mysqli Query Error
	Error Message: Failed executing database query
Date/Time: 2019-01-28 13:10:35
Query: select job_id from sob_jobs
mysqli Error: Table 'sobhanso_qd.sob_jobs' doesn't exist
---------
mysqli Query Error
	Error Message: Failed executing database query
Date/Time: 2019-01-28 13:10:35
Query: select job_id from sob_jobs
mysqli Error: Table 'sobhanso_qd.sob_jobs' doesn't exist
---------
mysqli Query Error
	Error Message: Failed executing database query
Date/Time: 2019-01-25 09:51:08
Query: select job_id from sob_jobs
mysqli Error: Table 'sobhanso_qd.sob_jobs' doesn't exist
---------
mysqli Query Error
	Error Message: Failed executing database query
Date/Time: 2019-01-25 09:51:08
Query: select job_id from sob_jobs
mysqli Error: Table 'sobhanso_qd.sob_jobs' doesn't exist
---------
mysqli Query Error
	Error Message: Failed executing database query
Date/Time: 2019-01-25 09:51:06
Query: select job_id from sob_jobs
mysqli Error: Table 'sobhanso_qd.sob_jobs' doesn't exist
---------
mysqli Query Error
	Error Message: Failed executing database query
Date/Time: 2019-01-25 09:51:06
Query: select job_id from sob_jobs
mysqli Error: Table 'sobhanso_qd.sob_jobs' doesn't exist
---------
mysqli Query Error
	Error Message: Failed executing database query
Date/Time: 2019-01-25 09:50:30
Query: select job_id from sob_jobs
mysqli Error: Table 'sobhanso_qd.sob_jobs' doesn't exist
---------
mysqli Query Error
	Error Message: Failed executing database query
Date/Time: 2019-01-25 09:50:30
Query: select job_id from sob_jobs
mysqli Error: Table 'sobhanso_qd.sob_jobs' doesn't exist
---------
mysqli Query Error
	Error Message: Failed executing database query
Date/Time: 2019-01-25 09:50:28
Query: select job_id from sob_jobs
mysqli Error: Table 'sobhanso_qd.sob_jobs' doesn't exist
---------
mysqli Query Error
	Error Message: Failed executing database query
Date/Time: 2019-01-25 09:50:28
Query: select job_id from sob_jobs
mysqli Error: Table 'sobhanso_qd.sob_jobs' doesn't exist
---------
mysqli Query Error
	Error Message: Failed executing database query
Date/Time: 2019-01-22 11:19:02
Query: select job_id from sob_jobs
mysqli Error: Table 'sobhanso_qd.sob_jobs' doesn't exist
---------
mysqli Query Error
	Error Message: Failed executing database query
Date/Time: 2019-01-22 11:19:02
Query: select job_id from sob_jobs
mysqli Error: Table 'sobhanso_qd.sob_jobs' doesn't exist
---------
mysqli Query Error
	Error Message: Failed executing database query
Date/Time: 2019-01-22 11:19:01
Query: select job_id from sob_jobs
mysqli Error: Table 'sobhanso_qd.sob_jobs' doesn't exist
---------
mysqli Query Error
	Error Message: Failed executing database query
Date/Time: 2019-01-22 11:19:01
Query: select job_id from sob_jobs
mysqli Error: Table 'sobhanso_qd.sob_jobs' doesn't exist
---------
mysqli Query Error
	Error Message: Failed executing database query
Date/Time: 2019-01-22 11:17:04
Query: select job_id from sob_jobs
mysqli Error: Table 'sobhanso_qd.sob_jobs' doesn't exist
---------
mysqli Query Error
	Error Message: Failed executing database query
Date/Time: 2019-01-22 11:17:04
Query: select job_id from sob_jobs
mysqli Error: Table 'sobhanso_qd.sob_jobs' doesn't exist
---------
mysqli Query Error
	Error Message: Failed executing database query
Date/Time: 2019-01-22 11:17:04
Query: select job_id from sob_jobs
mysqli Error: Table 'sobhanso_qd.sob_jobs' doesn't exist
---------
mysqli Query Error
	Error Message: Failed executing database query
Date/Time: 2019-01-22 11:17:04
Query: select job_id from sob_jobs
mysqli Error: Table 'sobhanso_qd.sob_jobs' doesn't exist
---------
mysqli Query Error
	Error Message: Failed executing database query
Date/Time: 2019-01-22 11:16:55
Query: select job_id from sob_jobs
mysqli Error: Table 'sobhanso_qd.sob_jobs' doesn't exist
---------
mysqli Query Error
	Error Message: Failed executing database query
Date/Time: 2019-01-22 11:16:55
Query: select job_id from sob_jobs
mysqli Error: Table 'sobhanso_qd.sob_jobs' doesn't exist
---------
mysqli Query Error
	Error Message: Failed executing database query
Date/Time: 2019-01-21 20:36:39
Query: select job_id from sob_jobs
mysqli Error: Table 'sobhanso_qd.sob_jobs' doesn't exist
---------
mysqli Query Error
	Error Message: Failed executing database query
Date/Time: 2019-01-21 20:36:39
Query: select job_id from sob_jobs
mysqli Error: Table 'sobhanso_qd.sob_jobs' doesn't exist
---------
mysqli Query Error
	Error Message: Failed executing database query
Date/Time: 2019-01-21 06:20:59
Query: select job_id from sob_jobs
mysqli Error: Table 'sobhanso_qd.sob_jobs' doesn't exist
---------
mysqli Query Error
	Error Message: Failed executing database query
Date/Time: 2019-01-21 06:20:59
Query: select job_id from sob_jobs
mysqli Error: Table 'sobhanso_qd.sob_jobs' doesn't exist
---------
mysqli Query Error
	Error Message: Failed executing database query
Date/Time: 2019-01-18 15:21:03
Query: select job_id from sob_jobs
mysqli Error: Table 'sobhanso_qd.sob_jobs' doesn't exist
---------
mysqli Query Error
	Error Message: Failed executing database query
Date/Time: 2019-01-18 15:21:03
Query: select job_id from sob_jobs
mysqli Error: Table 'sobhanso_qd.sob_jobs' doesn't exist
---------
mysqli Query Error
	Error Message: Failed executing database query
Date/Time: 2019-01-16 17:49:45
Query: select job_id from sob_jobs
mysqli Error: Table 'sobhanso_qd.sob_jobs' doesn't exist
---------
mysqli Query Error
	Error Message: Failed executing database query
Date/Time: 2019-01-16 17:49:45
Query: select job_id from sob_jobs
mysqli Error: Table 'sobhanso_qd.sob_jobs' doesn't exist
---------
mysqli Query Error
	Error Message: Failed executing database query
Date/Time: 2019-01-15 11:22:34
Query: select job_id from sob_jobs
mysqli Error: Table 'sobhanso_qd.sob_jobs' doesn't exist
---------
mysqli Query Error
	Error Message: Failed executing database query
Date/Time: 2019-01-15 11:22:34
Query: select job_id from sob_jobs
mysqli Error: Table 'sobhanso_qd.sob_jobs' doesn't exist
---------
mysqli Query Error
	Error Message: Failed executing database query
Date/Time: 2019-01-13 18:06:29
Query: select job_id from sob_jobs
mysqli Error: Table 'sobhanso_qd.sob_jobs' doesn't exist
---------
mysqli Query Error
	Error Message: Failed executing database query
Date/Time: 2019-01-13 18:06:29
Query: select job_id from sob_jobs
mysqli Error: Table 'sobhanso_qd.sob_jobs' doesn't exist
---------
mysqli Query Error
	Error Message: Failed executing database query
Date/Time: 2019-01-12 21:17:44
Query: select job_id from sob_jobs
mysqli Error: Table 'sobhanso_qd.sob_jobs' doesn't exist
---------
mysqli Query Error
	Error Message: Failed executing database query
Date/Time: 2019-01-12 21:17:44
Query: select job_id from sob_jobs
mysqli Error: Table 'sobhanso_qd.sob_jobs' doesn't exist
---------
mysqli Query Error
	Error Message: Failed executing database query
Date/Time: 2019-01-11 02:00:44
Query: select job_id from sob_jobs
mysqli Error: Table 'sobhanso_qd.sob_jobs' doesn't exist
---------
mysqli Query Error
	Error Message: Failed executing database query
Date/Time: 2019-01-11 02:00:44
Query: select job_id from sob_jobs
mysqli Error: Table 'sobhanso_qd.sob_jobs' doesn't exist
---------
mysqli Query Error
	Error Message: Failed executing database query
Date/Time: 2019-01-09 18:41:29
Query: select job_id from sob_jobs
mysqli Error: Table 'sobhanso_qd.sob_jobs' doesn't exist
---------
mysqli Query Error
	Error Message: Failed executing database query
Date/Time: 2019-01-09 18:41:29
Query: select job_id from sob_jobs
mysqli Error: Table 'sobhanso_qd.sob_jobs' doesn't exist
---------
mysqli Query Error
	Error Message: Failed executing database query
Date/Time: 2019-01-07 14:52:34
Query: select job_id from sob_jobs
mysqli Error: Table 'sobhanso_qd.sob_jobs' doesn't exist
---------
mysqli Query Error
	Error Message: Failed executing database query
Date/Time: 2019-01-07 14:52:34
Query: select job_id from sob_jobs
mysqli Error: Table 'sobhanso_qd.sob_jobs' doesn't exist
---------
mysqli Query Error
	Error Message: Failed executing database query
Date/Time: 2019-01-06 15:43:45
Query: select job_id from sob_jobs
mysqli Error: Table 'sobhanso_qd.sob_jobs' doesn't exist
---------
mysqli Query Error
	Error Message: Failed executing database query
Date/Time: 2019-01-06 15:43:45
Query: select job_id from sob_jobs
mysqli Error: Table 'sobhanso_qd.sob_jobs' doesn't exist
---------
mysqli Query Error
	Error Message: Failed executing database query
Date/Time: 2019-01-05 20:52:34
Query: select job_id from sob_jobs
mysqli Error: Table 'sobhanso_qd.sob_jobs' doesn't exist
---------
mysqli Query Error
	Error Message: Failed executing database query
Date/Time: 2019-01-05 20:52:34
Query: select job_id from sob_jobs
mysqli Error: Table 'sobhanso_qd.sob_jobs' doesn't exist
---------
mysqli Query Error
	Error Message: Failed executing database query
Date/Time: 2019-01-02 15:30:00
Query: select job_id from sob_jobs
mysqli Error: Table 'sobhanso_qd.sob_jobs' doesn't exist
---------
mysqli Query Error
	Error Message: Failed executing database query
Date/Time: 2019-01-02 15:30:00
Query: select job_id from sob_jobs
mysqli Error: Table 'sobhanso_qd.sob_jobs' doesn't exist
---------
mysqli Query Error
	Error Message: Failed executing database query
Date/Time: 2019-01-02 15:30:00
Query: select job_id from sob_jobs
mysqli Error: Table 'sobhanso_qd.sob_jobs' doesn't exist
---------
mysqli Query Error
	Error Message: Failed executing database query
Date/Time: 2019-01-02 15:30:00
Query: select job_id from sob_jobs
mysqli Error: Table 'sobhanso_qd.sob_jobs' doesn't exist
---------
mysqli Query Error
	Error Message: Failed executing database query
Date/Time: 2019-01-02 10:51:31
Query: select job_id from sob_jobs
mysqli Error: Table 'sobhanso_qd.sob_jobs' doesn't exist
---------
mysqli Query Error
	Error Message: Failed executing database query
Date/Time: 2019-01-02 10:51:31
Query: select job_id from sob_jobs
mysqli Error: Table 'sobhanso_qd.sob_jobs' doesn't exist
---------
mysqli Query Error
	Error Message: Failed executing database query
Date/Time: 2019-01-01 13:57:10
Query: select job_id from sob_jobs
mysqli Error: Table 'sobhanso_qd.sob_jobs' doesn't exist
---------
mysqli Query Error
	Error Message: Failed executing database query
Date/Time: 2019-01-01 13:57:10
Query: select job_id from sob_jobs
mysqli Error: Table 'sobhanso_qd.sob_jobs' doesn't exist
---